Component: ARM Compiler 5.06 update 1 (build 61) Tool: armlink [4d35a8]

==============================================================================

Section Cross References

    main.o(.text) refers to stm32f4xx_hal_rcc.o(.text) for HAL_RCC_OscConfig
    main.o(.text) refers to mail_controller.o(.text) for input_mailbox_id
    main.o(.text) refers to rt_cmsis.o(i.osMailAlloc) for osMailAlloc
    main.o(.text) refers to rt_cmsis.o(i.osMailPut) for osMailPut
    main.o(.text) refers to printfa.o(i.__0printf) for __2printf
    main.o(.text) refers to stm32f4xx_hal_tim.o(.text) for HAL_TIM_Base_Init
    main.o(.text) refers to stm32f4xx_hal_cortex.o(.text) for HAL_NVIC_SetPriority
    main.o(.text) refers to rt_cmsis.o(i.osKernelInitialize) for osKernelInitialize
    main.o(.text) refers to stm32f4xx_hal.o(.text) for HAL_Init
    main.o(.text) refers to led_driver.o(.text) for LED_init_io
    main.o(.text) refers to rt_cmsis.o(i.osKernelStart) for osKernelStart
    main.o(.text) refers to rt_cmsis.o(i.osSignalSet) for osSignalSet
    main.o(.text) refers to rt_cmsis.o(i.osSignalWait) for osSignalWait
    main.o(.text) refers to accelerometer.o(.text) for Rangle
    main.o(.text) refers to rt_cmsis.o(i.osSignalClear) for osSignalClear
    main.o(.text) refers to temperature.o(.text) for getTemp
    main.o(.text) refers to rt_time.o(.data) for os_time
    main.o(.text) refers to main.o(.bss) for .bss
    main.o(.text) refers to main.o(.data) for .data
    main.o(.constdata) refers to main.o(.text) for accelerometer_thread
    main.o(.constdata) refers to main.o(.text) for temperature_thread
    supporting_functions.o(.text) refers to printfa.o(i.__0printf) for __2printf
    led_driver.o(.text) refers to rt_cmsis.o(i.osThreadCreate) for osThreadCreate
    led_driver.o(.text) refers to mail_controller.o(.text) for led_mailbox_id
    led_driver.o(.text) refers to rt_cmsis.o(i.osMailGet) for osMailGet
    led_driver.o(.text) refers to printfa.o(i.__0printf) for __2printf
    led_driver.o(.text) refers to stm32f4xx_hal_gpio.o(.text) for HAL_GPIO_Init
    led_driver.o(.text) refers to led_driver.o(.constdata) for .constdata
    led_driver.o(.text) refers to led_driver.o(.data) for .data
    led_driver.o(.text) refers to led_driver.o(.bss) for .bss
    led_driver.o(.constdata) refers to led_driver.o(.text) for Thread_LED
    mail_controller.o(.text) refers to rt_cmsis.o(i.osMailCreate) for osMailCreate
    mail_controller.o(.text) refers to rt_cmsis.o(i.osMailAlloc) for osMailAlloc
    mail_controller.o(.text) refers to rt_cmsis.o(i.osMailPut) for osMailPut
    mail_controller.o(.text) refers to rt_cmsis.o(i.osThreadCreate) for osThreadCreate
    mail_controller.o(.text) refers to rt_cmsis.o(i.osMailGet) for osMailGet
    mail_controller.o(.text) refers to printfa.o(i.__0printf) for __2printf
    mail_controller.o(.text) refers to rt_cmsis.o(i.osMailFree) for osMailFree
    mail_controller.o(.text) refers to mail_controller.o(.constdata) for .constdata
    mail_controller.o(.text) refers to mail_controller.o(.data) for .data
    mail_controller.o(.constdata) refers to mail_controller.o(.data) for os_mailQ_p_input_mailbox
    mail_controller.o(.constdata) refers to mail_controller.o(.data) for os_mailQ_p_led_mailbox
    mail_controller.o(.constdata) refers to mail_controller.o(.text) for Thread_MAIL_CONTROLLER
    mail_controller.o(.data) refers to mail_controller.o(.bss) for os_mailQ_q_input_mailbox
    mail_controller.o(.data) refers to mail_controller.o(.bss) for os_mailQ_m_input_mailbox
    mail_controller.o(.data) refers to mail_controller.o(.bss) for os_mailQ_q_led_mailbox
    mail_controller.o(.data) refers to mail_controller.o(.bss) for os_mailQ_m_led_mailbox
    accelerometer.o(.text) refers to lis3dsh.o(.text) for LIS3DSH_Init
    accelerometer.o(.text) refers to stm32f4xx_hal_gpio.o(.text) for HAL_GPIO_EXTI_IRQHandler
    accelerometer.o(.text) refers to f2d.o(.text) for __aeabi_f2d
    accelerometer.o(.text) refers to sqrt.o(i.__hardfp_sqrt) for __hardfp_sqrt
    accelerometer.o(.text) refers to ddiv.o(.text) for __aeabi_ddiv
    accelerometer.o(.text) refers to atan.o(i.__hardfp_atan) for __hardfp_atan
    accelerometer.o(.text) refers to dmul.o(.text) for __aeabi_dmul
    accelerometer.o(.text) refers to dadd.o(.text) for __aeabi_dadd
    accelerometer.o(.text) refers to d2f.o(.text) for __aeabi_d2f
    accelerometer.o(.text) refers to printfa.o(i.__0printf) for __2printf
    accelerometer.o(.text) refers to accelerometer.o(.data) for .data
    temperature.o(.text) refers to stm32f4xx_hal_adc.o(.text) for HAL_ADC_Init
    temperature.o(.text) refers to temperature.o(.bss) for .bss
    lis3dsh.o(.text) refers to stm32f4xx_hal_gpio.o(.text) for HAL_GPIO_WritePin
    lis3dsh.o(.text) refers to stm32f4xx_hal_spi.o(.text) for HAL_SPI_DeInit
    lis3dsh.o(.text) refers to printfa.o(i.__0printf) for __2printf
    lis3dsh.o(.text) refers to dflti.o(.text) for __aeabi_i2d
[...]
    .data                                    0x20000008   Section       68  led_driver.o(.data)
    .data                                    0x2000004c   Section       32  mail_controller.o(.data)
    .data                                    0x2000006c   Section        8  mail_controller.o(.data)
    .data                                    0x20000074   Section        8  mail_controller.o(.data)
    .data                                    0x2000007c   Section        4  accelerometer.o(.data)
    .data                                    0x20000080   Section        4  lis3dsh.o(.data)
    .data                                    0x20000084   Section        4  rtx_conf_cm.o(.data)
    .data                                    0x20000088   Section       16  rtx_conf_cm.o(.data)
    .data                                    0x20000098   Section        4  rtx_conf_cm.o(.data)
    .data                                    0x2000009c   Section        4  rtx_conf_cm.o(.data)
    .data                                    0x200000a0   Section        4  stm32f4xx_hal.o(.data)
    uwTick                                   0x200000a0   Data           4  stm32f4xx_hal.o(.data)
    .data                                    0x200000a4   Section        4  system_stm32f4xx.o(.data)
    .data                                    0x200000a8   Section        8  rt_cmsis.o(.data)
    .data                                    0x200000b0   Section        4  rt_time.o(.data)
    .data                                    0x200000b4   Section        8  rt_task.o(.data)
    .data                                    0x200000bc   Section        8  rt_system.o(.data)
    os_lock                                  0x200000bc   Data           1  rt_system.o(.data)
    os_psh_flag                              0x200000bd   Data           1  rt_system.o(.data)
    pend_flags                               0x200000be   Data           1  rt_system.o(.data)
    .data                                    0x200000c4   Section        1  hal_cm.o(.data)
    .data                                    0x200000c8   Section        8  rt_robin.o(.data)
    .data                                    0x200000d0   Section        4  stdout.o(.data)
    .data                                    0x200000d4   Section        4  errno.o(.data)
    _errno                                   0x200000d4   Data           4  errno.o(.data)
    .bss                                     0x200000d8   Section      120  main.o(.bss)
    .bss                                     0x20000150   Section      112  led_driver.o(.bss)
    .bss                                     0x200001c0   Section       36  mail_controller.o(.bss)
    .bss                                     0x200001e4   Section       36  mail_controller.o(.bss)
    .bss                                     0x20000208   Section       52  mail_controller.o(.bss)
    .bss                                     0x2000023c   Section       52  mail_controller.o(.bss)
    .bss                                     0x20000270   Section       68  temperature.o(.bss)
    .bss                                     0x200002b4   Section       88  lis3dsh.o(.bss)
    .bss                                     0x2000030c   Section       32  rtx_conf_cm.o(.bss)
    .bss                                     0x2000032c   Section      376  rtx_conf_cm.o(.bss)
    .bss                                     0x200004a8   Section     4816  rtx_conf_cm.o(.bss)
    .bss                                     0x20001778   Section     1256  rtx_conf_cm.o(.bss)
    .bss                                     0x20001c60   Section      132  rtx_conf_cm.o(.bss)
    .bss                                     0x20001ce4   Section       28  rtx_conf_cm.o(.bss)
    .bss                                     0x20001d00   Section       52  rt_task.o(.bss)
    .bss                                     0x20001d34   Section       48  rt_list.o(.bss)
    STACK                                    0x20001d68   Section     1024  startup_stm32f407xx.o(STACK)

    Global Symbols

    Symbol Name                              Value     Ov Type        Size  Object(Section)

    BuildAttributes$$THM_ISAv4$E$P$D$K$B$S$7EM$VFPi3$EXTD16$VFPS$VFMA$PE$A:L22UL41UL21$X:L11$S22US41US21$IEEE1$IW$USESV6$~STKCKD$USESV7$~SHL$OTIME$ROPI$IEEEX$EBA8$MICROLIB$REQ8$PRES8$EABIv2 0x00000000   Number         0  anon$$obj.o ABSOLUTE
    __ARM_use_no_argv                        0x00000000   Number         0  main.o ABSOLUTE
    _printf_a                                0x00000000   Number         0  stubs.o ABSOLUTE
    _printf_c                                0x00000000   Number         0  stubs.o ABSOLUTE
    _printf_charcount                        0x00000000   Number         0  stubs.o ABSOLUTE
    _printf_d                                0x00000000   Number         0  stubs.o ABSOLUTE
    _printf_e                                0x00000000   Number         0  stubs.o ABSOLUTE
    _printf_f                                0x00000000   Number         0  stubs.o ABSOLUTE
    _printf_flags                            0x00000000   Number         0  stubs.o ABSOLUTE
    _printf_fp_dec                           0x00000000   Number         0  stubs.o ABSOLUTE
    _printf_fp_hex                           0x00000000   Number         0  stubs.o ABSOLUTE
    _printf_g                                0x00000000   Number         0  stubs.o ABSOLUTE
    _printf_i                                0x00000000   Number         0  stubs.o ABSOLUTE
    _printf_int_dec                          0x00000000   Number         0  stubs.o ABSOLUTE
    _printf_l                                0x00000000   Number         0  stubs.o ABSOLUTE
    _printf_lc                               0x00000000   Number         0  stubs.o ABSOLUTE
    _printf_ll                               0x00000000   Number         0  stubs.o ABSOLUTE
    _printf_lld                              0x00000000   Number         0  stubs.o ABSOLUTE
    _printf_lli                              0x00000000   Number         0  stubs.o ABSOLUTE
    _printf_llo                              0x00000000   Number         0  stubs.o ABSOLUTE
    _printf_llu                              0x00000000   Number         0  stubs.o ABSOLUTE
    _printf_llx                              0x00000000   Number         0  stubs.o ABSOLUTE
    _printf_longlong_dec                     0x00000000   Number         0  stubs.o ABSOLUTE
    _printf_longlong_hex                     0x00000000   Number         0  stubs.o ABSOLUTE
    _printf_longlong_oct                     0x00000000   Number         0  stubs.o ABSOLUTE
    _printf_ls                               0x00000000   Number         0  stubs.o ABSOLUTE
    _printf_mbtowc                           0x00000000   Number         0  stubs.o ABSOLUTE
    _printf_n                                0x00000000   Number         0  stubs.o ABSOLUTE
    _printf_o                                0x00000000   Number         0  stubs.o ABSOLUTE
    _printf_p                                0x00000000   Number         0  stubs.o ABSOLUTE
    _printf_percent                          0x00000000   Number         0  stubs.o ABSOLUTE
    _printf_pre_padding                      0x00000000   Number         0  stubs.o ABSOLUTE
    _printf_return_value                     0x00000000   Number         0  stubs.o ABSOLUTE
    _printf_s                                0x00000000   Number         0  stubs.o ABSOLUTE
    _printf_sizespec                         0x00000000   Number         0  stubs.o ABSOLUTE
    _printf_str                              0x00000000   Number         0  stubs.o ABSOLUTE
    _printf_truncate_signed                  0x00000000   Number         0  stubs.o ABSOLUTE
    _printf_truncate_unsigned                0x00000000   Number         0  stubs.o ABSOLUTE
    _printf_u                                0x00000000   Number         0  stubs.o ABSOLUTE
    _printf_wc                               0x00000000   Number         0  stubs.o ABSOLUTE
    _printf_wctomb                           0x00000000   Number         0  stubs.o ABSOLUTE
    _printf_widthprec                        0x00000000   Number         0  stubs.o ABSOLUTE
    _printf_x                                0x00000000   Number         0  stubs.o ABSOLUTE
    __cpp_initialize__aeabi_                  - Undefined Weak Reference
    __cxa_finalize                            - Undefined Weak Reference
    __decompress                              - Undefined Weak Reference
    _clock_init                               - Undefined Weak Reference
    _microlib_exit                            - Undefined Weak Reference
    __Vectors_Size                           0x00000188   Number         0  startup_stm32f407xx.o ABSOLUTE
    __RL_RTX_VER                             0x00000480   Number         0  rt_system.o ABSOLUTE
    __Vectors                                0x08000000   Data           4  startup_stm32f407xx.o(RESET)
    __Vectors_End                            0x08000188   Data           0  startup_stm32f407xx.o(RESET)
    __main                                   0x08000189   Thumb Code     0  entry.o(.ARM.Collect$$$$00000000)
    _main_stk                                0x08000189   Thumb Code     0  entry2.o(.ARM.Collect$$$$00000001)
    _main_scatterload                        0x0800018d   Thumb Code     0  entry5.o(.ARM.Collect$$$$00000004)
    __main_after_scatterload                 0x08000191   Thumb Code     0  entry5.o(.ARM.Collect$$$$00000004)
    __rt_final_cpp                           0x08000191   Thumb Code     0  entry10a.o(.ARM.Collect$$$$0000000D)
    __rt_final_exit                          0x08000191   Thumb Code     0  entry11a.o(.ARM.Collect$$$$0000000F)
    _main_clock                              0x08000191   Thumb Code     0  entry7b.o(.ARM.Collect$$$$00000008)
    _main_cpp_init                           0x08000191   Thumb Code     0  entry8b.o(.ARM.Collect$$$$0000000A)
    _main_init                               0x08000191   Thumb Code    18  rtx_conf_cm.o(.ARM.Collect$$$$000000FF)
    rt_set_PSP                               0x080001ad   Thumb Code     6  hal_cm4.o(.emb_text)
    rt_get_PSP                               0x080001b3   Thumb Code     6  hal_cm4.o(.emb_text)
    os_set_env                               0x080001b9   Thumb Code    24  hal_cm4.o(.emb_text)
    _alloc_box                               0x080001d5   Thumb Code    28  hal_cm4.o(.emb_text)
    _free_box                                0x080001f5   Thumb Code    28  hal_cm4.o(.emb_text)
    SVC_Handler                              0x08000215   Thumb Code   168  hal_cm4.o(.emb_text)
    PendSV_Handler                           0x080002cd   Thumb Code    96  hal_cm4.o(.emb_text)
    SysTick_Handler                          0x08000331   Thumb Code     8  hal_cm4.o(.emb_text)
    OS_Tick_Handler                          0x08000339   Thumb Code    12  hal_cm4.o(.emb_text)
    HAL_GetTick                              0x08000345   Thumb Code     6  main.o(.text)
    SystemClock_Config                       0x0800034b   Thumb Code   108  main.o(.text)
    testFuntion                              0x080003b7   Thumb Code    46  main.o(.text)
    TIM3_init                                0x080003e5   Thumb Code    74  main.o(.text)
    main                                     0x0800042f   Thumb Code    46  main.o(.text)
    TIM4_init                                0x0800045d   Thumb Code    78  main.o(.text)
    TIM3_IRQHandler                          0x080004ab   Thumb Code    30  main.o(.text)
    TIM4_IRQHandler                          0x080004c9   Thumb Code    38  main.o(.text)
    accelerometer_thread                     0x080004ef   Thumb Code    34  main.o(.text)
    temperature_thread                       0x08000511   Thumb Code    34  main.o(.text)
    fputc                                    0x0800056d   Thumb Code    36  fput_debug.o(.text)
    LED_start_thread                         0x08000595   Thumb Code    26  led_driver.o(.text)
    digit_mask                               0x080005af   Thumb Code    96  led_driver.o(.text)
    led_segments                             0x0800060f   Thumb Code    50  led_driver.o(.text)
    LED_set_value                            0x08000641   Thumb Code   390  led_driver.o(.text)
    LED_switch_angle                         0x080007c7   Thumb Code    26  led_driver.o(.text)
    LED_switch_temp                          0x080007e1   Thumb Code    16  led_driver.o(.text)
    Thread_LED                               0x080007f1   Thumb Code    86  led_driver.o(.text)
    LED_set_target                           0x08000847   Thumb Code    18  led_driver.o(.text)
    LED_alarm_on                             0x08000859   Thumb Code     8  led_driver.o(.text)
    LED_alarm_off                            0x08000861   Thumb Code     8  led_driver.o(.text)
    LED_init_io                              0x08000869   Thumb Code    48  led_driver.o(.text)
    LED_setPins                              0x08000899   Thumb Code   378  led_driver.o(.text)
    LED_update                               0x08000a13   Thumb Code   100  led_driver.o(.text)
    LED_get_value                            0x08000a77   Thumb Code     8  led_driver.o(.text)
    MAIL_CONTROLLER_init_mailboxes           0x08000a89   Thumb Code    28  mail_controller.o(.text)
    input_mailbox_id                         0x08000aa5   Thumb Code     6  mail_controller.o(.text)
    led_mailbox_id                           0x08000aab   Thumb Code     6  mail_controller.o(.text)
    MAIL_send_input                          0x08000ab1   Thumb Code    46  mail_controller.o(.text)
    MAIL_CONTROLLER_start_thread             0x08000adf   Thumb Code    28  mail_controller.o(.text)
    Thread_MAIL_CONTROLLER                   0x08000afb   Thumb Code   246  mail_controller.o(.text)
    memsinit                                 0x08000c39   Thumb Code    62  accelerometer.o(.text)
    EXTI0_IRQHandler                         0x08000c77   Thumb Code     6  accelerometer.o(.text)
    HAL_GPIO_EXTI_Callback                   0x08000c7d   Thumb Code    10  accelerometer.o(.text)
    calculateangle                           0x08000c87   Thumb Code   162  accelerometer.o(.text)
    Rangle                                   0x08000d29   Thumb Code    50  accelerometer.o(.text)
    ConfigureADC                             0x08000d79   Thumb Code    74  temperature.o(.text)
    convertVtoC                              0x08000dc3   Thumb Code    58  temperature.o(.text)
    getTemp                                  0x08000dfd   Thumb Code    14  temperature.o(.text)
    SPI_SendData                             0x08000e2d   Thumb Code     6  lis3dsh.o(.text)
    LIS3DSH_Write                            0x08000e75   Thumb Code    68  lis3dsh.o(.text)
    LIS3DSH_Init                             0x08000eb9   Thumb Code   148  lis3dsh.o(.text)
    LIS3DSH_Read                             0x08000f4d   Thumb Code    74  lis3dsh.o(.text)
    LIS3DSH_DataReadyInterruptConfig         0x08000f97   Thumb Code    46  lis3dsh.o(.text)
    LIS3DSH_LowpowerCmd                      0x08000fc5   Thumb Code    36  lis3dsh.o(.text)
    LIS3DSH_DataRateCmd                      0x08000fe9   Thumb Code    40  lis3dsh.o(.text)
    LIS3DSH_FullScaleCmd                     0x08001011   Thumb Code    40  lis3dsh.o(.text)
    LIS3DSH_ReadACC                          0x08001039   Thumb Code   336  lis3dsh.o(.text)
    LIS3DSH_TIMEOUT_UserCallback             0x08001189   Thumb Code     4  lis3dsh.o(.text)
    HAL_SPI_MspInit                          0x0800118d   Thumb Code   272  lis3dsh.o(.text)
    SPI_ReceiveData                          0x0800129d   Thumb Code     8  lis3dsh.o(.text)
    os_idle_demon                            0x080012a5   Thumb Code     2  rtx_conf_cm.o(.text)
    os_error                                 0x080012a7   Thumb Code     2  rtx_conf_cm.o(.text)
    HAL_MspInit                              0x080012a9   Thumb Code     8  stm32f4xx_hal.o(.text)
    HAL_InitTick                             0x080012b1   Thumb Code    34  stm32f4xx_hal.o(.text)
    HAL_Init                                 0x080012d3   Thumb Code    48  stm32f4xx_hal.o(.text)
    HAL_MspDeInit                            0x08001303   Thumb Code     8  stm32f4xx_hal.o(.text)
    HAL_DeInit                               0x0800130b   Thumb Code    48  stm32f4xx_hal.o(.text)
    HAL_IncTick                              0x0800133b   Thumb Code    10  stm32f4xx_hal.o(.text)
    HAL_Delay                                0x0800134b   Thumb Code    24  stm32f4xx_hal.o(.text)
    HAL_SuspendTick                          0x08001363   Thumb Code    14  stm32f4xx_hal.o(.text)
    HAL_ResumeTick                           0x08001371   Thumb Code    14  stm32f4xx_hal.o(.text)
    HAL_GetHalVersion                        0x0800137f   Thumb Code     4  stm32f4xx_hal.o(.text)
    HAL_GetREVID                             0x08001383   Thumb Code     8  stm32f4xx_hal.o(.text)
    HAL_GetDEVID                             0x0800138b   Thumb Code    10  stm32f4xx_hal.o(.text)
    HAL_DBGMCU_EnableDBGSleepMode            0x08001395   Thumb Code    12  stm32f4xx_hal.o(.text)
    HAL_DBGMCU_DisableDBGSleepMode           0x080013a1   Thumb Code    12  stm32f4xx_hal.o(.text)
    HAL_DBGMCU_EnableDBGStopMode             0x080013ad   Thumb Code    12  stm32f4xx_hal.o(.text)
    HAL_DBGMCU_DisableDBGStopMode            0x080013b9   Thumb Code    12  stm32f4xx_hal.o(.text)
    HAL_DBGMCU_EnableDBGStandbyMode          0x080013c5   Thumb Code    12  stm32f4xx_hal.o(.text)
    HAL_DBGMCU_DisableDBGStandbyMode         0x080013d1   Thumb Code    12  stm32f4xx_hal.o(.text)
    HAL_EnableCompensationCell               0x080013dd   Thumb Code    22  stm32f4xx_hal.o(.text)
    HAL_DisableCompensationCell              0x080013f3   Thumb Code    24  stm32f4xx_hal.o(.text)
    HAL_ADC_MspInit                          0x08001551   Thumb Code     2  stm32f4xx_hal_adc.o(.text)
    HAL_ADC_Init                             0x08001553   Thumb Code    58  stm32f4xx_hal_adc.o(.text)
    HAL_ADC_MspDeInit                        0x0800158d   Thumb Code     2  stm32f4xx_hal_adc.o(.text)
    HAL_ADC_DeInit                           0x0800158f   Thumb Code    32  stm32f4xx_hal_adc.o(.text)
    HAL_ADC_Start                            0x080015af   Thumb Code   124  stm32f4xx_hal_adc.o(.text)
    HAL_ADC_Stop                             0x0800162b   Thumb Code    20  stm32f4xx_hal_adc.o(.text)
    HAL_ADC_PollForConversion                0x0800163f   Thumb Code   110  stm32f4xx_hal_adc.o(.text)
    HAL_ADC_PollForEvent                     0x080016ad   Thumb Code    94  stm32f4xx_hal_adc.o(.text)
    HAL_ADC_Start_IT                         0x0800170b   Thumb Code   146  stm32f4xx_hal_adc.o(.text)
    HAL_ADC_Stop_IT                          0x0800179d   Thumb Code    40  stm32f4xx_hal_adc.o(.text)
    HAL_ADC_ErrorCallback                    0x080017c5   Thumb Code     2  stm32f4xx_hal_adc.o(.text)
    HAL_ADC_LevelOutOfWindowCallback         0x080017c7   Thumb Code     2  stm32f4xx_hal_adc.o(.text)
    HAL_ADC_ConvCpltCallback                 0x080017c9   Thumb Code     2  stm32f4xx_hal_adc.o(.text)
    HAL_ADC_IRQHandler                       0x080017cb   Thumb Code   308  stm32f4xx_hal_adc.o(.text)
    HAL_ADC_ConvHalfCpltCallback             0x08001917   Thumb Code     2  stm32f4xx_hal_adc.o(.text)
    HAL_ADC_Start_DMA                        0x0800193f   Thumb Code   154  stm32f4xx_hal_adc.o(.text)
    HAL_ADC_Stop_DMA                         0x080019d9   Thumb Code    50  stm32f4xx_hal_adc.o(.text)
    HAL_ADC_GetValue                         0x08001a0b   Thumb Code     6  stm32f4xx_hal_adc.o(.text)
    HAL_ADC_ConfigChannel                    0x08001a11   Thumb Code   322  stm32f4xx_hal_adc.o(.text)
    HAL_ADC_AnalogWDGConfig                  0x08001b53   Thumb Code   106  stm32f4xx_hal_adc.o(.text)
    HAL_ADC_GetState                         0x08001bbd   Thumb Code     6  stm32f4xx_hal_adc.o(.text)
    HAL_ADC_GetError                         0x08001bc3   Thumb Code     4  stm32f4xx_hal_adc.o(.text)
    HAL_ADCEx_InjectedStart                  0x08001be5   Thumb Code   162  stm32f4xx_hal_adc_ex.o(.text)
    HAL_ADCEx_InjectedStart_IT               0x08001c87   Thumb Code   196  stm32f4xx_hal_adc_ex.o(.text)
    HAL_ADCEx_InjectedStop                   0x08001d4b   Thumb Code    20  stm32f4xx_hal_adc_ex.o(.text)
    HAL_ADCEx_InjectedPollForConversion      0x08001d5f   Thumb Code    78  stm32f4xx_hal_adc_ex.o(.text)
    HAL_ADCEx_InjectedStop_IT                0x08001dad   Thumb Code    40  stm32f4xx_hal_adc_ex.o(.text)
    HAL_ADCEx_InjectedGetValue               0x08001dd5   Thumb Code    58  stm32f4xx_hal_adc_ex.o(.text)
    HAL_ADCEx_MultiModeStart_DMA             0x08001e41   Thumb Code   164  stm32f4xx_hal_adc_ex.o(.text)
    HAL_ADCEx_MultiModeStop_DMA              0x08001ee5   Thumb Code    72  stm32f4xx_hal_adc_ex.o(.text)
    HAL_ADCEx_MultiModeGetValue              0x08001f2d   Thumb Code     8  stm32f4xx_hal_adc_ex.o(.text)
    HAL_ADCEx_InjectedConvCpltCallback       0x08001f35   Thumb Code     2  stm32f4xx_hal_adc_ex.o(.text)
    HAL_ADCEx_InjectedConfigChannel          0x08001f37   Thumb Code   472  stm32f4xx_hal_adc_ex.o(.text)
    HAL_ADCEx_MultiModeConfigChannel         0x0800210f   Thumb Code   102  stm32f4xx_hal_adc_ex.o(.text)
    HAL_NVIC_SetPriorityGrouping             0x08002179   Thumb Code    26  stm32f4xx_hal_cortex.o(.text)
    HAL_NVIC_SetPriority                     0x08002193   Thumb Code    60  stm32f4xx_hal_cortex.o(.text)
    HAL_NVIC_EnableIRQ                       0x080021cf   Thumb Code    22  stm32f4xx_hal_cortex.o(.text)
    HAL_NVIC_DisableIRQ                      0x080021e5   Thumb Code    22  stm32f4xx_hal_cortex.o(.text)
    HAL_NVIC_SystemReset                     0x080021fb   Thumb Code    28  stm32f4xx_hal_cortex.o(.text)
    HAL_SYSTICK_Config                       0x08002217   Thumb Code    40  stm32f4xx_hal_cortex.o(.text)
    HAL_MPU_ConfigRegion                     0x0800223f   Thumb Code    82  stm32f4xx_hal_cortex.o(.text)
    HAL_NVIC_GetPriorityGrouping             0x08002291   Thumb Code    10  stm32f4xx_hal_cortex.o(.text)
    HAL_NVIC_GetPriority                     0x0800229b   Thumb Code    82  stm32f4xx_hal_cortex.o(.text)
    HAL_NVIC_SetPendingIRQ                   0x080022ed   Thumb Code    22  stm32f4xx_hal_cortex.o(.text)
    HAL_NVIC_GetPendingIRQ                   0x08002303   Thumb Code    32  stm32f4xx_hal_cortex.o(.text)
    HAL_NVIC_ClearPendingIRQ                 0x08002323   Thumb Code    22  stm32f4xx_hal_cortex.o(.text)
    HAL_NVIC_GetActive                       0x08002339   Thumb Code    32  stm32f4xx_hal_cortex.o(.text)
    HAL_SYSTICK_CLKSourceConfig              0x08002359   Thumb Code    24  stm32f4xx_hal_cortex.o(.text)
    HAL_SYSTICK_Callback                     0x08002371   Thumb Code     8  stm32f4xx_hal_cortex.o(.text)
    HAL_SYSTICK_IRQHandler                   0x08002379   Thumb Code     8  stm32f4xx_hal_cortex.o(.text)
    HAL_DMA_Init                             0x080023cb   Thumb Code   116  stm32f4xx_hal_dma.o(.text)
    HAL_DMA_DeInit                           0x0800243f   Thumb Code    86  stm32f4xx_hal_dma.o(.text)
    HAL_DMA_Start                            0x080024bd   Thumb Code    58  stm32f4xx_hal_dma.o(.text)
    HAL_DMA_Start_IT                         0x080024f7   Thumb Code    78  stm32f4xx_hal_dma.o(.text)
    HAL_DMA_Abort                            0x08002545   Thumb Code    84  stm32f4xx_hal_dma.o(.text)
    HAL_DMA_PollForTransfer                  0x08002599   Thumb Code   332  stm32f4xx_hal_dma.o(.text)
    HAL_DMA_IRQHandler                       0x080026e5   Thumb Code   422  stm32f4xx_hal_dma.o(.text)
    HAL_DMA_GetState                         0x0800288b   Thumb Code     6  stm32f4xx_hal_dma.o(.text)
    HAL_DMA_GetError                         0x08002891   Thumb Code     4  stm32f4xx_hal_dma.o(.text)
    HAL_GPIO_Init                            0x08002895   Thumb Code   398  stm32f4xx_hal_gpio.o(.text)
    HAL_GPIO_DeInit                          0x08002a23   Thumb Code   304  stm32f4xx_hal_gpio.o(.text)
    HAL_GPIO_ReadPin                         0x08002b53   Thumb Code    10  stm32f4xx_hal_gpio.o(.text)
    HAL_GPIO_WritePin                        0x08002b5d   Thumb Code    10  stm32f4xx_hal_gpio.o(.text)
    HAL_GPIO_TogglePin                       0x08002b67   Thumb Code     8  stm32f4xx_hal_gpio.o(.text)
    HAL_GPIO_LockPin                         0x08002b6f   Thumb Code    34  stm32f4xx_hal_gpio.o(.text)
    HAL_GPIO_EXTI_IRQHandler                 0x08002b99   Thumb Code    20  stm32f4xx_hal_gpio.o(.text)
    HAL_RCC_OscConfig                        0x08002bdf   Thumb Code   808  stm32f4xx_hal_rcc.o(.text)
    HAL_RCC_ClockConfig                      0x08002f07   Thumb Code   536  stm32f4xx_hal_rcc.o(.text)
    HAL_RCC_MCOConfig                        0x0800311f   Thumb Code   126  stm32f4xx_hal_rcc.o(.text)
    HAL_RCC_EnableCSS                        0x0800319d   Thumb Code     8  stm32f4xx_hal_rcc.o(.text)
    HAL_RCC_DisableCSS                       0x080031a5   Thumb Code     8  stm32f4xx_hal_rcc.o(.text)
    HAL_RCC_GetSysClockFreq                  0x080031ad   Thumb Code   106  stm32f4xx_hal_rcc.o(.text)
    HAL_RCC_GetHCLKFreq                      0x08003217   Thumb Code    40  stm32f4xx_hal_rcc.o(.text)
    HAL_RCC_GetPCLK1Freq                     0x0800323f   Thumb Code    38  stm32f4xx_hal_rcc.o(.text)
    HAL_RCC_GetPCLK2Freq                     0x08003265   Thumb Code    38  stm32f4xx_hal_rcc.o(.text)
    HAL_RCC_GetOscConfig                     0x0800328b   Thumb Code   220  stm32f4xx_hal_rcc.o(.text)
    HAL_RCC_GetClockConfig                   0x08003367   Thumb Code    56  stm32f4xx_hal_rcc.o(.text)
    HAL_RCC_CSSCallback                      0x0800339f   Thumb Code     8  stm32f4xx_hal_rcc.o(.text)
    HAL_RCC_NMI_IRQHandler                   0x080033a7   Thumb Code    26  stm32f4xx_hal_rcc.o(.text)
    HAL_SPI_Init                             0x080033e3   Thumb Code   132  stm32f4xx_hal_spi.o(.text)
    HAL_SPI_MspDeInit                        0x08003467   Thumb Code     2  stm32f4xx_hal_spi.o(.text)
    HAL_SPI_DeInit                           0x08003469   Thumb Code    40  stm32f4xx_hal_spi.o(.text)
    HAL_SPI_Transmit                         0x0800352f   Thumb Code   324  stm32f4xx_hal_spi.o(.text)
    HAL_SPI_TransmitReceive                  0x08003673   Thumb Code   680  stm32f4xx_hal_spi.o(.text)
    HAL_SPI_Receive                          0x0800391b   Thumb Code   466  stm32f4xx_hal_spi.o(.text)
    HAL_SPI_ErrorCallback                    0x08003aed   Thumb Code     2  stm32f4xx_hal_spi.o(.text)
    HAL_SPI_TxCpltCallback                   0x08003aef   Thumb Code     2  stm32f4xx_hal_spi.o(.text)
    HAL_SPI_TxRxCpltCallback                 0x08003af1   Thumb Code     2  stm32f4xx_hal_spi.o(.text)
    HAL_SPI_Transmit_IT                      0x08003b35   Thumb Code   156  stm32f4xx_hal_spi.o(.text)
    HAL_SPI_RxCpltCallback                   0x08003bd1   Thumb Code     2  stm32f4xx_hal_spi.o(.text)
    HAL_SPI_TransmitReceive_IT               0x08003ccd   Thumb Code   160  stm32f4xx_hal_spi.o(.text)
    HAL_SPI_Receive_IT                       0x08003db1   Thumb Code   172  stm32f4xx_hal_spi.o(.text)
    HAL_SPI_TxHalfCpltCallback               0x08003ee9   Thumb Code     2  stm32f4xx_hal_spi.o(.text)
    HAL_SPI_Transmit_DMA                     0x08003ef5   Thumb Code   188  stm32f4xx_hal_spi.o(.text)
    HAL_SPI_RxHalfCpltCallback               0x0800410b   Thumb Code     2  stm32f4xx_hal_spi.o(.text)
    HAL_SPI_TxRxHalfCpltCallback             0x08004143   Thumb Code     2  stm32f4xx_hal_spi.o(.text)
    HAL_SPI_TransmitReceive_DMA              0x0800414f   Thumb Code   252  stm32f4xx_hal_spi.o(.text)
    HAL_SPI_Receive_DMA                      0x0800424b   Thumb Code   206  stm32f4xx_hal_spi.o(.text)
    HAL_SPI_DMAPause                         0x08004319   Thumb Code    76  stm32f4xx_hal_spi.o(.text)
    HAL_SPI_DMAResume                        0x08004365   Thumb Code    48  stm32f4xx_hal_spi.o(.text)
    HAL_SPI_DMAStop                          0x08004395   Thumb Code    50  stm32f4xx_hal_spi.o(.text)
    HAL_SPI_IRQHandler                       0x080043c7   Thumb Code   188  stm32f4xx_hal_spi.o(.text)
    HAL_SPI_GetState                         0x08004483   Thumb Code     6  stm32f4xx_hal_spi.o(.text)
    HAL_SPI_GetError                         0x08004489   Thumb Code     4  stm32f4xx_hal_spi.o(.text)
    TIM_Base_SetConfig                       0x08004511   Thumb Code   148  stm32f4xx_hal_tim.o(.text)
    HAL_TIM_Base_MspInit                     0x080045a5   Thumb Code     2  stm32f4xx_hal_tim.o(.text)
    HAL_TIM_Base_Init                        0x080045a7   Thumb Code    54  stm32f4xx_hal_tim.o(.text)
    HAL_TIM_Base_MspDeInit                   0x080045dd   Thumb Code     2  stm32f4xx_hal_tim.o(.text)
    HAL_TIM_Base_DeInit                      0x080045df   Thumb Code    56  stm32f4xx_hal_tim.o(.text)
    HAL_TIM_Base_Start                       0x08004617   Thumb Code    26  stm32f4xx_hal_tim.o(.text)
    HAL_TIM_Base_Stop                        0x08004631   Thumb Code    44  stm32f4xx_hal_tim.o(.text)
    HAL_TIM_Base_Start_IT                    0x0800465d   Thumb Code    24  stm32f4xx_hal_tim.o(.text)
    HAL_TIM_Base_Stop_IT                     0x08004675   Thumb Code    42  stm32f4xx_hal_tim.o(.text)
    HAL_TIM_ErrorCallback                    0x0800469f   Thumb Code     2  stm32f4xx_hal_tim.o(.text)
    TIM_DMAError                             0x080046a1   Thumb Code    16  stm32f4xx_hal_tim.o(.text)
    HAL_TIM_PeriodElapsedCallback            0x080046b1   Thumb Code     2  stm32f4xx_hal_tim.o(.text)
    HAL_TIM_Base_Start_DMA                   0x080046c3   Thumb Code    84  stm32f4xx_hal_tim.o(.text)
    HAL_TIM_Base_Stop_DMA                    0x08004717   Thumb Code    48  stm32f4xx_hal_tim.o(.text)
    HAL_TIM_OC_MspInit                       0x08004747   Thumb Code     2  stm32f4xx_hal_tim.o(.text)
    HAL_TIM_OC_Init                          0x08004749   Thumb Code    54  stm32f4xx_hal_tim.o(.text)
    HAL_TIM_OC_MspDeInit                     0x0800477f   Thumb Code     2  stm32f4xx_hal_tim.o(.text)
    HAL_TIM_OC_DeInit                        0x08004781   Thumb Code    56  stm32f4xx_hal_tim.o(.text)
    TIM_CCxChannelCmd                        0x080047b9   Thumb Code    22  stm32f4xx_hal_tim.o(.text)
    HAL_TIM_OC_Start                         0x080047cf   Thumb Code    48  stm32f4xx_hal_tim.o(.text)
    HAL_TIM_OC_Stop                          0x080047ff   Thumb Code    78  stm32f4xx_hal_tim.o(.text)
    HAL_TIM_OC_Start_IT                      0x0800484d   Thumb Code    98  stm32f4xx_hal_tim.o(.text)
    HAL_TIM_OC_Stop_IT                       0x080048af   Thumb Code   178  stm32f4xx_hal_tim.o(.text)
    HAL_TIM_PWM_PulseFinishedCallback        0x08004961   Thumb Code     2  stm32f4xx_hal_tim.o(.text)
    TIM_DMADelayPulseCplt                    0x08004963   Thumb Code    62  stm32f4xx_hal_tim.o(.text)
    HAL_TIM_OC_Start_DMA                     0x080049a1   Thumb Code   226  stm32f4xx_hal_tim.o(.text)
    HAL_TIM_OC_Stop_DMA                      0x08004a83   Thumb Code   134  stm32f4xx_hal_tim.o(.text)
    HAL_TIM_PWM_MspInit                      0x08004b09   Thumb Code     2  stm32f4xx_hal_tim.o(.text)
    HAL_TIM_PWM_Init                         0x08004b0b   Thumb Code    54  stm32f4xx_hal_tim.o(.text)
    HAL_TIM_PWM_MspDeInit                    0x08004b41   Thumb Code     2  stm32f4xx_hal_tim.o(.text)
    HAL_TIM_PWM_DeInit                       0x08004b43   Thumb Code    56  stm32f4xx_hal_tim.o(.text)
    HAL_TIM_PWM_Start                        0x08004b7b   Thumb Code    48  stm32f4xx_hal_tim.o(.text)
    HAL_TIM_PWM_Stop                         0x08004bab   Thumb Code    84  stm32f4xx_hal_tim.o(.text)
    HAL_TIM_PWM_Start_IT                     0x08004bff   Thumb Code    98  stm32f4xx_hal_tim.o(.text)
    HAL_TIM_PWM_Stop_IT                      0x08004c61   Thumb Code   128  stm32f4xx_hal_tim.o(.text)
    HAL_TIM_PWM_Start_DMA                    0x08004ce1   Thumb Code   226  stm32f4xx_hal_tim.o(.text)
    HAL_TIM_PWM_Stop_DMA                     0x08004dc3   Thumb Code   144  stm32f4xx_hal_tim.o(.text)
    HAL_TIM_IC_MspInit                       0x08004e53   Thumb Code     2  stm32f4xx_hal_tim.o(.text)
    HAL_TIM_IC_Init                          0x08004e55   Thumb Code    54  stm32f4xx_hal_tim.o(.text)
    HAL_TIM_IC_MspDeInit                     0x08004e8b   Thumb Code     2  stm32f4xx_hal_tim.o(.text)
    HAL_TIM_IC_DeInit                        0x08004e8d   Thumb Code    56  stm32f4xx_hal_tim.o(.text)
    HAL_TIM_IC_Start                         0x08004ec5   Thumb Code    26  stm32f4xx_hal_tim.o(.text)
    HAL_TIM_IC_Stop                          0x08004edf   Thumb Code    44  stm32f4xx_hal_tim.o(.text)
    HAL_TIM_IC_Start_IT                      0x08004f0b   Thumb Code    76  stm32f4xx_hal_tim.o(.text)
    HAL_TIM_IC_Stop_IT                       0x08004f57   Thumb Code    94  stm32f4xx_hal_tim.o(.text)
    HAL_TIM_IC_CaptureCallback               0x08004fb5   Thumb Code     2  stm32f4xx_hal_tim.o(.text)
    TIM_DMACaptureCplt                       0x08004fb7   Thumb Code    62  stm32f4xx_hal_tim.o(.text)
    HAL_TIM_IC_Start_DMA                     0x08004ff5   Thumb Code   194  stm32f4xx_hal_tim.o(.text)
    HAL_TIM_IC_Stop_DMA                      0x080050b7   Thumb Code   100  stm32f4xx_hal_tim.o(.text)
    HAL_TIM_OnePulse_MspInit                 0x0800511b   Thumb Code     2  stm32f4xx_hal_tim.o(.text)
    HAL_TIM_OnePulse_Init                    0x0800511d   Thumb Code    74  stm32f4xx_hal_tim.o(.text)
    HAL_TIM_OnePulse_MspDeInit               0x08005167   Thumb Code     2  stm32f4xx_hal_tim.o(.text)
    HAL_TIM_OnePulse_DeInit                  0x08005169   Thumb Code    56  stm32f4xx_hal_tim.o(.text)
    HAL_TIM_OnePulse_Start                   0x080051a1   Thumb Code    50  stm32f4xx_hal_tim.o(.text)
    HAL_TIM_OnePulse_Stop                    0x080051d3   Thumb Code    90  stm32f4xx_hal_tim.o(.text)
    HAL_TIM_OnePulse_Start_IT                0x0800522d   Thumb Code    70  stm32f4xx_hal_tim.o(.text)
    HAL_TIM_OnePulse_Stop_IT                 0x08005273   Thumb Code   110  stm32f4xx_hal_tim.o(.text)
    HAL_TIM_Encoder_MspInit                  0x080052e1   Thumb Code     2  stm32f4xx_hal_tim.o(.text)
    HAL_TIM_Encoder_Init                     0x080052e3   Thumb Code   150  stm32f4xx_hal_tim.o(.text)
    HAL_TIM_Encoder_MspDeInit                0x08005379   Thumb Code     2  stm32f4xx_hal_tim.o(.text)
    HAL_TIM_Encoder_DeInit                   0x0800537b   Thumb Code    56  stm32f4xx_hal_tim.o(.text)
    HAL_TIM_Encoder_Start                    0x080053b3   Thumb Code    50  stm32f4xx_hal_tim.o(.text)
    HAL_TIM_Encoder_Stop                     0x080053e5   Thumb Code    70  stm32f4xx_hal_tim.o(.text)
    HAL_TIM_Encoder_Start_IT                 0x0800542b   Thumb Code    92  stm32f4xx_hal_tim.o(.text)
    HAL_TIM_Encoder_Stop_IT                  0x08005487   Thumb Code   116  stm32f4xx_hal_tim.o(.text)
    HAL_TIM_Encoder_Start_DMA                0x080054fb   Thumb Code   274  stm32f4xx_hal_tim.o(.text)
    HAL_TIM_Encoder_Stop_DMA                 0x0800560d   Thumb Code   116  stm32f4xx_hal_tim.o(.text)
    HAL_TIM_TriggerCallback                  0x08005681   Thumb Code     2  stm32f4xx_hal_tim.o(.text)
    HAL_TIM_OC_DelayElapsedCallback          0x08005683   Thumb Code     2  stm32f4xx_hal_tim.o(.text)
    HAL_TIM_IRQHandler                       0x08005685   Thumb Code   358  stm32f4xx_hal_tim.o(.text)
    TIM_OC2_SetConfig                        0x08005889   Thumb Code    90  stm32f4xx_hal_tim.o(.text)
    HAL_TIM_OC_ConfigChannel                 0x08005933   Thumb Code    86  stm32f4xx_hal_tim.o(.text)
    TIM_TI1_SetConfig                        0x080059bf   Thumb Code   104  stm32f4xx_hal_tim.o(.text)
    HAL_TIM_IC_ConfigChannel                 0x08005a27   Thumb Code   282  stm32f4xx_hal_tim.o(.text)
    HAL_TIM_PWM_ConfigChannel                0x08005b41   Thumb Code   240  stm32f4xx_hal_tim.o(.text)
    HAL_TIM_OnePulse_ConfigChannel           0x08005c31   Thumb Code   218  stm32f4xx_hal_tim.o(.text)
    HAL_TIM_DMABurst_WriteStart              0x08005d1b   Thumb Code   238  stm32f4xx_hal_tim.o(.text)
    HAL_TIM_DMABurst_WriteStop               0x08005e09   Thumb Code    96  stm32f4xx_hal_tim.o(.text)
    HAL_TIM_DMABurst_ReadStart               0x08005e69   Thumb Code   240  stm32f4xx_hal_tim.o(.text)
    HAL_TIM_DMABurst_ReadStop                0x08005f59   Thumb Code    96  stm32f4xx_hal_tim.o(.text)
    HAL_TIM_GenerateEvent                    0x08005fb9   Thumb Code    38  stm32f4xx_hal_tim.o(.text)
    HAL_TIM_ConfigOCrefClear                 0x08005fdf   Thumb Code   172  stm32f4xx_hal_tim.o(.text)
    HAL_TIM_ConfigClockSource                0x0800608b   Thumb Code   262  stm32f4xx_hal_tim.o(.text)
    HAL_TIM_ConfigTI1Input                   0x08006191   Thumb Code    16  stm32f4xx_hal_tim.o(.text)
    HAL_TIM_SlaveConfigSynchronization       0x0800621d   Thumb Code    66  stm32f4xx_hal_tim.o(.text)
    HAL_TIM_SlaveConfigSynchronization_IT    0x0800625f   Thumb Code    66  stm32f4xx_hal_tim.o(.text)
    HAL_TIM_ReadCapturedValue                0x080062a1   Thumb Code    68  stm32f4xx_hal_tim.o(.text)
    HAL_TIM_Base_GetState                    0x080062e5   Thumb Code     6  stm32f4xx_hal_tim.o(.text)
    HAL_TIM_OC_GetState                      0x080062eb   Thumb Code     6  stm32f4xx_hal_tim.o(.text)
    HAL_TIM_PWM_GetState                     0x080062f1   Thumb Code     6  stm32f4xx_hal_tim.o(.text)
    HAL_TIM_IC_GetState                      0x080062f7   Thumb Code     6  stm32f4xx_hal_tim.o(.text)
    HAL_TIM_OnePulse_GetState                0x080062fd   Thumb Code     6  stm32f4xx_hal_tim.o(.text)
    HAL_TIM_Encoder_GetState                 0x08006303   Thumb Code     6  stm32f4xx_hal_tim.o(.text)
    HAL_TIMEx_HallSensor_MspInit             0x08006375   Thumb Code     2  stm32f4xx_hal_tim_ex.o(.text)
    HAL_TIMEx_HallSensor_Init                0x08006377   Thumb Code   176  stm32f4xx_hal_tim_ex.o(.text)
    HAL_TIMEx_HallSensor_MspDeInit           0x08006427   Thumb Code     2  stm32f4xx_hal_tim_ex.o(.text)
    HAL_TIMEx_HallSensor_DeInit              0x08006429   Thumb Code    56  stm32f4xx_hal_tim_ex.o(.text)
    HAL_TIMEx_HallSensor_Start               0x08006461   Thumb Code    28  stm32f4xx_hal_tim_ex.o(.text)
    HAL_TIMEx_HallSensor_Stop                0x0800647d   Thumb Code    46  stm32f4xx_hal_tim_ex.o(.text)
    HAL_TIMEx_HallSensor_Start_IT            0x080064ab   Thumb Code    38  stm32f4xx_hal_tim_ex.o(.text)
    HAL_TIMEx_HallSensor_Stop_IT             0x080064d1   Thumb Code    56  stm32f4xx_hal_tim_ex.o(.text)
    HAL_TIMEx_HallSensor_Start_DMA           0x08006509   Thumb Code    96  stm32f4xx_hal_tim_ex.o(.text)
    HAL_TIMEx_HallSensor_Stop_DMA            0x08006569   Thumb Code    56  stm32f4xx_hal_tim_ex.o(.text)
    HAL_TIMEx_OCN_Start                      0x080065a1   Thumb Code    36  stm32f4xx_hal_tim_ex.o(.text)
    HAL_TIMEx_OCN_Stop                       0x080065c5   Thumb Code    68  stm32f4xx_hal_tim_ex.o(.text)
    HAL_TIMEx_OCN_Start_IT                   0x08006609   Thumb Code    96  stm32f4xx_hal_tim_ex.o(.text)
    HAL_TIMEx_OCN_Stop_IT                    0x08006669   Thumb Code   134  stm32f4xx_hal_tim_ex.o(.text)
    HAL_TIMEx_OCN_Start_DMA                  0x080066ef   Thumb Code   210  stm32f4xx_hal_tim_ex.o(.text)
    HAL_TIMEx_OCN_Stop_DMA                   0x080067c1   Thumb Code   124  stm32f4xx_hal_tim_ex.o(.text)
    HAL_TIMEx_PWMN_Start                     0x0800683d   Thumb Code    36  stm32f4xx_hal_tim_ex.o(.text)
    HAL_TIMEx_PWMN_Stop                      0x08006861   Thumb Code    68  stm32f4xx_hal_tim_ex.o(.text)
    HAL_TIMEx_PWMN_Start_IT                  0x080068a5   Thumb Code    96  stm32f4xx_hal_tim_ex.o(.text)
    HAL_TIMEx_PWMN_Stop_IT                   0x08006905   Thumb Code   148  stm32f4xx_hal_tim_ex.o(.text)
    HAL_TIMEx_PWMN_Start_DMA                 0x08006999   Thumb Code   210  stm32f4xx_hal_tim_ex.o(.text)
    HAL_TIMEx_PWMN_Stop_DMA                  0x08006a6b   Thumb Code   124  stm32f4xx_hal_tim_ex.o(.text)
    HAL_TIMEx_OnePulseN_Start                0x08006ae7   Thumb Code    26  stm32f4xx_hal_tim_ex.o(.text)
    HAL_TIMEx_OnePulseN_Stop                 0x08006b01   Thumb Code    68  stm32f4xx_hal_tim_ex.o(.text)
    HAL_TIMEx_OnePulseN_Start_IT             0x08006b45   Thumb Code    46  stm32f4xx_hal_tim_ex.o(.text)
    HAL_TIMEx_OnePulseN_Stop_IT              0x08006b73   Thumb Code    88  stm32f4xx_hal_tim_ex.o(.text)
    HAL_TIMEx_ConfigCommutationEvent         0x08006bcb   Thumb Code    92  stm32f4xx_hal_tim_ex.o(.text)
    HAL_TIMEx_ConfigCommutationEvent_IT      0x08006c27   Thumb Code   102  stm32f4xx_hal_tim_ex.o(.text)
    HAL_TIMEx_CommutationCallback            0x08006c8d   Thumb Code     2  stm32f4xx_hal_tim_ex.o(.text)
    TIMEx_DMACommutationCplt                 0x08006c8f   Thumb Code    16  stm32f4xx_hal_tim_ex.o(.text)
    HAL_TIMEx_ConfigCommutationEvent_DMA     0x08006c9f   Thumb Code   116  stm32f4xx_hal_tim_ex.o(.text)
    HAL_TIMEx_MasterConfigSynchronization    0x08006d13   Thumb Code    80  stm32f4xx_hal_tim_ex.o(.text)
    HAL_TIMEx_ConfigBreakDeadTime            0x08006d63   Thumb Code    74  stm32f4xx_hal_tim_ex.o(.text)
    HAL_TIMEx_RemapConfig                    0x08006dad   Thumb Code    34  stm32f4xx_hal_tim_ex.o(.text)
    HAL_TIMEx_BreakCallback                  0x08006dcf   Thumb Code     2  stm32f4xx_hal_tim_ex.o(.text)
    HAL_TIMEx_HallSensor_GetState            0x08006dd1   Thumb Code     6  stm32f4xx_hal_tim_ex.o(.text)
    Reset_Handler                            0x08006ded   Thumb Code     8  startup_stm32f407xx.o(.text)
    NMI_Handler                              0x08006df5   Thumb Code     2  startup_stm32f407xx.o(.text)
    HardFault_Handler                        0x08006df7   Thumb Code     2  startup_stm32f407xx.o(.text)
    MemManage_Handler                        0x08006df9   Thumb Code     2  startup_stm32f407xx.o(.text)
    BusFault_Handler                         0x08006dfb   Thumb Code     2  startup_stm32f407xx.o(.text)
    UsageFault_Handler                       0x08006dfd   Thumb Code     2  startup_stm32f407xx.o(.text)
    DebugMon_Handler                         0x08006e01   Thumb Code     2  startup_stm32f407xx.o(.text)
    ADC_IRQHandler                           0x08006e07   Thumb Code     0  startup_stm32f407xx.o(.text)
    CAN1_RX0_IRQHandler                      0x08006e07   Thumb Code     0  startup_stm32f407xx.o(.text)
    CAN1_RX1_IRQHandler                      0x08006e07   Thumb Code     0  startup_stm32f407xx.o(.text)
    CAN1_SCE_IRQHandler                      0x08006e07   Thumb Code     0  startup_stm32f407xx.o(.text)
    CAN1_TX_IRQHandler                       0x08006e07   Thumb Code     0  startup_stm32f407xx.o(.text)
    CAN2_RX0_IRQHandler                      0x08006e07   Thumb Code     0  startup_stm32f407xx.o(.text)
    CAN2_RX1_IRQHandler                      0x08006e07   Thumb Code     0  startup_stm32f407xx.o(.text)
    CAN2_SCE_IRQHandler                      0x08006e07   Thumb Code     0  startup_stm32f407xx.o(.text)
    CAN2_TX_IRQHandler                       0x08006e07   Thumb Code     0  startup_stm32f407xx.o(.text)
    DCMI_IRQHandler                          0x08006e07   Thumb Code     0  startup_stm32f407xx.o(.text)
    DMA1_Stream0_IRQHandler                  0x08006e07   Thumb Code     0  startup_stm32f407xx.o(.text)
    DMA1_Stream1_IRQHandler                  0x08006e07   Thumb Code     0  startup_stm32f407xx.o(.text)
    DMA1_Stream2_IRQHandler                  0x08006e07   Thumb Code     0  startup_stm32f407xx.o(.text)
    DMA1_Stream3_IRQHandler                  0x08006e07   Thumb Code     0  startup_stm32f407xx.o(.text)
    DMA1_Stream4_IRQHandler                  0x08006e07   Thumb Code     0  startup_stm32f407xx.o(.text)
    DMA1_Stream5_IRQHandler                  0x08006e07   Thumb Code     0  startup_stm32f407xx.o(.text)
    DMA1_Stream6_IRQHandler                  0x08006e07   Thumb Code     0  startup_stm32f407xx.o(.text)
    DMA1_Stream7_IRQHandler                  0x08006e07   Thumb Code     0  startup_stm32f407xx.o(.text)
    DMA2_Stream0_IRQHandler                  0x08006e07   Thumb Code     0  startup_stm32f407xx.o(.text)
    DMA2_Stream1_IRQHandler                  0x08006e07   Thumb Code     0  startup_stm32f407xx.o(.text)
    DMA2_Stream2_IRQHandler                  0x08006e07   Thumb Code     0  startup_stm32f407xx.o(.text)
    DMA2_Stream3_IRQHandler                  0x08006e07   Thumb Code     0  startup_stm32f407xx.o(.text)
    DMA2_Stream4_IRQHandler                  0x08006e07   Thumb Code     0  startup_stm32f407xx.o(.text)
    DMA2_Stream5_IRQHandler                  0x08006e07   Thumb Code     0  startup_stm32f407xx.o(.text)
    DMA2_Stream6_IRQHandler                  0x08006e07   Thumb Code     0  startup_stm32f407xx.o(.text)
    DMA2_Stream7_IRQHandler                  0x08006e07   Thumb Code     0  startup_stm32f407xx.o(.text)
    ETH_IRQHandler                           0x08006e07   Thumb Code     0  startup_stm32f407xx.o(.text)
    ETH_WKUP_IRQHandler                      0x08006e07   Thumb Code     0  startup_stm32f407xx.o(.text)
    EXTI15_10_IRQHandler                     0x08006e07   Thumb Code     0  startup_stm32f407xx.o(.text)
    EXTI1_IRQHandler                         0x08006e07   Thumb Code     0  startup_stm32f407xx.o(.text)
    EXTI2_IRQHandler                         0x08006e07   Thumb Code     0  startup_stm32f407xx.o(.text)
    EXTI3_IRQHandler                         0x08006e07   Thumb Code     0  startup_stm32f407xx.o(.text)
    EXTI4_IRQHandler                         0x08006e07   Thumb Code     0  startup_stm32f407xx.o(.text)
    EXTI9_5_IRQHandler                       0x08006e07   Thumb Code     0  startup_stm32f407xx.o(.text)
    FLASH_IRQHandler                         0x08006e07   Thumb Code     0  startup_stm32f407xx.o(.text)
    FMC_IRQHandler                           0x08006e07   Thumb Code     0  startup_stm32f407xx.o(.text)
    FPU_IRQHandler                           0x08006e07   Thumb Code     0  startup_stm32f407xx.o(.text)
    HASH_RNG_IRQHandler                      0x08006e07   Thumb Code     0  startup_stm32f407xx.o(.text)
    I2C1_ER_IRQHandler                       0x08006e07   Thumb Code     0  startup_stm32f407xx.o(.text)
    I2C1_EV_IRQHandler                       0x08006e07   Thumb Code     0  startup_stm32f407xx.o(.text)
    I2C2_ER_IRQHandler                       0x08006e07   Thumb Code     0  startup_stm32f407xx.o(.text)
    I2C2_EV_IRQHandler                       0x08006e07   Thumb Code     0  startup_stm32f407xx.o(.text)
    I2C3_ER_IRQHandler                       0x08006e07   Thumb Code     0  startup_stm32f407xx.o(.text)
    I2C3_EV_IRQHandler                       0x08006e07   Thumb Code     0  startup_stm32f407xx.o(.text)
    OTG_FS_IRQHandler                        0x08006e07   Thumb Code     0  startup_stm32f407xx.o(.text)
    OTG_FS_WKUP_IRQHandler                   0x08006e07   Thumb Code     0  startup_stm32f407xx.o(.text)
    OTG_HS_EP1_IN_IRQHandler                 0x08006e07   Thumb Code     0  startup_stm32f407xx.o(.text)
    OTG_HS_EP1_OUT_IRQHandler                0x08006e07   Thumb Code     0  startup_stm32f407xx.o(.text)
    OTG_HS_IRQHandler                        0x08006e07   Thumb Code     0  startup_stm32f407xx.o(.text)
    OTG_HS_WKUP_IRQHandler                   0x08006e07   Thumb Code     0  startup_stm32f407xx.o(.text)
    PVD_IRQHandler                           0x08006e07   Thumb Code     0  startup_stm32f407xx.o(.text)
    RCC_IRQHandler                           0x08006e07   Thumb Code     0  startup_stm32f407xx.o(.text)
    RTC_Alarm_IRQHandler                     0x08006e07   Thumb Code     0  startup_stm32f407xx.o(.text)
    RTC_WKUP_IRQHandler                      0x08006e07   Thumb Code     0  startup_stm32f407xx.o(.text)
    SDIO_IRQHandler                          0x08006e07   Thumb Code     0  startup_stm32f407xx.o(.text)
    SPI1_IRQHandler                          0x08006e07   Thumb Code     0  startup_stm32f407xx.o(.text)
    SPI2_IRQHandler                          0x08006e07   Thumb Code     0  startup_stm32f407xx.o(.text)
    SPI3_IRQHandler                          0x08006e07   Thumb Code     0  startup_stm32f407xx.o(.text)
    TAMP_STAMP_IRQHandler                    0x08006e07   Thumb Code     0  startup_stm32f407xx.o(.text)
    TIM1_BRK_TIM9_IRQHandler                 0x08006e07   Thumb Code     0  startup_stm32f407xx.o(.text)
    TIM1_CC_IRQHandler                       0x08006e07   Thumb Code     0  startup_stm32f407xx.o(.text)
    TIM1_TRG_COM_TIM11_IRQHandler            0x08006e07   Thumb Code     0  startup_stm32f407xx.o(.text)
    TIM1_UP_TIM10_IRQHandler                 0x08006e07   Thumb Code     0  startup_stm32f407xx.o(.text)
    TIM2_IRQHandler                          0x08006e07   Thumb Code     0  startup_stm32f407xx.o(.text)
    TIM5_IRQHandler                          0x08006e07   Thumb Code     0  startup_stm32f407xx.o(.text)
    TIM6_DAC_IRQHandler                      0x08006e07   Thumb Code     0  startup_stm32f407xx.o(.text)
    TIM7_IRQHandler                          0x08006e07   Thumb Code     0  startup_stm32f407xx.o(.text)
    TIM8_BRK_TIM12_IRQHandler                0x08006e07   Thumb Code     0  startup_stm32f407xx.o(.text)
    TIM8_CC_IRQHandler                       0x08006e07   Thumb Code     0  startup_stm32f407xx.o(.text)
    TIM8_TRG_COM_TIM14_IRQHandler            0x08006e07   Thumb Code     0  startup_stm32f407xx.o(.text)
    TIM8_UP_TIM13_IRQHandler                 0x08006e07   Thumb Code     0  startup_stm32f407xx.o(.text)
    UART4_IRQHandler                         0x08006e07   Thumb Code     0  startup_stm32f407xx.o(.text)
    UART5_IRQHandler                         0x08006e07   Thumb Code     0  startup_stm32f407xx.o(.text)
    USART1_IRQHandler                        0x08006e07   Thumb Code     0  startup_stm32f407xx.o(.text)
    USART2_IRQHandler                        0x08006e07   Thumb Code     0  startup_stm32f407xx.o(.text)
    USART3_IRQHandler                        0x08006e07   Thumb Code     0  startup_stm32f407xx.o(.text)
    USART6_IRQHandler                        0x08006e07   Thumb Code     0  startup_stm32f407xx.o(.text)
    WWDG_IRQHandler                          0x08006e07   Thumb Code     0  startup_stm32f407xx.o(.text)
    SystemInit                               0x08006e11   Thumb Code    66  system_stm32f4xx.o(.text)
    SystemCoreClockUpdate                    0x08006e53   Thumb Code   106  system_stm32f4xx.o(.text)
    __aeabi_uldivmod                         0x08006ed9   Thumb Code    98  uldiv.o(.text)
    __aeabi_dadd                             0x08006f3b   Thumb Code   322  dadd.o(.text)
    __aeabi_dsub                             0x0800707d   Thumb Code     6  dadd.o(.text)
    __aeabi_drsub                            0x08007083   Thumb Code     6  dadd.o(.text)
    __aeabi_dmul                             0x08007089   Thumb Code   228  dmul.o(.text)
    __aeabi_ddiv                             0x0800716d   Thumb Code   222  ddiv.o(.text)
    __aeabi_i2d                              0x0800724b   Thumb Code    34  dflti.o(.text)
    __aeabi_f2d                              0x0800726d   Thumb Code    38  f2d.o(.text)
    __aeabi_d2f                              0x08007293   Thumb Code    56  d2f.o(.text)
    __aeabi_uidiv                            0x080072cb   Thumb Code     0  uidiv.o(.text)
    __aeabi_uidivmod                         0x080072cb   Thumb Code    44  uidiv.o(.text)
    __aeabi_llsl                             0x080072f7   Thumb Code    30  llshl.o(.text)
    _ll_shift_l                              0x080072f7   Thumb Code     0  llshl.o(.text)
    __aeabi_llsr                             0x08007315   Thumb Code    32  llushr.o(.text)
    _ll_ushift_r                             0x08007315   Thumb Code     0  llushr.o(.text)
    __aeabi_lasr                             0x08007335   Thumb Code    36  llsshr.o(.text)
    _ll_sshift_r                             0x08007335   Thumb Code     0  llsshr.o(.text)
    __I$use$fp                               0x08007359   Thumb Code     0  iusefp.o(.text)
    _float_round                             0x08007359   Thumb Code    18  fepilogue.o(.text)
    _float_epilogue                          0x0800736b   Thumb Code    92  fepilogue.o(.text)
    _double_round                            0x080073c7   Thumb Code    30  depilogue.o(.text)
    _double_epilogue                         0x080073e5   Thumb Code   156  depilogue.o(.text)
    _dsqrt                                   0x08007481   Thumb Code   162  dsqrt.o(.text)
    __aeabi_d2ulz                            0x08007523   Thumb Code    48  dfixul.o(.text)
    __aeabi_cdrcmple                         0x08007555   Thumb Code    48  cdrcmple.o(.text)
    __scatterload                            0x08007585   Thumb Code    28  init.o(.text)
    __scatterload_rt2                        0x08007585   Thumb Code     0  init.o(.text)
    SVC_Count                                0x080075a8   Data           4  svc_table.o(SVC_TABLE)
    SVC_Table                                0x080075ac   Data           0  svc_table.o(SVC_TABLE)
    __0printf                                0x080075ad   Thumb Code    22  printfa.o(i.__0printf)
    __1printf                                0x080075ad   Thumb Code     0  printfa.o(i.__0printf)
    __2printf                                0x080075ad   Thumb Code     0  printfa.o(i.__0printf)
    __c89printf                              0x080075ad   Thumb Code     0  printfa.o(i.__0printf)
    printf                                   0x080075ad   Thumb Code     0  printfa.o(i.__0printf)
    __ARM_fpclassify                         0x080075cd   Thumb Code    48  fpclassify.o(i.__ARM_fpclassify)
    __hardfp_atan                            0x08007601   Thumb Code   622  atan.o(i.__hardfp_atan)
    __hardfp_sqrt                            0x080078d9   Thumb Code   122  sqrt.o(i.__hardfp_sqrt)
    __kernel_poly                            0x08007953   Thumb Code   248  poly.o(i.__kernel_poly)
    __mathlib_dbl_infnan                     0x08007a4b   Thumb Code    20  dunder.o(i.__mathlib_dbl_infnan)
    __mathlib_dbl_underflow                  0x08007a61   Thumb Code    24  dunder.o(i.__mathlib_dbl_underflow)
    __scatterload_copy                       0x08007a81   Thumb Code    14  handlers.o(i.__scatterload_copy)
    __scatterload_null                       0x08007a8f   Thumb Code     2  handlers.o(i.__scatterload_null)
    __scatterload_zeroinit                   0x08007a91   Thumb Code    14  handlers.o(i.__scatterload_zeroinit)
    __set_errno                              0x08007aa1   Thumb Code     6  errno.o(i.__set_errno)
    _init_box                                0x08007c11   Thumb Code    70  rt_membox.o(i._init_box)
    dbg_init                                 0x08008389   Thumb Code    34  hal_cm.o(i.dbg_init)
    dbg_task_notify                          0x080083b9   Thumb Code    32  hal_cm.o(i.dbg_task_notify)
    dbg_task_switch                          0x080083d9   Thumb Code    16  hal_cm.o(i.dbg_task_switch)
    fabs                                     0x080083e9   Thumb Code    24  fabs.o(i.fabs)
    isrMessageGet                            0x08008401   Thumb Code    42  rt_cmsis.o(i.isrMessageGet)
    isrMessagePut                            0x0800842b   Thumb Code    44  rt_cmsis.o(i.isrMessagePut)
    isrSignalSet                             0x08008457   Thumb Code    36  rt_cmsis.o(i.isrSignalSet)
    isr_evt_set                              0x0800847d   Thumb Code    34  rt_event.o(i.isr_evt_set)
    isr_mbx_receive                          0x080084a5   Thumb Code    82  rt_mailbox.o(i.isr_mbx_receive)
    isr_mbx_send                             0x080084f7   Thumb Code    14  rt_mailbox.o(i.isr_mbx_send)
    osKernelInitialize                       0x08008505   Thumb Code    30  rt_cmsis.o(i.osKernelInitialize)
    osKernelStart                            0x08008529   Thumb Code    98  rt_cmsis.o(i.osKernelStart)
    osMailAlloc                              0x08008595   Thumb Code    22  rt_cmsis.o(i.osMailAlloc)
    osMailCreate                             0x080085b1   Thumb Code    38  rt_cmsis.o(i.osMailCreate)
    osMailFree                               0x080085e1   Thumb Code    22  rt_cmsis.o(i.osMailFree)
    osMailGet                                0x080085fd   Thumb Code    22  rt_cmsis.o(i.osMailGet)
    osMailPut                                0x08008613   Thumb Code    20  rt_cmsis.o(i.osMailPut)
    osMessageGet                             0x08008629   Thumb Code    18  rt_cmsis.o(i.osMessageGet)
    osMessagePut                             0x08008641   Thumb Code    18  rt_cmsis.o(i.osMessagePut)
    osSignalClear                            0x08008659   Thumb Code    20  rt_cmsis.o(i.osSignalClear)
    osSignalSet                              0x08008671   Thumb Code    18  rt_cmsis.o(i.osSignalSet)
    osSignalWait                             0x08008689   Thumb Code    18  rt_cmsis.o(i.osSignalWait)
    osThreadCreate                           0x080086a1   Thumb Code    38  rt_cmsis.o(i.osThreadCreate)
    osThreadExit                             0x080086d1   Thumb Code    14  rt_cmsis.o(i.osThreadExit)
    osTimerCall                              0x080086e9   Thumb Code     8  rt_cmsis.o(i.osTimerCall)
    osTimerThread                            0x080086f5   Thumb Code    38  rt_cmsis.o(i.osTimerThread)
    os_tick_init                             0x08008721   Thumb Code    32  rt_system.o(i.os_tick_init)
    os_tick_irqack                           0x08008749   Thumb Code     2  rt_system.o(i.os_tick_irqack)
    rt_alloc_box                             0x0800874b   Thumb Code    26  rt_membox.o(i.rt_alloc_box)
    rt_alloc_mem                             0x08008765   Thumb Code    62  rt_memory.o(i.rt_alloc_mem)
    rt_block                                 0x080087a5   Thumb Code    48  rt_task.o(i.rt_block)
    rt_chk_robin                             0x080087dd   Thumb Code    60  rt_robin.o(i.rt_chk_robin)
    rt_dec_dly                               0x08008825   Thumb Code   102  rt_list.o(i.rt_dec_dly)
    rt_dispatch                              0x08008895   Thumb Code    60  rt_task.o(i.rt_dispatch)
    rt_evt_clr                               0x080088d9   Thumb Code    22  rt_event.o(i.rt_evt_clr)
    rt_evt_psh                               0x080088f5   Thumb Code    76  rt_event.o(i.rt_evt_psh)
    rt_evt_set                               0x08008945   Thumb Code    88  rt_event.o(i.rt_evt_set)
    rt_evt_wait                              0x080089a1   Thumb Code    56  rt_event.o(i.rt_evt_wait)
    rt_free_box                              0x080089dd   Thumb Code    44  rt_membox.o(i.rt_free_box)
    rt_free_mem                              0x08008a09   Thumb Code    40  rt_memory.o(i.rt_free_mem)
    rt_get_first                             0x08008a31   Thumb Code    40  rt_list.o(i.rt_get_first)
    rt_init_mem                              0x08008aa9   Thumb Code    26  rt_memory.o(i.rt_init_mem)
    rt_init_robin                            0x08008ac5   Thumb Code    14  rt_robin.o(i.rt_init_robin)
    rt_init_stack                            0x08008add   Thumb Code   118  hal_cm.o(i.rt_init_stack)
    rt_mbx_check                             0x08008b5d   Thumb Code     8  rt_mailbox.o(i.rt_mbx_check)
    rt_mbx_init                              0x08008b65   Thumb Code    26  rt_mailbox.o(i.rt_mbx_init)
    rt_mbx_psh                               0x08008b81   Thumb Code   236  rt_mailbox.o(i.rt_mbx_psh)
    rt_mbx_send                              0x08008c71   Thumb Code   148  rt_mailbox.o(i.rt_mbx_send)
    rt_mbx_wait                              0x08008d09   Thumb Code   174  rt_mailbox.o(i.rt_mbx_wait)
    rt_pop_req                               0x08008e01   Thumb Code   112  rt_system.o(i.rt_pop_req)
    rt_psh_req                               0x08008e7d   Thumb Code    22  rt_system.o(i.rt_psh_req)
    rt_psq_enq                               0x08008e9d   Thumb Code    88  rt_list.o(i.rt_psq_enq)
    rt_put_dly                               0x08008ef9   Thumb Code    68  rt_list.o(i.rt_put_dly)
    rt_put_prio                              0x08008f41   Thumb Code    54  rt_list.o(i.rt_put_prio)
    rt_put_rdy_first                         0x08008f79   Thumb Code    14  rt_list.o(i.rt_put_rdy_first)
    rt_resort_prio                           0x08008f8d   Thumb Code    46  rt_list.o(i.rt_resort_prio)
    rt_ret_val                               0x08008fd1   Thumb Code    12  hal_cm.o(i.rt_ret_val)
    rt_ret_val2                              0x08008fdd   Thumb Code    16  hal_cm.o(i.rt_ret_val2)
    rt_rmv_dly                               0x08008fed   Thumb Code    40  rt_list.o(i.rt_rmv_dly)
    rt_rmv_list                              0x08009015   Thumb Code    44  rt_list.o(i.rt_rmv_list)
    rt_sem_psh                               0x08009045   Thumb Code    48  rt_semaphore.o(i.rt_sem_psh)
    rt_stk_check                             0x08009079   Thumb Code    28  rt_system.o(i.rt_stk_check)
    rt_switch_req                            0x0800909d   Thumb Code    30  rt_task.o(i.rt_switch_req)
    rt_sys_init                              0x080090c5   Thumb Code   138  rt_task.o(i.rt_sys_init)
    rt_sys_start                             0x08009191   Thumb Code   110  rt_task.o(i.rt_sys_start)
    rt_systick                               0x08009209   Thumb Code    50  rt_system.o(i.rt_systick)
    rt_tsk_create                            0x08009291   Thumb Code   118  rt_task.o(i.rt_tsk_create)
    rt_tsk_delete                            0x08009319   Thumb Code   352  rt_task.o(i.rt_tsk_delete)
    rt_tsk_prio                              0x08009495   Thumb Code   108  rt_task.o(i.rt_tsk_prio)
    rt_tsk_self                              0x08009511   Thumb Code    12  rt_task.o(i.rt_tsk_self)
    svcKernelInitialize                      0x08009521   Thumb Code    80  rt_cmsis.o(i.svcKernelInitialize)
    svcKernelStart                           0x08009591   Thumb Code    62  rt_cmsis.o(i.svcKernelStart)
    svcMailCreate                            0x080095d9   Thumb Code    66  rt_cmsis.o(i.svcMailCreate)
    svcMessageCreate                         0x0800961b   Thumb Code    36  rt_cmsis.o(i.svcMessageCreate)
    svcMessageGet                            0x0800963f   Thumb Code    58  rt_cmsis.o(i.svcMessageGet)
    svcMessagePut                            0x08009679   Thumb Code    54  rt_cmsis.o(i.svcMessagePut)
    svcSignalClear                           0x080096af   Thumb Code    36  rt_cmsis.o(i.svcSignalClear)
    svcSignalSet                             0x080096d3   Thumb Code    36  rt_cmsis.o(i.svcSignalSet)
    svcSignalWait                            0x080096f9   Thumb Code    80  rt_cmsis.o(i.svcSignalWait)
    svcThreadCreate                          0x0800974d   Thumb Code   100  rt_cmsis.o(i.svcThreadCreate)
    svcThreadGetId                           0x080097bd   Thumb Code    22  rt_cmsis.o(i.svcThreadGetId)
    svcThreadTerminate                       0x080097d9   Thumb Code    50  rt_cmsis.o(i.svcThreadTerminate)
    svcTimerCall                             0x08009811   Thumb Code    24  rt_cmsis.o(i.svcTimerCall)
    sysMailAlloc                             0x08009829   Thumb Code    84  rt_cmsis.o(i.sysMailAlloc)
    sysMailFree                              0x08009881   Thumb Code    96  rt_cmsis.o(i.sysMailFree)
    sysTimerTick                             0x080098e1   Thumb Code    84  rt_cmsis.o(i.sysTimerTick)
    os_thread_def_Thread_LED                 0x0800993c   Data          16  led_driver.o(.constdata)
    os_mailQ_def_input_mailbox               0x0800994c   Data          12  mail_controller.o(.constdata)
    os_mailQ_def_led_mailbox                 0x08009958   Data          12  mail_controller.o(.constdata)
    os_thread_def_Thread_MAIL_CONTROLLER     0x08009964   Data          16  mail_controller.o(.constdata)
    os_maxtaskrun                            0x08009974   Data           2  rtx_conf_cm.o(.constdata)
    os_stackinfo                             0x08009978   Data           4  rtx_conf_cm.o(.constdata)
    os_rrobin                                0x0800997c   Data           4  rtx_conf_cm.o(.constdata)
    os_trv                                   0x08009980   Data           4  rtx_conf_cm.o(.constdata)
    os_flags                                 0x08009984   Data           1  rtx_conf_cm.o(.constdata)
    CMSIS_RTOS_API_Version                   0x08009988   Data           4  rtx_conf_cm.o(.constdata)
    CMSIS_RTOS_RTX_Version                   0x0800998c   Data           4  rtx_conf_cm.o(.constdata)
    os_clockrate                             0x08009990   Data           4  rtx_conf_cm.o(.constdata)
    os_timernum                              0x08009994   Data           4  rtx_conf_cm.o(.constdata)
    mp_tcb_size                              0x08009998   Data           2  rtx_conf_cm.o(.constdata)
    mp_stk_size                              0x0800999c   Data           4  rtx_conf_cm.o(.constdata)
    os_stack_sz                              0x080099a0   Data           4  rtx_conf_cm.o(.constdata)
    os_fifo_size                             0x080099a4   Data           1  rtx_conf_cm.o(.constdata)
    os_thread_def_osTimerThread              0x080099a8   Data          16  rtx_conf_cm.o(.constdata)
    os_messageQ_def_osTimerMessageQ          0x080099b8   Data           8  rtx_conf_cm.o(.constdata)
    mp_tmr_size                              0x080099c0   Data           2  rtx_conf_cm.o(.constdata)
    APBAHBPrescTable                         0x080099ca   Data          16  stm32f4xx_hal_rcc.o(.constdata)
    AHBPrescTable                            0x080099da   Data          16  system_stm32f4xx.o(.constdata)
    Region$$Table$$Base                      0x08009a88   Number         0  anon$$obj.o(Region$$Table)
    Region$$Table$$Limit                     0x08009aa8   Number         0  anon$$obj.o(Region$$Table)
    accelerometer_thread_id                  0x20000000   Data           4  main.o(.data)
    temperature_thread_id                    0x20000004   Data           4  main.o(.data)
    display_mode                             0x20000008   Data           1  led_driver.o(.data)
    current_value                            0x2000000c   Data           4  led_driver.o(.data)
    target_value                             0x20000010   Data           4  led_driver.o(.data)
    digit_mode                               0x20000014   Data           4  led_driver.o(.data)
    moving_decimal_mode                      0x20000018   Data           4  led_driver.o(.data)
    decimal_digit                            0x2000001c   Data           4  led_driver.o(.data)
    degree_mode                              0x20000020   Data           4  led_driver.o(.data)
    blinking                                 0x20000024   Data           4  led_driver.o(.data)
    target_was_set                           0x20000028   Data           4  led_driver.o(.data)
    blinking_count                           0x2000002c   Data           4  led_driver.o(.data)
    current_digit                            0x20000030   Data           4  led_driver.o(.data)
    tid_Thread_LED                           0x20000034   Data           4  led_driver.o(.data)
    digits                                   0x20000038   Data          20  led_driver.o(.data)
    curent_display_type                      0x2000004c   Data           1  mail_controller.o(.data)
    temperature                              0x20000050   Data           4  mail_controller.o(.data)
    angle                                    0x20000054   Data           4  mail_controller.o(.data)
    key_event                                0x20000058   Data           4  mail_controller.o(.data)
    target_set                               0x2000005c   Data           4  mail_controller.o(.data)
    input_mailbox                            0x20000060   Data           4  mail_controller.o(.data)
    led_mailbox                              0x20000064   Data           4  mail_controller.o(.data)
    tid_Thread_MAIL_CONTROLLER               0x20000068   Data           4  mail_controller.o(.data)
    os_mailQ_p_input_mailbox                 0x2000006c   Data           8  mail_controller.o(.data)
    os_mailQ_p_led_mailbox                   0x20000074   Data           8  mail_controller.o(.data)
    data_ready                               0x2000007c   Data           4  accelerometer.o(.data)
    LIS3DSHTimeout                           0x20000080   Data           4  lis3dsh.o(.data)
    m_tmr                                    0x20000084   Data           4  rtx_conf_cm.o(.data)
    os_thread_def_main                       0x20000088   Data          16  rtx_conf_cm.o(.data)
    osThreadId_osTimerThread                 0x20000098   Data           4  rtx_conf_cm.o(.data)
    osMessageQId_osTimerMessageQ             0x2000009c   Data           4  rtx_conf_cm.o(.data)
    SystemCoreClock                          0x200000a4   Data           4  system_stm32f4xx.o(.data)
    os_initialized                           0x200000a8   Data           1  rt_cmsis.o(.data)
    os_running                               0x200000a9   Data           1  rt_cmsis.o(.data)
    os_timer_head                            0x200000ac   Data           4  rt_cmsis.o(.data)
    os_time                                  0x200000b0   Data           4  rt_time.o(.data)
    os_tsk                                   0x200000b4   Data           8  rt_task.o(.data)
    os_tick_irqn                             0x200000c0   Data           4  rt_system.o(.data)
    dbg_msg                                  0x200000c4   Data           1  hal_cm.o(.data)
    os_robin                                 0x200000c8   Data           8  rt_robin.o(.data)
    __stdout                                 0x200000d0   Data           4  stdout.o(.data)
    TIM_Handle                               0x200000d8   Data          60  main.o(.bss)
    TIM_Handle2                              0x20000114   Data          60  main.o(.bss)
    digit_segments                           0x20000150   Data         112  led_driver.o(.bss)
    os_mailQ_q_input_mailbox                 0x200001c0   Data          36  mail_controller.o(.bss)
    os_mailQ_q_led_mailbox                   0x200001e4   Data          36  mail_controller.o(.bss)
    os_mailQ_m_input_mailbox                 0x20000208   Data          52  mail_controller.o(.bss)
    os_mailQ_m_led_mailbox                   0x2000023c   Data          52  mail_controller.o(.bss)
    g_AdcHandle                              0x20000270   Data          68  temperature.o(.bss)
    SpiHandle                                0x200002b4   Data          88  lis3dsh.o(.bss)
    os_messageQ_q_osTimerMessageQ            0x2000030c   Data          32  rtx_conf_cm.o(.bss)
    mp_tcb                                   0x2000032c   Data         376  rtx_conf_cm.o(.bss)
    mp_stk                                   0x200004a8   Data        4816  rtx_conf_cm.o(.bss)
    os_stack_mem                             0x20001778   Data        1256  rtx_conf_cm.o(.bss)
    os_fifo                                  0x20001c60   Data         132  rtx_conf_cm.o(.bss)
    os_active_TCB                            0x20001ce4   Data          28  rtx_conf_cm.o(.bss)
    os_idle_TCB                              0x20001d00   Data          52  rt_task.o(.bss)
    os_rdy                                   0x20001d34   Data          24  rt_list.o(.bss)
    os_dly                                   0x20001d4c   Data          24  rt_list.o(.bss)
    __initial_sp                             0x20002168   Data           0  startup_stm32f407xx.o(STACK)



==============================================================================

Memory Map of the image

  Image Entry point : 0x08000189

  Load Region LR_IROM1 (Base: 0x08000000, Size: 0x00009b80, Max: 0x00100000, ABSOLUTE)

    Execution Region ER_IROM1 (Base: 0x08000000, Size: 0x00009aa8, Max: 0x00100000, ABSOLUTE)

    Base Addr    Size         Type   Attr      Idx    E Section Name        Object

    0x08000000   0x00000188   Data   RO          814    RESET               startup_stm32f407xx.o
    0x08000188   0x00000000   Code   RO         2095  * .ARM.Collect$$$$00000000  mc_w.l(entry.o)
    0x08000188   0x00000004   Code   RO         2397    .ARM.Collect$$$$00000001  mc_w.l(entry2.o)
    0x0800018c   0x00000004   Code   RO         2400    .ARM.Collect$$$$00000004  mc_w.l(entry5.o)
    0x08000190   0x00000000   Code   RO         2402    .ARM.Collect$$$$00000008  mc_w.l(entry7b.o)
    0x08000190   0x00000000   Code   RO         2404    .ARM.Collect$$$$0000000A  mc_w.l(entry8b.o)
    0x08000190   0x00000000   Code   RO         2405    .ARM.Collect$$$$0000000D  mc_w.l(entry10a.o)
    0x08000190   0x00000000   Code   RO         2407    .ARM.Collect$$$$0000000F  mc_w.l(entry11a.o)
    0x08000190   0x00000018   Code   RO          363    .ARM.Collect$$$$000000FF  rtx_conf_cm.o
    0x080001a8   0x00000004   Code   RO         2398    .ARM.Collect$$$$00002712  mc_w.l(entry2.o)
    0x080001ac   0x00000198   Code   RO         2056    .emb_text           RTX_CM4.lib(hal_cm4.o)
    0x08000344   0x00000228   Code   RO            4    .text               main.o
    0x0800056c   0x00000028   Code   RO          173    .text               fput_debug.o
    0x08000594   0x000004f4   Code   RO          201    .text               led_driver.o
    0x08000a88   0x000001b0   Code   RO          242    .text               mail_controller.o
    0x08000c38   0x00000140   Code   RO          276    .text               accelerometer.o
    0x08000d78   0x000000b4   Code   RO          310    .text               temperature.o
    0x08000e2c   0x00000478   Code   RO          337    .text               lis3dsh.o
    0x080012a4   0x00000004   Code   RO          364    .text               rtx_conf_cm.o
    0x080012a8   0x0000017c   Code   RO          419    .text               stm32f4xx_hal.o
    0x08001424   0x000007c0   Code   RO          445    .text               stm32f4xx_hal_adc.o
    0x08001be4   0x00000594   Code   RO          469    .text               stm32f4xx_hal_adc_ex.o
    0x08002178   0x00000230   Code   RO          493    .text               stm32f4xx_hal_cortex.o
    0x080023a8   0x000004ec   Code   RO          521    .text               stm32f4xx_hal_dma.o
    0x08002894   0x00000348   Code   RO          570    .text               stm32f4xx_hal_gpio.o
    0x08002bdc   0x00000804   Code   RO          642    .text               stm32f4xx_hal_rcc.o
    0x080033e0   0x0000112e   Code   RO          694    .text               stm32f4xx_hal_spi.o
    0x0800450e   0x00000002   PAD
    0x08004510   0x00001e62   Code   RO          718    .text               stm32f4xx_hal_tim.o
    0x08006372   0x00000002   PAD
    0x08006374   0x00000a78   Code   RO          743    .text               stm32f4xx_hal_tim_ex.o
    0x08006dec   0x00000024   Code   RO          815    .text               startup_stm32f407xx.o
    0x08006e10   0x000000c8   Code   RO          822    .text               system_stm32f4xx.o
    0x08006ed8   0x00000062   Code   RO         2098    .text               mc_w.l(uldiv.o)
    0x08006f3a   0x0000014e   Code   RO         2361    .text               mf_w.l(dadd.o)
    0x08007088   0x000000e4   Code   RO         2363    .text               mf_w.l(dmul.o)
    0x0800716c   0x000000de   Code   RO         2365    .text               mf_w.l(ddiv.o)
    0x0800724a   0x00000022   Code   RO         2367    .text               mf_w.l(dflti.o)
    0x0800726c   0x00000026   Code   RO         2369    .text               mf_w.l(f2d.o)
    0x08007292   0x00000038   Code   RO         2371    .text               mf_w.l(d2f.o)
    0x080072ca   0x0000002c   Code   RO         2410    .text               mc_w.l(uidiv.o)
    0x080072f6   0x0000001e   Code   RO         2412    .text               mc_w.l(llshl.o)
    0x08007314   0x00000020   Code   RO         2414    .text               mc_w.l(llushr.o)
    0x08007334   0x00000024   Code   RO         2416    .text               mc_w.l(llsshr.o)
    0x08007358   0x00000000   Code   RO         2425    .text               mc_w.l(iusefp.o)
    0x08007358   0x0000006e   Code   RO         2426    .text               mf_w.l(fepilogue.o)
    0x080073c6   0x000000ba   Code   RO         2428    .text               mf_w.l(depilogue.o)
    0x08007480   0x000000a2   Code   RO         2432    .text               mf_w.l(dsqrt.o)
    0x08007522   0x00000030   Code   RO         2434    .text               mf_w.l(dfixul.o)
    0x08007552   0x00000002   PAD
    0x08007554   0x00000030   Code   RO         2438    .text               mf_w.l(cdrcmple.o)
    0x08007584   0x00000024   Code   RO         2440    .text               mc_w.l(init.o)
    0x080075a8   0x00000004   Code   RO         2066    SVC_TABLE           RTX_CM4.lib(svc_table.o)
    0x080075ac   0x00000020   Code   RO         2333    i.__0printf         mc_w.l(printfa.o)
    0x080075cc   0x00000030   Code   RO         2393    i.__ARM_fpclassify  m_wm.l(fpclassify.o)
    0x080075fc   0x00000004   PAD
    0x08007600   0x000002d8   Code   RO         2069    i.__hardfp_atan     m_wm.l(atan.o)
    0x080078d8   0x0000007a   Code   RO         2083    i.__hardfp_sqrt     m_wm.l(sqrt.o)
    0x08007952   0x000000f8   Code   RO         2395    i.__kernel_poly     m_wm.l(poly.o)
    0x08007a4a   0x00000014   Code   RO         2374    i.__mathlib_dbl_infnan  m_wm.l(dunder.o)
    0x08007a5e   0x00000002   PAD
    0x08007a60   0x00000020   Code   RO         2379    i.__mathlib_dbl_underflow  m_wm.l(dunder.o)
    0x08007a80   0x0000000e   Code   RO         2444    i.__scatterload_copy  mc_w.l(handlers.o)
    0x08007a8e   0x00000002   Code   RO         2445    i.__scatterload_null  mc_w.l(handlers.o)
    0x08007a90   0x0000000e   Code   RO         2446    i.__scatterload_zeroinit  mc_w.l(handlers.o)
    0x08007a9e   0x00000002   PAD
    0x08007aa0   0x0000000c   Code   RO         2420    i.__set_errno       mc_w.l(errno.o)
    0x08007aac   0x00000164   Code   RO         2340    i._fp_digits        mc_w.l(printfa.o)
    0x08007c10   0x00000046   Code   RO         1929    i._init_box         RTX_CM4.lib(rt_membox.o)
    0x08007c56   0x00000002   PAD
    0x08007c58   0x000006dc   Code   RO         2341    i._printf_core      mc_w.l(printfa.o)
    0x08008334   0x00000024   Code   RO         2342    i._printf_post_padding  mc_w.l(printfa.o)
    0x08008358   0x0000002e   Code   RO         2343    i._printf_pre_padding  mc_w.l(printfa.o)
    0x08008386   0x00000002   PAD
    0x08008388   0x00000030   Code   RO         1982    i.dbg_init          RTX_CM4.lib(hal_cm.o)
    0x080083b8   0x00000020   Code   RO         1983    i.dbg_task_notify   RTX_CM4.lib(hal_cm.o)
    0x080083d8   0x00000010   Code   RO         1984    i.dbg_task_switch   RTX_CM4.lib(hal_cm.o)
    0x080083e8   0x00000018   Code   RO         2389    i.fabs              m_wm.l(fabs.o)
    0x08008400   0x0000002a   Code   RO          853    i.isrMessageGet     RTX_CM4.lib(rt_cmsis.o)
    0x0800842a   0x0000002c   Code   RO          854    i.isrMessagePut     RTX_CM4.lib(rt_cmsis.o)
    0x08008456   0x00000024   Code   RO          856    i.isrSignalSet      RTX_CM4.lib(rt_cmsis.o)
    0x0800847a   0x00000002   PAD
    0x0800847c   0x00000028   Code   RO         1686    i.isr_evt_set       RTX_CM4.lib(rt_event.o)
    0x080084a4   0x00000052   Code   RO         1808    i.isr_mbx_receive   RTX_CM4.lib(rt_mailbox.o)
    0x080084f6   0x0000000e   Code   RO         1809    i.isr_mbx_send      RTX_CM4.lib(rt_mailbox.o)
    0x08008504   0x00000024   Code   RO          858    i.osKernelInitialize  RTX_CM4.lib(rt_cmsis.o)
    0x08008528   0x0000006c   Code   RO          860    i.osKernelStart     RTX_CM4.lib(rt_cmsis.o)
    0x08008594   0x0000001c   Code   RO          862    i.osMailAlloc       RTX_CM4.lib(rt_cmsis.o)
    0x080085b0   0x00000030   Code   RO          864    i.osMailCreate      RTX_CM4.lib(rt_cmsis.o)
    0x080085e0   0x0000001c   Code   RO          865    i.osMailFree        RTX_CM4.lib(rt_cmsis.o)
    0x080085fc   0x00000016   Code   RO          866    i.osMailGet         RTX_CM4.lib(rt_cmsis.o)
    0x08008612   0x00000014   Code   RO          867    i.osMailPut         RTX_CM4.lib(rt_cmsis.o)
    0x08008626   0x00000002   PAD
    0x08008628   0x00000018   Code   RO          869    i.osMessageGet      RTX_CM4.lib(rt_cmsis.o)
    0x08008640   0x00000018   Code   RO          870    i.osMessagePut      RTX_CM4.lib(rt_cmsis.o)
    0x08008658   0x00000018   Code   RO          883    i.osSignalClear     RTX_CM4.lib(rt_cmsis.o)
    0x08008670   0x00000018   Code   RO          884    i.osSignalSet       RTX_CM4.lib(rt_cmsis.o)
    0x08008688   0x00000018   Code   RO          885    i.osSignalWait      RTX_CM4.lib(rt_cmsis.o)
    0x080086a0   0x00000030   Code   RO          886    i.osThreadCreate    RTX_CM4.lib(rt_cmsis.o)
    0x080086d0   0x00000018   Code   RO          887    i.osThreadExit      RTX_CM4.lib(rt_cmsis.o)
    0x080086e8   0x0000000c   Code   RO          893    i.osTimerCall       RTX_CM4.lib(rt_cmsis.o)
    0x080086f4   0x0000002c   Code   RO          898    i.osTimerThread     RTX_CM4.lib(rt_cmsis.o)
    0x08008720   0x00000028   Code   RO         1596    i.os_tick_init      RTX_CM4.lib(rt_system.o)
    0x08008748   0x00000002   Code   RO         1597    i.os_tick_irqack    RTX_CM4.lib(rt_system.o)
    0x0800874a   0x0000001a   Code   RO         1930    i.rt_alloc_box      RTX_CM4.lib(rt_membox.o)
    0x08008764   0x0000003e   Code   RO         1958    i.rt_alloc_mem      RTX_CM4.lib(rt_memory.o)
    0x080087a2   0x00000002   PAD
    0x080087a4   0x00000038   Code   RO         1511    i.rt_block          RTX_CM4.lib(rt_task.o)
    0x080087dc   0x00000048   Code   RO         2035    i.rt_chk_robin      RTX_CM4.lib(rt_robin.o)
    0x08008824   0x00000070   Code   RO         1732    i.rt_dec_dly        RTX_CM4.lib(rt_list.o)
    0x08008894   0x00000044   Code   RO         1512    i.rt_dispatch       RTX_CM4.lib(rt_task.o)
    0x080088d8   0x0000001c   Code   RO         1687    i.rt_evt_clr        RTX_CM4.lib(rt_event.o)
    0x080088f4   0x00000050   Code   RO         1689    i.rt_evt_psh        RTX_CM4.lib(rt_event.o)
    0x08008944   0x0000005c   Code   RO         1690    i.rt_evt_set        RTX_CM4.lib(rt_event.o)
    0x080089a0   0x0000003c   Code   RO         1691    i.rt_evt_wait       RTX_CM4.lib(rt_event.o)
    0x080089dc   0x0000002c   Code   RO         1931    i.rt_free_box       RTX_CM4.lib(rt_membox.o)
    0x08008a08   0x00000028   Code   RO         1959    i.rt_free_mem       RTX_CM4.lib(rt_memory.o)
    0x08008a30   0x00000028   Code   RO         1733    i.rt_get_first      RTX_CM4.lib(rt_list.o)
    0x08008a58   0x00000008   Code   RO          903    i.rt_id2obj         RTX_CM4.lib(rt_cmsis.o)
    0x08008a60   0x00000048   Code   RO         1513    i.rt_init_context   RTX_CM4.lib(rt_task.o)
    0x08008aa8   0x0000001a   Code   RO         1960    i.rt_init_mem       RTX_CM4.lib(rt_memory.o)
    0x08008ac2   0x00000002   PAD
    0x08008ac4   0x00000018   Code   RO         2036    i.rt_init_robin     RTX_CM4.lib(rt_robin.o)
    0x08008adc   0x00000080   Code   RO         1985    i.rt_init_stack     RTX_CM4.lib(hal_cm.o)
    0x08008b5c   0x00000008   Code   RO         1810    i.rt_mbx_check      RTX_CM4.lib(rt_mailbox.o)
    0x08008b64   0x0000001a   Code   RO         1811    i.rt_mbx_init       RTX_CM4.lib(rt_mailbox.o)
    0x08008b7e   0x00000002   PAD
    0x08008b80   0x000000f0   Code   RO         1812    i.rt_mbx_psh        RTX_CM4.lib(rt_mailbox.o)
    0x08008c70   0x00000098   Code   RO         1813    i.rt_mbx_send       RTX_CM4.lib(rt_mailbox.o)
    0x08008d08   0x000000b4   Code   RO         1814    i.rt_mbx_wait       RTX_CM4.lib(rt_mailbox.o)
    0x08008dbc   0x00000044   Code   RO          904    i.rt_ms2tick        RTX_CM4.lib(rt_cmsis.o)
    0x08008e00   0x0000007c   Code   RO         1600    i.rt_pop_req        RTX_CM4.lib(rt_system.o)
    0x08008e7c   0x00000020   Code   RO         1601    i.rt_psh_req        RTX_CM4.lib(rt_system.o)
    0x08008e9c   0x0000005c   Code   RO         1735    i.rt_psq_enq        RTX_CM4.lib(rt_list.o)
    0x08008ef8   0x00000048   Code   RO         1736    i.rt_put_dly        RTX_CM4.lib(rt_list.o)
    0x08008f40   0x00000036   Code   RO         1737    i.rt_put_prio       RTX_CM4.lib(rt_list.o)
    0x08008f76   0x00000002   PAD
    0x08008f78   0x00000014   Code   RO         1738    i.rt_put_rdy_first  RTX_CM4.lib(rt_list.o)
    0x08008f8c   0x00000034   Code   RO         1739    i.rt_resort_prio    RTX_CM4.lib(rt_list.o)
    0x08008fc0   0x00000010   Code   RO         1986    i.rt_ret_regs       RTX_CM4.lib(hal_cm.o)
    0x08008fd0   0x0000000c   Code   RO         1987    i.rt_ret_val        RTX_CM4.lib(hal_cm.o)
    0x08008fdc   0x00000010   Code   RO         1988    i.rt_ret_val2       RTX_CM4.lib(hal_cm.o)
    0x08008fec   0x00000028   Code   RO         1740    i.rt_rmv_dly        RTX_CM4.lib(rt_list.o)
    0x08009014   0x00000030   Code   RO         1741    i.rt_rmv_list       RTX_CM4.lib(rt_list.o)
    0x08009044   0x00000034   Code   RO         1859    i.rt_sem_psh        RTX_CM4.lib(rt_semaphore.o)
    0x08009078   0x00000024   Code   RO         1603    i.rt_stk_check      RTX_CM4.lib(rt_system.o)
    0x0800909c   0x00000028   Code   RO         1514    i.rt_switch_req     RTX_CM4.lib(rt_task.o)
    0x080090c4   0x000000cc   Code   RO         1515    i.rt_sys_init       RTX_CM4.lib(rt_task.o)
    0x08009190   0x00000078   Code   RO         1516    i.rt_sys_start      RTX_CM4.lib(rt_task.o)
    0x08009208   0x00000040   Code   RO         1605    i.rt_systick        RTX_CM4.lib(rt_system.o)
    0x08009248   0x00000012   Code   RO          905    i.rt_tid2ptcb       RTX_CM4.lib(rt_cmsis.o)
    0x0800925a   0x00000002   PAD
    0x0800925c   0x00000034   Code   RO          906    i.rt_timer_insert   RTX_CM4.lib(rt_cmsis.o)
    0x08009290   0x00000088   Code   RO         1517    i.rt_tsk_create     RTX_CM4.lib(rt_task.o)
    0x08009318   0x0000017c   Code   RO         1518    i.rt_tsk_delete     RTX_CM4.lib(rt_task.o)
    0x08009494   0x0000007c   Code   RO         1520    i.rt_tsk_prio       RTX_CM4.lib(rt_task.o)
    0x08009510   0x00000010   Code   RO         1521    i.rt_tsk_self       RTX_CM4.lib(rt_task.o)
    0x08009520   0x00000070   Code   RO          909    i.svcKernelInitialize  RTX_CM4.lib(rt_cmsis.o)
    0x08009590   0x00000048   Code   RO          911    i.svcKernelStart    RTX_CM4.lib(rt_cmsis.o)
    0x080095d8   0x00000042   Code   RO          913    i.svcMailCreate     RTX_CM4.lib(rt_cmsis.o)
    0x0800961a   0x00000024   Code   RO          914    i.svcMessageCreate  RTX_CM4.lib(rt_cmsis.o)
    0x0800963e   0x0000003a   Code   RO          915    i.svcMessageGet     RTX_CM4.lib(rt_cmsis.o)
    0x08009678   0x00000036   Code   RO          916    i.svcMessagePut     RTX_CM4.lib(rt_cmsis.o)
    0x080096ae   0x00000024   Code   RO          926    i.svcSignalClear    RTX_CM4.lib(rt_cmsis.o)
    0x080096d2   0x00000024   Code   RO          927    i.svcSignalSet      RTX_CM4.lib(rt_cmsis.o)
    0x080096f6   0x00000002   PAD
    0x080096f8   0x00000054   Code   RO          928    i.svcSignalWait     RTX_CM4.lib(rt_cmsis.o)
    0x0800974c   0x00000070   Code   RO          929    i.svcThreadCreate   RTX_CM4.lib(rt_cmsis.o)
    0x080097bc   0x0000001c   Code   RO          930    i.svcThreadGetId    RTX_CM4.lib(rt_cmsis.o)
    0x080097d8   0x00000038   Code   RO          933    i.svcThreadTerminate  RTX_CM4.lib(rt_cmsis.o)
    0x08009810   0x00000018   Code   RO          935    i.svcTimerCall      RTX_CM4.lib(rt_cmsis.o)
    0x08009828   0x00000058   Code   RO          940    i.sysMailAlloc      RTX_CM4.lib(rt_cmsis.o)
    0x08009880   0x00000060   Code   RO          941    i.sysMailFree       RTX_CM4.lib(rt_cmsis.o)
    0x080098e0   0x0000005c   Code   RO          944    i.sysTimerTick      RTX_CM4.lib(rt_cmsis.o)
    0x0800993c   0x00000010   Data   RO          206    .constdata          led_driver.o
    0x0800994c   0x00000028   Data   RO          247    .constdata          mail_controller.o
    0x08009974   0x00000002   Data   RO          371    .constdata          rtx_conf_cm.o
    0x08009976   0x00000002   PAD
    0x08009978   0x00000004   Data   RO          372    .constdata          rtx_conf_cm.o
    0x0800997c   0x00000004   Data   RO          373    .constdata          rtx_conf_cm.o
    0x08009980   0x00000004   Data   RO          377    .constdata          rtx_conf_cm.o
    0x08009984   0x00000001   Data   RO          378    .constdata          rtx_conf_cm.o
    0x08009985   0x00000003   PAD
    0x08009988   0x00000010   Data   RO          379    .constdata          rtx_conf_cm.o
    0x08009998   0x00000002   Data   RO          380    .constdata          rtx_conf_cm.o
    0x0800999a   0x00000002   PAD
    0x0800999c   0x00000004   Data   RO          381    .constdata          rtx_conf_cm.o
    0x080099a0   0x00000004   Data   RO          382    .constdata          rtx_conf_cm.o
    0x080099a4   0x00000001   Data   RO          383    .constdata          rtx_conf_cm.o
    0x080099a5   0x00000003   PAD
    0x080099a8   0x00000010   Data   RO          384    .constdata          rtx_conf_cm.o
    0x080099b8   0x00000008   Data   RO          385    .constdata          rtx_conf_cm.o
    0x080099c0   0x00000002   Data   RO          386    .constdata          rtx_conf_cm.o
    0x080099c2   0x00000008   Data   RO          522    .constdata          stm32f4xx_hal_dma.o
    0x080099ca   0x00000010   Data   RO          643    .constdata          stm32f4xx_hal_rcc.o
    0x080099da   0x00000010   Data   RO          823    .constdata          system_stm32f4xx.o
    0x080099ea   0x00000006   PAD
    0x080099f0   0x00000098   Data   RO         2072    .constdata          m_wm.l(atan.o)
    0x08009a88   0x00000020   Data   RO         2442    Region$$Table       anon$$obj.o


    Execution Region RW_IRAM1 (Base: 0x20000000, Size: 0x00002168, Max: 0x00020000, ABSOLUTE)

    Base Addr    Size         Type   Attr      Idx    E Section Name        Object

    0x20000000   0x00000008   Data   RW           10    .data               main.o
    0x20000008   0x00000044   Data   RW          207    .data               led_driver.o
    0x2000004c   0x00000020   Data   RW          248    .data               mail_controller.o
    0x2000006c   0x00000008   Data   RW          249    .data               mail_controller.o
    0x20000074   0x00000008   Data   RW          250    .data               mail_controller.o
    0x2000007c   0x00000004   Data   RW          277    .data               accelerometer.o
    0x20000080   0x00000004   Data   RW          339    .data               lis3dsh.o
    0x20000084   0x00000004   Data   RW          388    .data               rtx_conf_cm.o
    0x20000088   0x00000010   Data   RW          389    .data               rtx_conf_cm.o
    0x20000098   0x00000004   Data   RW          390    .data               rtx_conf_cm.o
    0x2000009c   0x00000004   Data   RW          391    .data               rtx_conf_cm.o
    0x200000a0   0x00000004   Data   RW          420    .data               stm32f4xx_hal.o
    0x200000a4   0x00000004   Data   RW          824    .data               system_stm32f4xx.o
    0x200000a8   0x00000008   Data   RW          947    .data               RTX_CM4.lib(rt_cmsis.o)
    0x200000b0   0x00000004   Data   RW         1482    .data               RTX_CM4.lib(rt_time.o)
    0x200000b4   0x00000008   Data   RW         1523    .data               RTX_CM4.lib(rt_task.o)
    0x200000bc   0x00000008   Data   RW         1608    .data               RTX_CM4.lib(rt_system.o)
    0x200000c4   0x00000001   Data   RW         1989    .data               RTX_CM4.lib(hal_cm.o)
    0x200000c5   0x00000003   PAD
    0x200000c8   0x00000008   Data   RW         2037    .data               RTX_CM4.lib(rt_robin.o)
    0x200000d0   0x00000004   Data   RW         2409    .data               mc_w.l(stdout.o)
    0x200000d4   0x00000004   Data   RW         2421    .data               mc_w.l(errno.o)
    0x200000d8   0x00000078   Zero   RW            5    .bss                main.o
    0x20000150   0x00000070   Zero   RW          202    .bss                led_driver.o
    0x200001c0   0x00000024   Zero   RW          243    .bss                mail_controller.o
    0x200001e4   0x00000024   Zero   RW          244    .bss                mail_controller.o
    0x20000208   0x00000034   Zero   RW          245    .bss                mail_controller.o
    0x2000023c   0x00000034   Zero   RW          246    .bss                mail_controller.o
    0x20000270   0x00000044   Zero   RW          311    .bss                temperature.o
    0x200002b4   0x00000058   Zero   RW          338    .bss                lis3dsh.o
    0x2000030c   0x00000020   Zero   RW          365    .bss                rtx_conf_cm.o
    0x2000032c   0x00000178   Zero   RW          366    .bss                rtx_conf_cm.o
    0x200004a4   0x00000004   PAD
    0x200004a8   0x000012d0   Zero   RW          367    .bss                rtx_conf_cm.o
    0x20001778   0x000004e8   Zero   RW          368    .bss                rtx_conf_cm.o
    0x20001c60   0x00000084   Zero   RW          369    .bss                rtx_conf_cm.o
    0x20001ce4   0x0000001c   Zero   RW          370    .bss                rtx_conf_cm.o
    0x20001d00   0x00000034   Zero   RW         1522    .bss                RTX_CM4.lib(rt_task.o)
    0x20001d34   0x00000030   Zero   RW         1742    .bss                RTX_CM4.lib(rt_list.o)
    0x20001d64   0x00000004   PAD
    0x20001d68   0x00000400   Zero   RW          812    STACK               startup_stm32f407xx.o

