Component: ARM Compiler 5.05 update 2 (build 169) Tool: armlink [4d0f33]

==============================================================================

Section Cross References

    main.o(.text) refers to stm32f4xx_hal_rcc.o(.text) for HAL_RCC_OscConfig
    main.o(.text) refers to mail_controller.o(.text) for input_mailbox_id
    main.o(.text) refers to rt_cmsis.o(i.osMailAlloc) for osMailAlloc
    main.o(.text) refers to rt_cmsis.o(i.osMailPut) for osMailPut
    main.o(.text) refers to rt_cmsis.o(i.osThreadCreate) for osThreadCreate
    main.o(.text) refers to stm32f4xx_hal_tim.o(.text) for HAL_TIM_Base_Init
    main.o(.text) refers to stm32f4xx_hal_cortex.o(.text) for HAL_NVIC_SetPriority
    main.o(.text) refers to rt_cmsis.o(i.osKernelInitialize) for osKernelInitialize
    main.o(.text) refers to stm32f4xx_hal.o(.text) for HAL_Init
    main.o(.text) refers to temperature.o(.text) for ConfigureADC
    main.o(.text) refers to led_driver.o(.text) for LED_init_io
    main.o(.text) refers to rt_cmsis.o(i.osKernelStart) for osKernelStart
    main.o(.text) refers to rt_cmsis.o(i.osSignalSet) for osSignalSet
    main.o(.text) refers to rt_cmsis.o(i.osSignalWait) for osSignalWait
    main.o(.text) refers to accelerometer.o(.text) for Rangle
    main.o(.text) refers to rt_cmsis.o(i.osSignalClear) for osSignalClear
    main.o(.text) refers to f2d.o(.text) for __aeabi_f2d
    main.o(.text) refers to printfa.o(i.__0printf) for __2printf
    main.o(.text) refers to rt_time.o(.data) for os_time
    main.o(.text) refers to main.o(.constdata) for .constdata
    main.o(.text) refers to main.o(.data) for .data
    main.o(.text) refers to main.o(.bss) for .bss
    main.o(.constdata) refers to main.o(.text) for accelerometer_thread
    main.o(.constdata) refers to main.o(.text) for temperature_thread
    accelerometer.o(.text) refers to lis3dsh.o(.text) for LIS3DSH_Init
    accelerometer.o(.text) refers to stm32f4xx_hal_gpio.o(.text) for HAL_GPIO_EXTI_IRQHandler
    accelerometer.o(.text) refers to f2d.o(.text) for __aeabi_f2d
    accelerometer.o(.text) refers to sqrt.o(i.__hardfp_sqrt) for __hardfp_sqrt
    accelerometer.o(.text) refers to ddiv.o(.text) for __aeabi_ddiv
    accelerometer.o(.text) refers to atan.o(i.__hardfp_atan) for __hardfp_atan
    accelerometer.o(.text) refers to dmul.o(.text) for __aeabi_dmul
    accelerometer.o(.text) refers to dadd.o(.text) for __aeabi_dadd
    accelerometer.o(.text) refers to d2f.o(.text) for __aeabi_d2f
    accelerometer.o(.text) refers to printfa.o(i.__0printf) for __2printf
    accelerometer.o(.text) refers to accelerometer.o(.data) for .data
    led_driver.o(.text) refers to rt_cmsis.o(i.osThreadCreate) for osThreadCreate
    led_driver.o(.text) refers to mail_controller.o(.text) for led_mailbox_id
    led_driver.o(.text) refers to rt_cmsis.o(i.osMailGet) for osMailGet
    led_driver.o(.text) refers to rt_cmsis.o(i.osMailFree) for osMailFree
    led_driver.o(.text) refers to stm32f4xx_hal_gpio.o(.text) for HAL_GPIO_Init
    led_driver.o(.text) refers to led_driver.o(.constdata) for .constdata
    led_driver.o(.text) refers to led_driver.o(.data) for .data
    led_driver.o(.text) refers to led_driver.o(.bss) for .bss
    led_driver.o(.constdata) refers to led_driver.o(.text) for Thread_LED
    mail_controller.o(.text) refers to rt_cmsis.o(i.osMailCreate) for osMailCreate
    mail_controller.o(.text) refers to rt_cmsis.o(i.osMailAlloc) for osMailAlloc
    mail_controller.o(.text) refers to rt_cmsis.o(i.osMailPut) for osMailPut
    mail_controller.o(.text) refers to rt_cmsis.o(i.osThreadCreate) for osThreadCreate
    mail_controller.o(.text) refers to rt_cmsis.o(i.osMailGet) for osMailGet
    mail_controller.o(.text) refers to rt_cmsis.o(i.osMailFree) for osMailFree
    mail_controller.o(.text) refers to mail_controller.o(.constdata) for .constdata
    mail_controller.o(.text) refers to mail_controller.o(.data) for .data
    mail_controller.o(.constdata) refers to mail_controller.o(.data) for os_mailQ_p_input_mailbox
    mail_controller.o(.constdata) refers to mail_controller.o(.data) for os_mailQ_p_led_mailbox
    mail_controller.o(.constdata) refers to mail_controller.o(.text) for Thread_MAIL_CONTROLLER
    mail_controller.o(.data) refers to mail_controller.o(.bss) for os_mailQ_q_input_mailbox
    mail_controller.o(.data) refers to mail_controller.o(.bss) for os_mailQ_m_input_mailbox
    mail_controller.o(.data) refers to mail_controller.o(.bss) for os_mailQ_q_led_mailbox
    mail_controller.o(.data) refers to mail_controller.o(.bss) for os_mailQ_m_led_mailbox
    temperature.o(.text) refers to stm32f4xx_hal_adc.o(.text) for HAL_ADC_Init
    temperature.o(.text) refers to temperature.o(.bss) for .bss
    lis3dsh.o(.text) refers to stm32f4xx_hal_gpio.o(.text) for HAL_GPIO_WritePin
    lis3dsh.o(.text) refers to stm32f4xx_hal_spi.o(.text) for HAL_SPI_DeInit
    lis3dsh.o(.text) refers to printfa.o(i.__0printf) for __2printf
[...]
    _printf_widthprec                        0x00000000   Number         0  stubs.o ABSOLUTE
    _printf_x                                0x00000000   Number         0  stubs.o ABSOLUTE
    __cpp_initialize__aeabi_                  - Undefined Weak Reference
    __cxa_finalize                            - Undefined Weak Reference
    __decompress                              - Undefined Weak Reference
    _clock_init                               - Undefined Weak Reference
    _microlib_exit                            - Undefined Weak Reference
    __Vectors_Size                           0x00000188   Number         0  startup_stm32f407xx.o ABSOLUTE
    __RL_RTX_VER                             0x00000480   Number         0  rt_system.o ABSOLUTE
    __Vectors                                0x08000000   Data           4  startup_stm32f407xx.o(RESET)
    __Vectors_End                            0x08000188   Data           0  startup_stm32f407xx.o(RESET)
    __main                                   0x08000189   Thumb Code     0  entry.o(.ARM.Collect$$$$00000000)
    _main_stk                                0x08000189   Thumb Code     0  entry2.o(.ARM.Collect$$$$00000001)
    _main_scatterload                        0x0800018d   Thumb Code     0  entry5.o(.ARM.Collect$$$$00000004)
    __main_after_scatterload                 0x08000191   Thumb Code     0  entry5.o(.ARM.Collect$$$$00000004)
    __rt_final_cpp                           0x08000191   Thumb Code     0  entry10a.o(.ARM.Collect$$$$0000000D)
    __rt_final_exit                          0x08000191   Thumb Code     0  entry11a.o(.ARM.Collect$$$$0000000F)
    _main_clock                              0x08000191   Thumb Code     0  entry7b.o(.ARM.Collect$$$$00000008)
    _main_cpp_init                           0x08000191   Thumb Code     0  entry8b.o(.ARM.Collect$$$$0000000A)
    _main_init                               0x08000191   Thumb Code    18  rtx_conf_cm.o(.ARM.Collect$$$$000000FF)
    rt_set_PSP                               0x080001ad   Thumb Code     6  hal_cm4.o(.emb_text)
    rt_get_PSP                               0x080001b3   Thumb Code     6  hal_cm4.o(.emb_text)
    os_set_env                               0x080001b9   Thumb Code    24  hal_cm4.o(.emb_text)
    _alloc_box                               0x080001d5   Thumb Code    28  hal_cm4.o(.emb_text)
    _free_box                                0x080001f5   Thumb Code    28  hal_cm4.o(.emb_text)
    SVC_Handler                              0x08000215   Thumb Code   168  hal_cm4.o(.emb_text)
    PendSV_Handler                           0x080002cd   Thumb Code    96  hal_cm4.o(.emb_text)
    SysTick_Handler                          0x08000331   Thumb Code     8  hal_cm4.o(.emb_text)
    OS_Tick_Handler                          0x08000339   Thumb Code    12  hal_cm4.o(.emb_text)
    HAL_GetTick                              0x08000345   Thumb Code     6  main.o(.text)
    SystemClock_Config                       0x0800034b   Thumb Code   108  main.o(.text)
    testFuntion                              0x080003b7   Thumb Code    40  main.o(.text)
    temperature_start_thread                 0x080003df   Thumb Code    26  main.o(.text)
    TIM4_init                                0x080003f9   Thumb Code    78  main.o(.text)
    TIM3_init                                0x08000447   Thumb Code    82  main.o(.text)
    main                                     0x08000499   Thumb Code    58  main.o(.text)
    TIM3_IRQHandler                          0x080004d3   Thumb Code    32  main.o(.text)
    TIM4_IRQHandler                          0x080004f3   Thumb Code    36  main.o(.text)
    accelerometer_thread                     0x08000517   Thumb Code    34  main.o(.text)
    temperature_thread                       0x08000539   Thumb Code    68  main.o(.text)
    memsinit                                 0x080005a5   Thumb Code    62  accelerometer.o(.text)
    EXTI0_IRQHandler                         0x080005e3   Thumb Code     6  accelerometer.o(.text)
    HAL_GPIO_EXTI_Callback                   0x080005e9   Thumb Code    10  accelerometer.o(.text)
    calculateangle                           0x080005f3   Thumb Code   162  accelerometer.o(.text)
    Rangle                                   0x08000695   Thumb Code    50  accelerometer.o(.text)
    fputc                                    0x080006e5   Thumb Code    36  fput_debug.o(.text)
    LED_start_thread                         0x0800070d   Thumb Code    26  led_driver.o(.text)
    digit_mask                               0x08000727   Thumb Code    96  led_driver.o(.text)
    led_segments                             0x08000787   Thumb Code    50  led_driver.o(.text)
    LED_set_value                            0x080007b9   Thumb Code   390  led_driver.o(.text)
    LED_switch_angle                         0x0800093f   Thumb Code    26  led_driver.o(.text)
    LED_switch_temp                          0x08000959   Thumb Code    16  led_driver.o(.text)
    Thread_LED                               0x08000969   Thumb Code    82  led_driver.o(.text)
    LED_set_target                           0x080009bb   Thumb Code    18  led_driver.o(.text)
    LED_alarm_on                             0x080009cd   Thumb Code     8  led_driver.o(.text)
    LED_alarm_off                            0x080009d5   Thumb Code     8  led_driver.o(.text)
    LED_init_io                              0x080009dd   Thumb Code    48  led_driver.o(.text)
    LED_setPins                              0x08000a0d   Thumb Code   354  led_driver.o(.text)
    LED_update                               0x08000b6f   Thumb Code   100  led_driver.o(.text)
    LED_get_value                            0x08000bd3   Thumb Code     8  led_driver.o(.text)
    MAIL_CONTROLLER_init_mailboxes           0x08000be5   Thumb Code    28  mail_controller.o(.text)
    input_mailbox_id                         0x08000c01   Thumb Code     6  mail_controller.o(.text)
    led_mailbox_id                           0x08000c07   Thumb Code     6  mail_controller.o(.text)
    MAIL_send_input                          0x08000c0d   Thumb Code    46  mail_controller.o(.text)
    MAIL_CONTROLLER_start_thread             0x08000c3b   Thumb Code    28  mail_controller.o(.text)
    Thread_MAIL_CONTROLLER                   0x08000c57   Thumb Code   204  mail_controller.o(.text)
    ConfigureADC                             0x08000d2d   Thumb Code    80  temperature.o(.text)
    convertVtoC                              0x08000d7d   Thumb Code    58  temperature.o(.text)
    getTemp                                  0x08000db7   Thumb Code    14  temperature.o(.text)
    SPI_SendData                             0x08000de5   Thumb Code     6  lis3dsh.o(.text)
    LIS3DSH_Write                            0x08000e2d   Thumb Code    68  lis3dsh.o(.text)
    LIS3DSH_Init                             0x08000e71   Thumb Code   148  lis3dsh.o(.text)
    LIS3DSH_Read                             0x08000f05   Thumb Code    74  lis3dsh.o(.text)
    LIS3DSH_DataReadyInterruptConfig         0x08000f4f   Thumb Code    46  lis3dsh.o(.text)
    LIS3DSH_LowpowerCmd                      0x08000f7d   Thumb Code    36  lis3dsh.o(.text)
    LIS3DSH_DataRateCmd                      0x08000fa1   Thumb Code    40  lis3dsh.o(.text)
    LIS3DSH_FullScaleCmd                     0x08000fc9   Thumb Code    40  lis3dsh.o(.text)
    LIS3DSH_ReadACC                          0x08000ff1   Thumb Code   336  lis3dsh.o(.text)
    LIS3DSH_TIMEOUT_UserCallback             0x08001141   Thumb Code     4  lis3dsh.o(.text)
    HAL_SPI_MspInit                          0x08001145   Thumb Code   272  lis3dsh.o(.text)
    SPI_ReceiveData                          0x08001255   Thumb Code     8  lis3dsh.o(.text)
    os_idle_demon                            0x0800125d   Thumb Code     2  rtx_conf_cm.o(.text)
    os_error                                 0x0800125f   Thumb Code     2  rtx_conf_cm.o(.text)
    HAL_MspInit                              0x08001261   Thumb Code     8  stm32f4xx_hal.o(.text)
    HAL_InitTick                             0x08001269   Thumb Code    34  stm32f4xx_hal.o(.text)
    HAL_Init                                 0x0800128b   Thumb Code    48  stm32f4xx_hal.o(.text)
    HAL_MspDeInit                            0x080012bb   Thumb Code     8  stm32f4xx_hal.o(.text)
    HAL_DeInit                               0x080012c3   Thumb Code    48  stm32f4xx_hal.o(.text)
    HAL_IncTick                              0x080012f3   Thumb Code    10  stm32f4xx_hal.o(.text)
    HAL_Delay                                0x08001303   Thumb Code    24  stm32f4xx_hal.o(.text)
    HAL_SuspendTick                          0x0800131b   Thumb Code    14  stm32f4xx_hal.o(.text)
    HAL_ResumeTick                           0x08001329   Thumb Code    14  stm32f4xx_hal.o(.text)
    HAL_GetHalVersion                        0x08001337   Thumb Code     4  stm32f4xx_hal.o(.text)
    HAL_GetREVID                             0x0800133b   Thumb Code     8  stm32f4xx_hal.o(.text)
    HAL_GetDEVID                             0x08001343   Thumb Code    10  stm32f4xx_hal.o(.text)
    HAL_DBGMCU_EnableDBGSleepMode            0x0800134d   Thumb Code    12  stm32f4xx_hal.o(.text)
    HAL_DBGMCU_DisableDBGSleepMode           0x08001359   Thumb Code    12  stm32f4xx_hal.o(.text)
    HAL_DBGMCU_EnableDBGStopMode             0x08001365   Thumb Code    12  stm32f4xx_hal.o(.text)
    HAL_DBGMCU_DisableDBGStopMode            0x08001371   Thumb Code    12  stm32f4xx_hal.o(.text)
    HAL_DBGMCU_EnableDBGStandbyMode          0x0800137d   Thumb Code    12  stm32f4xx_hal.o(.text)
    HAL_DBGMCU_DisableDBGStandbyMode         0x08001389   Thumb Code    12  stm32f4xx_hal.o(.text)
    HAL_EnableCompensationCell               0x08001395   Thumb Code    22  stm32f4xx_hal.o(.text)
    HAL_DisableCompensationCell              0x080013ab   Thumb Code    24  stm32f4xx_hal.o(.text)
    HAL_ADC_MspInit                          0x08001509   Thumb Code     2  stm32f4xx_hal_adc.o(.text)
    HAL_ADC_Init                             0x0800150b   Thumb Code    58  stm32f4xx_hal_adc.o(.text)
    HAL_ADC_MspDeInit                        0x08001545   Thumb Code     2  stm32f4xx_hal_adc.o(.text)
    HAL_ADC_DeInit                           0x08001547   Thumb Code    32  stm32f4xx_hal_adc.o(.text)
    HAL_ADC_Start                            0x08001567   Thumb Code   124  stm32f4xx_hal_adc.o(.text)
    HAL_ADC_Stop                             0x080015e3   Thumb Code    20  stm32f4xx_hal_adc.o(.text)
    HAL_ADC_PollForConversion                0x080015f7   Thumb Code   110  stm32f4xx_hal_adc.o(.text)
    HAL_ADC_PollForEvent                     0x08001665   Thumb Code    94  stm32f4xx_hal_adc.o(.text)
    HAL_ADC_Start_IT                         0x080016c3   Thumb Code   146  stm32f4xx_hal_adc.o(.text)
    HAL_ADC_Stop_IT                          0x08001755   Thumb Code    40  stm32f4xx_hal_adc.o(.text)
    HAL_ADC_ErrorCallback                    0x0800177d   Thumb Code     2  stm32f4xx_hal_adc.o(.text)
    HAL_ADC_LevelOutOfWindowCallback         0x0800177f   Thumb Code     2  stm32f4xx_hal_adc.o(.text)
    HAL_ADC_ConvCpltCallback                 0x08001781   Thumb Code     2  stm32f4xx_hal_adc.o(.text)
    HAL_ADC_IRQHandler                       0x08001783   Thumb Code   308  stm32f4xx_hal_adc.o(.text)
    HAL_ADC_ConvHalfCpltCallback             0x080018cf   Thumb Code     2  stm32f4xx_hal_adc.o(.text)
    HAL_ADC_Start_DMA                        0x080018f7   Thumb Code   154  stm32f4xx_hal_adc.o(.text)
    HAL_ADC_Stop_DMA                         0x08001991   Thumb Code    50  stm32f4xx_hal_adc.o(.text)
    HAL_ADC_GetValue                         0x080019c3   Thumb Code     6  stm32f4xx_hal_adc.o(.text)
    HAL_ADC_ConfigChannel                    0x080019c9   Thumb Code   322  stm32f4xx_hal_adc.o(.text)
    HAL_ADC_AnalogWDGConfig                  0x08001b0b   Thumb Code   106  stm32f4xx_hal_adc.o(.text)
    HAL_ADC_GetState                         0x08001b75   Thumb Code     6  stm32f4xx_hal_adc.o(.text)
    HAL_ADC_GetError                         0x08001b7b   Thumb Code     4  stm32f4xx_hal_adc.o(.text)
    HAL_ADCEx_InjectedStart                  0x08001b9d   Thumb Code   162  stm32f4xx_hal_adc_ex.o(.text)
    HAL_ADCEx_InjectedStart_IT               0x08001c3f   Thumb Code   196  stm32f4xx_hal_adc_ex.o(.text)
    HAL_ADCEx_InjectedStop                   0x08001d03   Thumb Code    20  stm32f4xx_hal_adc_ex.o(.text)
    HAL_ADCEx_InjectedPollForConversion      0x08001d17   Thumb Code    78  stm32f4xx_hal_adc_ex.o(.text)
    HAL_ADCEx_InjectedStop_IT                0x08001d65   Thumb Code    40  stm32f4xx_hal_adc_ex.o(.text)
    HAL_ADCEx_InjectedGetValue               0x08001d8d   Thumb Code    58  stm32f4xx_hal_adc_ex.o(.text)
    HAL_ADCEx_MultiModeStart_DMA             0x08001df9   Thumb Code   164  stm32f4xx_hal_adc_ex.o(.text)
    HAL_ADCEx_MultiModeStop_DMA              0x08001e9d   Thumb Code    72  stm32f4xx_hal_adc_ex.o(.text)
    HAL_ADCEx_MultiModeGetValue              0x08001ee5   Thumb Code     8  stm32f4xx_hal_adc_ex.o(.text)
    HAL_ADCEx_InjectedConvCpltCallback       0x08001eed   Thumb Code     2  stm32f4xx_hal_adc_ex.o(.text)
    HAL_ADCEx_InjectedConfigChannel          0x08001eef   Thumb Code   472  stm32f4xx_hal_adc_ex.o(.text)
    HAL_ADCEx_MultiModeConfigChannel         0x080020c7   Thumb Code   102  stm32f4xx_hal_adc_ex.o(.text)
    HAL_NVIC_SetPriorityGrouping             0x08002131   Thumb Code    26  stm32f4xx_hal_cortex.o(.text)
    HAL_NVIC_SetPriority                     0x0800214b   Thumb Code    60  stm32f4xx_hal_cortex.o(.text)
    HAL_NVIC_EnableIRQ                       0x08002187   Thumb Code    22  stm32f4xx_hal_cortex.o(.text)
    HAL_NVIC_DisableIRQ                      0x0800219d   Thumb Code    22  stm32f4xx_hal_cortex.o(.text)
    HAL_NVIC_SystemReset                     0x080021b3   Thumb Code    28  stm32f4xx_hal_cortex.o(.text)
    HAL_SYSTICK_Config                       0x080021cf   Thumb Code    40  stm32f4xx_hal_cortex.o(.text)
    HAL_MPU_ConfigRegion                     0x080021f7   Thumb Code    82  stm32f4xx_hal_cortex.o(.text)
    HAL_NVIC_GetPriorityGrouping             0x08002249   Thumb Code    10  stm32f4xx_hal_cortex.o(.text)
    HAL_NVIC_GetPriority                     0x08002253   Thumb Code    82  stm32f4xx_hal_cortex.o(.text)
    HAL_NVIC_SetPendingIRQ                   0x080022a5   Thumb Code    22  stm32f4xx_hal_cortex.o(.text)
    HAL_NVIC_GetPendingIRQ                   0x080022bb   Thumb Code    32  stm32f4xx_hal_cortex.o(.text)
    HAL_NVIC_ClearPendingIRQ                 0x080022db   Thumb Code    22  stm32f4xx_hal_cortex.o(.text)
    HAL_NVIC_GetActive                       0x080022f1   Thumb Code    32  stm32f4xx_hal_cortex.o(.text)
    HAL_SYSTICK_CLKSourceConfig              0x08002311   Thumb Code    24  stm32f4xx_hal_cortex.o(.text)
    HAL_SYSTICK_Callback                     0x08002329   Thumb Code     8  stm32f4xx_hal_cortex.o(.text)
    HAL_SYSTICK_IRQHandler                   0x08002331   Thumb Code     8  stm32f4xx_hal_cortex.o(.text)
    HAL_DMA_Init                             0x08002383   Thumb Code   116  stm32f4xx_hal_dma.o(.text)
    HAL_DMA_DeInit                           0x080023f7   Thumb Code    86  stm32f4xx_hal_dma.o(.text)
    HAL_DMA_Start                            0x08002475   Thumb Code    58  stm32f4xx_hal_dma.o(.text)
    HAL_DMA_Start_IT                         0x080024af   Thumb Code    78  stm32f4xx_hal_dma.o(.text)
    HAL_DMA_Abort                            0x080024fd   Thumb Code    84  stm32f4xx_hal_dma.o(.text)
    HAL_DMA_PollForTransfer                  0x08002551   Thumb Code   332  stm32f4xx_hal_dma.o(.text)
    HAL_DMA_IRQHandler                       0x0800269d   Thumb Code   422  stm32f4xx_hal_dma.o(.text)
    HAL_DMA_GetState                         0x08002843   Thumb Code     6  stm32f4xx_hal_dma.o(.text)
    HAL_DMA_GetError                         0x08002849   Thumb Code     4  stm32f4xx_hal_dma.o(.text)
    HAL_GPIO_Init                            0x0800284d   Thumb Code   398  stm32f4xx_hal_gpio.o(.text)
    HAL_GPIO_DeInit                          0x080029db   Thumb Code   304  stm32f4xx_hal_gpio.o(.text)
    HAL_GPIO_ReadPin                         0x08002b0b   Thumb Code    10  stm32f4xx_hal_gpio.o(.text)
    HAL_GPIO_WritePin                        0x08002b15   Thumb Code    10  stm32f4xx_hal_gpio.o(.text)
    HAL_GPIO_TogglePin                       0x08002b1f   Thumb Code     8  stm32f4xx_hal_gpio.o(.text)
    HAL_GPIO_LockPin                         0x08002b27   Thumb Code    34  stm32f4xx_hal_gpio.o(.text)
    HAL_GPIO_EXTI_IRQHandler                 0x08002b51   Thumb Code    20  stm32f4xx_hal_gpio.o(.text)
    HAL_RCC_OscConfig                        0x08002b97   Thumb Code   808  stm32f4xx_hal_rcc.o(.text)
    HAL_RCC_ClockConfig                      0x08002ebf   Thumb Code   536  stm32f4xx_hal_rcc.o(.text)
    HAL_RCC_MCOConfig                        0x080030d7   Thumb Code   126  stm32f4xx_hal_rcc.o(.text)
    HAL_RCC_EnableCSS                        0x08003155   Thumb Code     8  stm32f4xx_hal_rcc.o(.text)
    HAL_RCC_DisableCSS                       0x0800315d   Thumb Code     8  stm32f4xx_hal_rcc.o(.text)
    HAL_RCC_GetSysClockFreq                  0x08003165   Thumb Code   106  stm32f4xx_hal_rcc.o(.text)
    HAL_RCC_GetHCLKFreq                      0x080031cf   Thumb Code    40  stm32f4xx_hal_rcc.o(.text)
    HAL_RCC_GetPCLK1Freq                     0x080031f7   Thumb Code    38  stm32f4xx_hal_rcc.o(.text)
    HAL_RCC_GetPCLK2Freq                     0x0800321d   Thumb Code    38  stm32f4xx_hal_rcc.o(.text)
    HAL_RCC_GetOscConfig                     0x08003243   Thumb Code   220  stm32f4xx_hal_rcc.o(.text)
    HAL_RCC_GetClockConfig                   0x0800331f   Thumb Code    56  stm32f4xx_hal_rcc.o(.text)
    HAL_RCC_CSSCallback                      0x08003357   Thumb Code     8  stm32f4xx_hal_rcc.o(.text)
    HAL_RCC_NMI_IRQHandler                   0x0800335f   Thumb Code    26  stm32f4xx_hal_rcc.o(.text)
    HAL_SPI_Init                             0x0800339b   Thumb Code   132  stm32f4xx_hal_spi.o(.text)
    HAL_SPI_MspDeInit                        0x0800341f   Thumb Code     2  stm32f4xx_hal_spi.o(.text)
    HAL_SPI_DeInit                           0x08003421   Thumb Code    40  stm32f4xx_hal_spi.o(.text)
    HAL_SPI_Transmit                         0x080034e7   Thumb Code   324  stm32f4xx_hal_spi.o(.text)
    HAL_SPI_TransmitReceive                  0x0800362b   Thumb Code   680  stm32f4xx_hal_spi.o(.text)
    HAL_SPI_Receive                          0x080038d3   Thumb Code   466  stm32f4xx_hal_spi.o(.text)
    HAL_SPI_ErrorCallback                    0x08003aa5   Thumb Code     2  stm32f4xx_hal_spi.o(.text)
    HAL_SPI_TxCpltCallback                   0x08003aa7   Thumb Code     2  stm32f4xx_hal_spi.o(.text)
    HAL_SPI_TxRxCpltCallback                 0x08003aa9   Thumb Code     2  stm32f4xx_hal_spi.o(.text)
    HAL_SPI_Transmit_IT                      0x08003aed   Thumb Code   156  stm32f4xx_hal_spi.o(.text)
    HAL_SPI_RxCpltCallback                   0x08003b89   Thumb Code     2  stm32f4xx_hal_spi.o(.text)
    HAL_SPI_TransmitReceive_IT               0x08003c85   Thumb Code   160  stm32f4xx_hal_spi.o(.text)
    HAL_SPI_Receive_IT                       0x08003d69   Thumb Code   172  stm32f4xx_hal_spi.o(.text)
    HAL_SPI_TxHalfCpltCallback               0x08003ea1   Thumb Code     2  stm32f4xx_hal_spi.o(.text)
    HAL_SPI_Transmit_DMA                     0x08003ead   Thumb Code   188  stm32f4xx_hal_spi.o(.text)
    HAL_SPI_RxHalfCpltCallback               0x080040c3   Thumb Code     2  stm32f4xx_hal_spi.o(.text)
    HAL_SPI_TxRxHalfCpltCallback             0x080040fb   Thumb Code     2  stm32f4xx_hal_spi.o(.text)
    HAL_SPI_TransmitReceive_DMA              0x08004107   Thumb Code   252  stm32f4xx_hal_spi.o(.text)
    HAL_SPI_Receive_DMA                      0x08004203   Thumb Code   206  stm32f4xx_hal_spi.o(.text)
    HAL_SPI_DMAPause                         0x080042d1   Thumb Code    76  stm32f4xx_hal_spi.o(.text)
    HAL_SPI_DMAResume                        0x0800431d   Thumb Code    48  stm32f4xx_hal_spi.o(.text)
    HAL_SPI_DMAStop                          0x0800434d   Thumb Code    50  stm32f4xx_hal_spi.o(.text)
    HAL_SPI_IRQHandler                       0x0800437f   Thumb Code   188  stm32f4xx_hal_spi.o(.text)
    HAL_SPI_GetState                         0x0800443b   Thumb Code     6  stm32f4xx_hal_spi.o(.text)
    HAL_SPI_GetError                         0x08004441   Thumb Code     4  stm32f4xx_hal_spi.o(.text)
    TIM_Base_SetConfig                       0x080044c9   Thumb Code   148  stm32f4xx_hal_tim.o(.text)
    HAL_TIM_Base_MspInit                     0x0800455d   Thumb Code     2  stm32f4xx_hal_tim.o(.text)
    HAL_TIM_Base_Init                        0x0800455f   Thumb Code    54  stm32f4xx_hal_tim.o(.text)
    HAL_TIM_Base_MspDeInit                   0x08004595   Thumb Code     2  stm32f4xx_hal_tim.o(.text)
    HAL_TIM_Base_DeInit                      0x08004597   Thumb Code    56  stm32f4xx_hal_tim.o(.text)
    HAL_TIM_Base_Start                       0x080045cf   Thumb Code    26  stm32f4xx_hal_tim.o(.text)
    HAL_TIM_Base_Stop                        0x080045e9   Thumb Code    44  stm32f4xx_hal_tim.o(.text)
    HAL_TIM_Base_Start_IT                    0x08004615   Thumb Code    24  stm32f4xx_hal_tim.o(.text)
    HAL_TIM_Base_Stop_IT                     0x0800462d   Thumb Code    42  stm32f4xx_hal_tim.o(.text)
    HAL_TIM_ErrorCallback                    0x08004657   Thumb Code     2  stm32f4xx_hal_tim.o(.text)
    TIM_DMAError                             0x08004659   Thumb Code    16  stm32f4xx_hal_tim.o(.text)
    HAL_TIM_PeriodElapsedCallback            0x08004669   Thumb Code     2  stm32f4xx_hal_tim.o(.text)
    HAL_TIM_Base_Start_DMA                   0x0800467b   Thumb Code    84  stm32f4xx_hal_tim.o(.text)
    HAL_TIM_Base_Stop_DMA                    0x080046cf   Thumb Code    48  stm32f4xx_hal_tim.o(.text)
    HAL_TIM_OC_MspInit                       0x080046ff   Thumb Code     2  stm32f4xx_hal_tim.o(.text)
    HAL_TIM_OC_Init                          0x08004701   Thumb Code    54  stm32f4xx_hal_tim.o(.text)
    HAL_TIM_OC_MspDeInit                     0x08004737   Thumb Code     2  stm32f4xx_hal_tim.o(.text)
    HAL_TIM_OC_DeInit                        0x08004739   Thumb Code    56  stm32f4xx_hal_tim.o(.text)
    TIM_CCxChannelCmd                        0x08004771   Thumb Code    22  stm32f4xx_hal_tim.o(.text)
    HAL_TIM_OC_Start                         0x08004787   Thumb Code    48  stm32f4xx_hal_tim.o(.text)
    HAL_TIM_OC_Stop                          0x080047b7   Thumb Code    78  stm32f4xx_hal_tim.o(.text)
    HAL_TIM_OC_Start_IT                      0x08004805   Thumb Code    98  stm32f4xx_hal_tim.o(.text)
    HAL_TIM_OC_Stop_IT                       0x08004867   Thumb Code   178  stm32f4xx_hal_tim.o(.text)
    HAL_TIM_PWM_PulseFinishedCallback        0x08004919   Thumb Code     2  stm32f4xx_hal_tim.o(.text)
    TIM_DMADelayPulseCplt                    0x0800491b   Thumb Code    62  stm32f4xx_hal_tim.o(.text)
    HAL_TIM_OC_Start_DMA                     0x08004959   Thumb Code   226  stm32f4xx_hal_tim.o(.text)
    HAL_TIM_OC_Stop_DMA                      0x08004a3b   Thumb Code   134  stm32f4xx_hal_tim.o(.text)
    HAL_TIM_PWM_MspInit                      0x08004ac1   Thumb Code     2  stm32f4xx_hal_tim.o(.text)
    HAL_TIM_PWM_Init                         0x08004ac3   Thumb Code    54  stm32f4xx_hal_tim.o(.text)
    HAL_TIM_PWM_MspDeInit                    0x08004af9   Thumb Code     2  stm32f4xx_hal_tim.o(.text)
    HAL_TIM_PWM_DeInit                       0x08004afb   Thumb Code    56  stm32f4xx_hal_tim.o(.text)
    HAL_TIM_PWM_Start                        0x08004b33   Thumb Code    48  stm32f4xx_hal_tim.o(.text)
    HAL_TIM_PWM_Stop                         0x08004b63   Thumb Code    84  stm32f4xx_hal_tim.o(.text)
    HAL_TIM_PWM_Start_IT                     0x08004bb7   Thumb Code    98  stm32f4xx_hal_tim.o(.text)
    HAL_TIM_PWM_Stop_IT                      0x08004c19   Thumb Code   128  stm32f4xx_hal_tim.o(.text)
    HAL_TIM_PWM_Start_DMA                    0x08004c99   Thumb Code   226  stm32f4xx_hal_tim.o(.text)
    HAL_TIM_PWM_Stop_DMA                     0x08004d7b   Thumb Code   144  stm32f4xx_hal_tim.o(.text)
    HAL_TIM_IC_MspInit                       0x08004e0b   Thumb Code     2  stm32f4xx_hal_tim.o(.text)
    HAL_TIM_IC_Init                          0x08004e0d   Thumb Code    54  stm32f4xx_hal_tim.o(.text)
    HAL_TIM_IC_MspDeInit                     0x08004e43   Thumb Code     2  stm32f4xx_hal_tim.o(.text)
    HAL_TIM_IC_DeInit                        0x08004e45   Thumb Code    56  stm32f4xx_hal_tim.o(.text)
    HAL_TIM_IC_Start                         0x08004e7d   Thumb Code    26  stm32f4xx_hal_tim.o(.text)
    HAL_TIM_IC_Stop                          0x08004e97   Thumb Code    44  stm32f4xx_hal_tim.o(.text)
    HAL_TIM_IC_Start_IT                      0x08004ec3   Thumb Code    76  stm32f4xx_hal_tim.o(.text)
    HAL_TIM_IC_Stop_IT                       0x08004f0f   Thumb Code    94  stm32f4xx_hal_tim.o(.text)
    HAL_TIM_IC_CaptureCallback               0x08004f6d   Thumb Code     2  stm32f4xx_hal_tim.o(.text)
    TIM_DMACaptureCplt                       0x08004f6f   Thumb Code    62  stm32f4xx_hal_tim.o(.text)
    HAL_TIM_IC_Start_DMA                     0x08004fad   Thumb Code   194  stm32f4xx_hal_tim.o(.text)
    HAL_TIM_IC_Stop_DMA                      0x0800506f   Thumb Code   100  stm32f4xx_hal_tim.o(.text)
    HAL_TIM_OnePulse_MspInit                 0x080050d3   Thumb Code     2  stm32f4xx_hal_tim.o(.text)
    HAL_TIM_OnePulse_Init                    0x080050d5   Thumb Code    74  stm32f4xx_hal_tim.o(.text)
    HAL_TIM_OnePulse_MspDeInit               0x0800511f   Thumb Code     2  stm32f4xx_hal_tim.o(.text)
    HAL_TIM_OnePulse_DeInit                  0x08005121   Thumb Code    56  stm32f4xx_hal_tim.o(.text)
    HAL_TIM_OnePulse_Start                   0x08005159   Thumb Code    50  stm32f4xx_hal_tim.o(.text)
    HAL_TIM_OnePulse_Stop                    0x0800518b   Thumb Code    90  stm32f4xx_hal_tim.o(.text)
    HAL_TIM_OnePulse_Start_IT                0x080051e5   Thumb Code    70  stm32f4xx_hal_tim.o(.text)
    HAL_TIM_OnePulse_Stop_IT                 0x0800522b   Thumb Code   110  stm32f4xx_hal_tim.o(.text)
    HAL_TIM_Encoder_MspInit                  0x08005299   Thumb Code     2  stm32f4xx_hal_tim.o(.text)
    HAL_TIM_Encoder_Init                     0x0800529b   Thumb Code   150  stm32f4xx_hal_tim.o(.text)
    HAL_TIM_Encoder_MspDeInit                0x08005331   Thumb Code     2  stm32f4xx_hal_tim.o(.text)
    HAL_TIM_Encoder_DeInit                   0x08005333   Thumb Code    56  stm32f4xx_hal_tim.o(.text)
    HAL_TIM_Encoder_Start                    0x0800536b   Thumb Code    50  stm32f4xx_hal_tim.o(.text)
    HAL_TIM_Encoder_Stop                     0x0800539d   Thumb Code    70  stm32f4xx_hal_tim.o(.text)
    HAL_TIM_Encoder_Start_IT                 0x080053e3   Thumb Code    92  stm32f4xx_hal_tim.o(.text)
    HAL_TIM_Encoder_Stop_IT                  0x0800543f   Thumb Code   116  stm32f4xx_hal_tim.o(.text)
    HAL_TIM_Encoder_Start_DMA                0x080054b3   Thumb Code   274  stm32f4xx_hal_tim.o(.text)
    HAL_TIM_Encoder_Stop_DMA                 0x080055c5   Thumb Code   116  stm32f4xx_hal_tim.o(.text)
    HAL_TIM_TriggerCallback                  0x08005639   Thumb Code     2  stm32f4xx_hal_tim.o(.text)
    HAL_TIM_OC_DelayElapsedCallback          0x0800563b   Thumb Code     2  stm32f4xx_hal_tim.o(.text)
    HAL_TIM_IRQHandler                       0x0800563d   Thumb Code   358  stm32f4xx_hal_tim.o(.text)
    TIM_OC2_SetConfig                        0x08005841   Thumb Code    90  stm32f4xx_hal_tim.o(.text)
    HAL_TIM_OC_ConfigChannel                 0x080058eb   Thumb Code    86  stm32f4xx_hal_tim.o(.text)
    TIM_TI1_SetConfig                        0x08005977   Thumb Code   104  stm32f4xx_hal_tim.o(.text)
    HAL_TIM_IC_ConfigChannel                 0x080059df   Thumb Code   282  stm32f4xx_hal_tim.o(.text)
    HAL_TIM_PWM_ConfigChannel                0x08005af9   Thumb Code   240  stm32f4xx_hal_tim.o(.text)
    HAL_TIM_OnePulse_ConfigChannel           0x08005be9   Thumb Code   218  stm32f4xx_hal_tim.o(.text)
    HAL_TIM_DMABurst_WriteStart              0x08005cd3   Thumb Code   238  stm32f4xx_hal_tim.o(.text)
    HAL_TIM_DMABurst_WriteStop               0x08005dc1   Thumb Code    96  stm32f4xx_hal_tim.o(.text)
    HAL_TIM_DMABurst_ReadStart               0x08005e21   Thumb Code   240  stm32f4xx_hal_tim.o(.text)
    HAL_TIM_DMABurst_ReadStop                0x08005f11   Thumb Code    96  stm32f4xx_hal_tim.o(.text)
    HAL_TIM_GenerateEvent                    0x08005f71   Thumb Code    38  stm32f4xx_hal_tim.o(.text)
    HAL_TIM_ConfigOCrefClear                 0x08005f97   Thumb Code   172  stm32f4xx_hal_tim.o(.text)
    HAL_TIM_ConfigClockSource                0x08006043   Thumb Code   262  stm32f4xx_hal_tim.o(.text)
    HAL_TIM_ConfigTI1Input                   0x08006149   Thumb Code    16  stm32f4xx_hal_tim.o(.text)
    HAL_TIM_SlaveConfigSynchronization       0x080061d5   Thumb Code    66  stm32f4xx_hal_tim.o(.text)
    HAL_TIM_SlaveConfigSynchronization_IT    0x08006217   Thumb Code    66  stm32f4xx_hal_tim.o(.text)
    HAL_TIM_ReadCapturedValue                0x08006259   Thumb Code    68  stm32f4xx_hal_tim.o(.text)
    HAL_TIM_Base_GetState                    0x0800629d   Thumb Code     6  stm32f4xx_hal_tim.o(.text)
    HAL_TIM_OC_GetState                      0x080062a3   Thumb Code     6  stm32f4xx_hal_tim.o(.text)
    HAL_TIM_PWM_GetState                     0x080062a9   Thumb Code     6  stm32f4xx_hal_tim.o(.text)
    HAL_TIM_IC_GetState                      0x080062af   Thumb Code     6  stm32f4xx_hal_tim.o(.text)
    HAL_TIM_OnePulse_GetState                0x080062b5   Thumb Code     6  stm32f4xx_hal_tim.o(.text)
    HAL_TIM_Encoder_GetState                 0x080062bb   Thumb Code     6  stm32f4xx_hal_tim.o(.text)
    HAL_TIMEx_HallSensor_MspInit             0x0800632d   Thumb Code     2  stm32f4xx_hal_tim_ex.o(.text)
    HAL_TIMEx_HallSensor_Init                0x0800632f   Thumb Code   176  stm32f4xx_hal_tim_ex.o(.text)
    HAL_TIMEx_HallSensor_MspDeInit           0x080063df   Thumb Code     2  stm32f4xx_hal_tim_ex.o(.text)
    HAL_TIMEx_HallSensor_DeInit              0x080063e1   Thumb Code    56  stm32f4xx_hal_tim_ex.o(.text)
    HAL_TIMEx_HallSensor_Start               0x08006419   Thumb Code    28  stm32f4xx_hal_tim_ex.o(.text)
    HAL_TIMEx_HallSensor_Stop                0x08006435   Thumb Code    46  stm32f4xx_hal_tim_ex.o(.text)
    HAL_TIMEx_HallSensor_Start_IT            0x08006463   Thumb Code    38  stm32f4xx_hal_tim_ex.o(.text)
    HAL_TIMEx_HallSensor_Stop_IT             0x08006489   Thumb Code    56  stm32f4xx_hal_tim_ex.o(.text)
    HAL_TIMEx_HallSensor_Start_DMA           0x080064c1   Thumb Code    96  stm32f4xx_hal_tim_ex.o(.text)
    HAL_TIMEx_HallSensor_Stop_DMA            0x08006521   Thumb Code    56  stm32f4xx_hal_tim_ex.o(.text)
    HAL_TIMEx_OCN_Start                      0x08006559   Thumb Code    36  stm32f4xx_hal_tim_ex.o(.text)
    HAL_TIMEx_OCN_Stop                       0x0800657d   Thumb Code    68  stm32f4xx_hal_tim_ex.o(.text)
    HAL_TIMEx_OCN_Start_IT                   0x080065c1   Thumb Code    96  stm32f4xx_hal_tim_ex.o(.text)
    HAL_TIMEx_OCN_Stop_IT                    0x08006621   Thumb Code   134  stm32f4xx_hal_tim_ex.o(.text)
    HAL_TIMEx_OCN_Start_DMA                  0x080066a7   Thumb Code   210  stm32f4xx_hal_tim_ex.o(.text)
    HAL_TIMEx_OCN_Stop_DMA                   0x08006779   Thumb Code   124  stm32f4xx_hal_tim_ex.o(.text)
    HAL_TIMEx_PWMN_Start                     0x080067f5   Thumb Code    36  stm32f4xx_hal_tim_ex.o(.text)
    HAL_TIMEx_PWMN_Stop                      0x08006819   Thumb Code    68  stm32f4xx_hal_tim_ex.o(.text)
    HAL_TIMEx_PWMN_Start_IT                  0x0800685d   Thumb Code    96  stm32f4xx_hal_tim_ex.o(.text)
    HAL_TIMEx_PWMN_Stop_IT                   0x080068bd   Thumb Code   148  stm32f4xx_hal_tim_ex.o(.text)
    HAL_TIMEx_PWMN_Start_DMA                 0x08006951   Thumb Code   210  stm32f4xx_hal_tim_ex.o(.text)
    HAL_TIMEx_PWMN_Stop_DMA                  0x08006a23   Thumb Code   124  stm32f4xx_hal_tim_ex.o(.text)
    HAL_TIMEx_OnePulseN_Start                0x08006a9f   Thumb Code    26  stm32f4xx_hal_tim_ex.o(.text)
    HAL_TIMEx_OnePulseN_Stop                 0x08006ab9   Thumb Code    68  stm32f4xx_hal_tim_ex.o(.text)
    HAL_TIMEx_OnePulseN_Start_IT             0x08006afd   Thumb Code    46  stm32f4xx_hal_tim_ex.o(.text)
    HAL_TIMEx_OnePulseN_Stop_IT              0x08006b2b   Thumb Code    88  stm32f4xx_hal_tim_ex.o(.text)
    HAL_TIMEx_ConfigCommutationEvent         0x08006b83   Thumb Code    92  stm32f4xx_hal_tim_ex.o(.text)
    HAL_TIMEx_ConfigCommutationEvent_IT      0x08006bdf   Thumb Code   102  stm32f4xx_hal_tim_ex.o(.text)
    HAL_TIMEx_CommutationCallback            0x08006c45   Thumb Code     2  stm32f4xx_hal_tim_ex.o(.text)
    TIMEx_DMACommutationCplt                 0x08006c47   Thumb Code    16  stm32f4xx_hal_tim_ex.o(.text)
    HAL_TIMEx_ConfigCommutationEvent_DMA     0x08006c57   Thumb Code   116  stm32f4xx_hal_tim_ex.o(.text)
    HAL_TIMEx_MasterConfigSynchronization    0x08006ccb   Thumb Code    80  stm32f4xx_hal_tim_ex.o(.text)
    HAL_TIMEx_ConfigBreakDeadTime            0x08006d1b   Thumb Code    74  stm32f4xx_hal_tim_ex.o(.text)
    HAL_TIMEx_RemapConfig                    0x08006d65   Thumb Code    34  stm32f4xx_hal_tim_ex.o(.text)
    HAL_TIMEx_BreakCallback                  0x08006d87   Thumb Code     2  stm32f4xx_hal_tim_ex.o(.text)
    HAL_TIMEx_HallSensor_GetState            0x08006d89   Thumb Code     6  stm32f4xx_hal_tim_ex.o(.text)
    Reset_Handler                            0x08006da5   Thumb Code     8  startup_stm32f407xx.o(.text)
    NMI_Handler                              0x08006dad   Thumb Code     2  startup_stm32f407xx.o(.text)
    HardFault_Handler                        0x08006daf   Thumb Code     2  startup_stm32f407xx.o(.text)
    MemManage_Handler                        0x08006db1   Thumb Code     2  startup_stm32f407xx.o(.text)
    BusFault_Handler                         0x08006db3   Thumb Code     2  startup_stm32f407xx.o(.text)
    UsageFault_Handler                       0x08006db5   Thumb Code     2  startup_stm32f407xx.o(.text)
    DebugMon_Handler                         0x08006db9   Thumb Code     2  startup_stm32f407xx.o(.text)
    ADC_IRQHandler                           0x08006dbf   Thumb Code     0  startup_stm32f407xx.o(.text)
    CAN1_RX0_IRQHandler                      0x08006dbf   Thumb Code     0  startup_stm32f407xx.o(.text)
    CAN1_RX1_IRQHandler                      0x08006dbf   Thumb Code     0  startup_stm32f407xx.o(.text)
    CAN1_SCE_IRQHandler                      0x08006dbf   Thumb Code     0  startup_stm32f407xx.o(.text)
    CAN1_TX_IRQHandler                       0x08006dbf   Thumb Code     0  startup_stm32f407xx.o(.text)
    CAN2_RX0_IRQHandler                      0x08006dbf   Thumb Code     0  startup_stm32f407xx.o(.text)
    CAN2_RX1_IRQHandler                      0x08006dbf   Thumb Code     0  startup_stm32f407xx.o(.text)
    CAN2_SCE_IRQHandler                      0x08006dbf   Thumb Code     0  startup_stm32f407xx.o(.text)
    CAN2_TX_IRQHandler                       0x08006dbf   Thumb Code     0  startup_stm32f407xx.o(.text)
    DCMI_IRQHandler                          0x08006dbf   Thumb Code     0  startup_stm32f407xx.o(.text)
    DMA1_Stream0_IRQHandler                  0x08006dbf   Thumb Code     0  startup_stm32f407xx.o(.text)
    DMA1_Stream1_IRQHandler                  0x08006dbf   Thumb Code     0  startup_stm32f407xx.o(.text)
    DMA1_Stream2_IRQHandler                  0x08006dbf   Thumb Code     0  startup_stm32f407xx.o(.text)
    DMA1_Stream3_IRQHandler                  0x08006dbf   Thumb Code     0  startup_stm32f407xx.o(.text)
    DMA1_Stream4_IRQHandler                  0x08006dbf   Thumb Code     0  startup_stm32f407xx.o(.text)
    DMA1_Stream5_IRQHandler                  0x08006dbf   Thumb Code     0  startup_stm32f407xx.o(.text)
    DMA1_Stream6_IRQHandler                  0x08006dbf   Thumb Code     0  startup_stm32f407xx.o(.text)
    DMA1_Stream7_IRQHandler                  0x08006dbf   Thumb Code     0  startup_stm32f407xx.o(.text)
    DMA2_Stream0_IRQHandler                  0x08006dbf   Thumb Code     0  startup_stm32f407xx.o(.text)
    DMA2_Stream1_IRQHandler                  0x08006dbf   Thumb Code     0  startup_stm32f407xx.o(.text)
    DMA2_Stream2_IRQHandler                  0x08006dbf   Thumb Code     0  startup_stm32f407xx.o(.text)
    DMA2_Stream3_IRQHandler                  0x08006dbf   Thumb Code     0  startup_stm32f407xx.o(.text)
    DMA2_Stream4_IRQHandler                  0x08006dbf   Thumb Code     0  startup_stm32f407xx.o(.text)
    DMA2_Stream5_IRQHandler                  0x08006dbf   Thumb Code     0  startup_stm32f407xx.o(.text)
    DMA2_Stream6_IRQHandler                  0x08006dbf   Thumb Code     0  startup_stm32f407xx.o(.text)
    DMA2_Stream7_IRQHandler                  0x08006dbf   Thumb Code     0  startup_stm32f407xx.o(.text)
    ETH_IRQHandler                           0x08006dbf   Thumb Code     0  startup_stm32f407xx.o(.text)
    ETH_WKUP_IRQHandler                      0x08006dbf   Thumb Code     0  startup_stm32f407xx.o(.text)
    EXTI15_10_IRQHandler                     0x08006dbf   Thumb Code     0  startup_stm32f407xx.o(.text)
    EXTI1_IRQHandler                         0x08006dbf   Thumb Code     0  startup_stm32f407xx.o(.text)
    EXTI2_IRQHandler                         0x08006dbf   Thumb Code     0  startup_stm32f407xx.o(.text)
    EXTI3_IRQHandler                         0x08006dbf   Thumb Code     0  startup_stm32f407xx.o(.text)
    EXTI4_IRQHandler                         0x08006dbf   Thumb Code     0  startup_stm32f407xx.o(.text)
    EXTI9_5_IRQHandler                       0x08006dbf   Thumb Code     0  startup_stm32f407xx.o(.text)
    FLASH_IRQHandler                         0x08006dbf   Thumb Code     0  startup_stm32f407xx.o(.text)
    FMC_IRQHandler                           0x08006dbf   Thumb Code     0  startup_stm32f407xx.o(.text)
    FPU_IRQHandler                           0x08006dbf   Thumb Code     0  startup_stm32f407xx.o(.text)
    HASH_RNG_IRQHandler                      0x08006dbf   Thumb Code     0  startup_stm32f407xx.o(.text)
    I2C1_ER_IRQHandler                       0x08006dbf   Thumb Code     0  startup_stm32f407xx.o(.text)
    I2C1_EV_IRQHandler                       0x08006dbf   Thumb Code     0  startup_stm32f407xx.o(.text)
    I2C2_ER_IRQHandler                       0x08006dbf   Thumb Code     0  startup_stm32f407xx.o(.text)
    I2C2_EV_IRQHandler                       0x08006dbf   Thumb Code     0  startup_stm32f407xx.o(.text)
    I2C3_ER_IRQHandler                       0x08006dbf   Thumb Code     0  startup_stm32f407xx.o(.text)
    I2C3_EV_IRQHandler                       0x08006dbf   Thumb Code     0  startup_stm32f407xx.o(.text)
    OTG_FS_IRQHandler                        0x08006dbf   Thumb Code     0  startup_stm32f407xx.o(.text)
    OTG_FS_WKUP_IRQHandler                   0x08006dbf   Thumb Code     0  startup_stm32f407xx.o(.text)
    OTG_HS_EP1_IN_IRQHandler                 0x08006dbf   Thumb Code     0  startup_stm32f407xx.o(.text)
    OTG_HS_EP1_OUT_IRQHandler                0x08006dbf   Thumb Code     0  startup_stm32f407xx.o(.text)
    OTG_HS_IRQHandler                        0x08006dbf   Thumb Code     0  startup_stm32f407xx.o(.text)
    OTG_HS_WKUP_IRQHandler                   0x08006dbf   Thumb Code     0  startup_stm32f407xx.o(.text)
    PVD_IRQHandler                           0x08006dbf   Thumb Code     0  startup_stm32f407xx.o(.text)
    RCC_IRQHandler                           0x08006dbf   Thumb Code     0  startup_stm32f407xx.o(.text)
    RTC_Alarm_IRQHandler                     0x08006dbf   Thumb Code     0  startup_stm32f407xx.o(.text)
    RTC_WKUP_IRQHandler                      0x08006dbf   Thumb Code     0  startup_stm32f407xx.o(.text)
    SDIO_IRQHandler                          0x08006dbf   Thumb Code     0  startup_stm32f407xx.o(.text)
    SPI1_IRQHandler                          0x08006dbf   Thumb Code     0  startup_stm32f407xx.o(.text)
    SPI2_IRQHandler                          0x08006dbf   Thumb Code     0  startup_stm32f407xx.o(.text)
    SPI3_IRQHandler                          0x08006dbf   Thumb Code     0  startup_stm32f407xx.o(.text)
    TAMP_STAMP_IRQHandler                    0x08006dbf   Thumb Code     0  startup_stm32f407xx.o(.text)
    TIM1_BRK_TIM9_IRQHandler                 0x08006dbf   Thumb Code     0  startup_stm32f407xx.o(.text)
    TIM1_CC_IRQHandler                       0x08006dbf   Thumb Code     0  startup_stm32f407xx.o(.text)
    TIM1_TRG_COM_TIM11_IRQHandler            0x08006dbf   Thumb Code     0  startup_stm32f407xx.o(.text)
    TIM1_UP_TIM10_IRQHandler                 0x08006dbf   Thumb Code     0  startup_stm32f407xx.o(.text)
    TIM2_IRQHandler                          0x08006dbf   Thumb Code     0  startup_stm32f407xx.o(.text)
    TIM5_IRQHandler                          0x08006dbf   Thumb Code     0  startup_stm32f407xx.o(.text)
    TIM6_DAC_IRQHandler                      0x08006dbf   Thumb Code     0  startup_stm32f407xx.o(.text)
    TIM7_IRQHandler                          0x08006dbf   Thumb Code     0  startup_stm32f407xx.o(.text)
    TIM8_BRK_TIM12_IRQHandler                0x08006dbf   Thumb Code     0  startup_stm32f407xx.o(.text)
    TIM8_CC_IRQHandler                       0x08006dbf   Thumb Code     0  startup_stm32f407xx.o(.text)
    TIM8_TRG_COM_TIM14_IRQHandler            0x08006dbf   Thumb Code     0  startup_stm32f407xx.o(.text)
    TIM8_UP_TIM13_IRQHandler                 0x08006dbf   Thumb Code     0  startup_stm32f407xx.o(.text)
    UART4_IRQHandler                         0x08006dbf   Thumb Code     0  startup_stm32f407xx.o(.text)
    UART5_IRQHandler                         0x08006dbf   Thumb Code     0  startup_stm32f407xx.o(.text)
    USART1_IRQHandler                        0x08006dbf   Thumb Code     0  startup_stm32f407xx.o(.text)
    USART2_IRQHandler                        0x08006dbf   Thumb Code     0  startup_stm32f407xx.o(.text)
    USART3_IRQHandler                        0x08006dbf   Thumb Code     0  startup_stm32f407xx.o(.text)
    USART6_IRQHandler                        0x08006dbf   Thumb Code     0  startup_stm32f407xx.o(.text)
    WWDG_IRQHandler                          0x08006dbf   Thumb Code     0  startup_stm32f407xx.o(.text)
    SystemInit                               0x08006dc9   Thumb Code    66  system_stm32f4xx.o(.text)
    SystemCoreClockUpdate                    0x08006e0b   Thumb Code   106  system_stm32f4xx.o(.text)
    __aeabi_uldivmod                         0x08006e91   Thumb Code    98  uldiv.o(.text)
    __aeabi_dadd                             0x08006ef3   Thumb Code   322  dadd.o(.text)
    __aeabi_dsub                             0x08007035   Thumb Code     6  dadd.o(.text)
    __aeabi_drsub                            0x0800703b   Thumb Code     6  dadd.o(.text)
    __aeabi_dmul                             0x08007041   Thumb Code   228  dmul.o(.text)
    __aeabi_ddiv                             0x08007125   Thumb Code   222  ddiv.o(.text)
    __aeabi_i2d                              0x08007203   Thumb Code    34  dflti.o(.text)
    __aeabi_f2d                              0x08007225   Thumb Code    38  f2d.o(.text)
    __aeabi_d2f                              0x0800724b   Thumb Code    56  d2f.o(.text)
    __aeabi_uidiv                            0x08007283   Thumb Code     0  uidiv.o(.text)
    __aeabi_uidivmod                         0x08007283   Thumb Code    44  uidiv.o(.text)
    __aeabi_llsl                             0x080072af   Thumb Code    30  llshl.o(.text)
    _ll_shift_l                              0x080072af   Thumb Code     0  llshl.o(.text)
    __aeabi_llsr                             0x080072cd   Thumb Code    32  llushr.o(.text)
    _ll_ushift_r                             0x080072cd   Thumb Code     0  llushr.o(.text)
    __aeabi_lasr                             0x080072ed   Thumb Code    36  llsshr.o(.text)
    _ll_sshift_r                             0x080072ed   Thumb Code     0  llsshr.o(.text)
    __I$use$fp                               0x08007311   Thumb Code     0  iusefp.o(.text)
    _float_round                             0x08007311   Thumb Code    18  fepilogue.o(.text)
    _float_epilogue                          0x08007323   Thumb Code    92  fepilogue.o(.text)
    _double_round                            0x0800737f   Thumb Code    30  depilogue.o(.text)
    _double_epilogue                         0x0800739d   Thumb Code   156  depilogue.o(.text)
    _dsqrt                                   0x08007439   Thumb Code   162  dsqrt.o(.text)
    __aeabi_d2ulz                            0x080074db   Thumb Code    48  dfixul.o(.text)
    __aeabi_cdrcmple                         0x0800750d   Thumb Code    48  cdrcmple.o(.text)
    __scatterload                            0x0800753d   Thumb Code    28  init.o(.text)
    __scatterload_rt2                        0x0800753d   Thumb Code     0  init.o(.text)
    SVC_Count                                0x08007560   Data           4  svc_table.o(SVC_TABLE)
    SVC_Table                                0x08007564   Data           0  svc_table.o(SVC_TABLE)
    __0printf                                0x08007565   Thumb Code    22  printfa.o(i.__0printf)
    __1printf                                0x08007565   Thumb Code     0  printfa.o(i.__0printf)
    __2printf                                0x08007565   Thumb Code     0  printfa.o(i.__0printf)
    __c89printf                              0x08007565   Thumb Code     0  printfa.o(i.__0printf)
    printf                                   0x08007565   Thumb Code     0  printfa.o(i.__0printf)
    __ARM_fpclassify                         0x08007585   Thumb Code    48  fpclassify.o(i.__ARM_fpclassify)
    __hardfp_atan                            0x080075b9   Thumb Code   622  atan.o(i.__hardfp_atan)
    __hardfp_sqrt                            0x08007891   Thumb Code   122  sqrt.o(i.__hardfp_sqrt)
    __kernel_poly                            0x0800790b   Thumb Code   248  poly.o(i.__kernel_poly)
    __mathlib_dbl_infnan                     0x08007a03   Thumb Code    20  dunder.o(i.__mathlib_dbl_infnan)
    __mathlib_dbl_underflow                  0x08007a19   Thumb Code    24  dunder.o(i.__mathlib_dbl_underflow)
    __scatterload_copy                       0x08007a39   Thumb Code    14  handlers.o(i.__scatterload_copy)
    __scatterload_null                       0x08007a47   Thumb Code     2  handlers.o(i.__scatterload_null)
    __scatterload_zeroinit                   0x08007a49   Thumb Code    14  handlers.o(i.__scatterload_zeroinit)
    __set_errno                              0x08007a59   Thumb Code     6  errno.o(i.__set_errno)
    _init_box                                0x08007bc9   Thumb Code    70  rt_membox.o(i._init_box)
    dbg_init                                 0x08008341   Thumb Code    34  hal_cm.o(i.dbg_init)
    dbg_task_notify                          0x08008371   Thumb Code    32  hal_cm.o(i.dbg_task_notify)
    dbg_task_switch                          0x08008391   Thumb Code    16  hal_cm.o(i.dbg_task_switch)
    fabs                                     0x080083a1   Thumb Code    24  fabs.o(i.fabs)
    isrMessageGet                            0x080083b9   Thumb Code    42  rt_cmsis.o(i.isrMessageGet)
    isrMessagePut                            0x080083e3   Thumb Code    44  rt_cmsis.o(i.isrMessagePut)
    isrSignalSet                             0x0800840f   Thumb Code    36  rt_cmsis.o(i.isrSignalSet)
    isr_evt_set                              0x08008435   Thumb Code    34  rt_event.o(i.isr_evt_set)
    isr_mbx_receive                          0x0800845d   Thumb Code    82  rt_mailbox.o(i.isr_mbx_receive)
    isr_mbx_send                             0x080084af   Thumb Code    14  rt_mailbox.o(i.isr_mbx_send)
    osKernelInitialize                       0x080084bd   Thumb Code    30  rt_cmsis.o(i.osKernelInitialize)
    osKernelStart                            0x080084e1   Thumb Code    98  rt_cmsis.o(i.osKernelStart)
    osMailAlloc                              0x0800854d   Thumb Code    22  rt_cmsis.o(i.osMailAlloc)
    osMailCreate                             0x08008569   Thumb Code    38  rt_cmsis.o(i.osMailCreate)
    osMailFree                               0x08008599   Thumb Code    22  rt_cmsis.o(i.osMailFree)
    osMailGet                                0x080085b5   Thumb Code    22  rt_cmsis.o(i.osMailGet)
    osMailPut                                0x080085cb   Thumb Code    20  rt_cmsis.o(i.osMailPut)
    osMessageGet                             0x080085e1   Thumb Code    18  rt_cmsis.o(i.osMessageGet)
    osMessagePut                             0x080085f9   Thumb Code    18  rt_cmsis.o(i.osMessagePut)
    osSignalClear                            0x08008611   Thumb Code    20  rt_cmsis.o(i.osSignalClear)
    osSignalSet                              0x08008629   Thumb Code    18  rt_cmsis.o(i.osSignalSet)
    osSignalWait                             0x08008641   Thumb Code    18  rt_cmsis.o(i.osSignalWait)
    osThreadCreate                           0x08008659   Thumb Code    38  rt_cmsis.o(i.osThreadCreate)
    osThreadExit                             0x08008689   Thumb Code    14  rt_cmsis.o(i.osThreadExit)
    osTimerCall                              0x080086a1   Thumb Code     8  rt_cmsis.o(i.osTimerCall)
    osTimerThread                            0x080086ad   Thumb Code    38  rt_cmsis.o(i.osTimerThread)
    os_tick_init                             0x080086d9   Thumb Code    32  rt_system.o(i.os_tick_init)
    os_tick_irqack                           0x08008701   Thumb Code     2  rt_system.o(i.os_tick_irqack)
    rt_alloc_box                             0x08008703   Thumb Code    26  rt_membox.o(i.rt_alloc_box)
    rt_alloc_mem                             0x0800871d   Thumb Code    62  rt_memory.o(i.rt_alloc_mem)
    rt_block                                 0x0800875d   Thumb Code    48  rt_task.o(i.rt_block)
    rt_chk_robin                             0x08008795   Thumb Code    60  rt_robin.o(i.rt_chk_robin)
    rt_dec_dly                               0x080087dd   Thumb Code   102  rt_list.o(i.rt_dec_dly)
    rt_dispatch                              0x0800884d   Thumb Code    60  rt_task.o(i.rt_dispatch)
    rt_evt_clr                               0x08008891   Thumb Code    22  rt_event.o(i.rt_evt_clr)
    rt_evt_psh                               0x080088ad   Thumb Code    76  rt_event.o(i.rt_evt_psh)
    rt_evt_set                               0x080088fd   Thumb Code    88  rt_event.o(i.rt_evt_set)
    rt_evt_wait                              0x08008959   Thumb Code    56  rt_event.o(i.rt_evt_wait)
    rt_free_box                              0x08008995   Thumb Code    44  rt_membox.o(i.rt_free_box)
    rt_free_mem                              0x080089c1   Thumb Code    40  rt_memory.o(i.rt_free_mem)
    rt_get_first                             0x080089e9   Thumb Code    40  rt_list.o(i.rt_get_first)
    rt_init_mem                              0x08008a61   Thumb Code    26  rt_memory.o(i.rt_init_mem)
    rt_init_robin                            0x08008a7d   Thumb Code    14  rt_robin.o(i.rt_init_robin)
    rt_init_stack                            0x08008a95   Thumb Code   118  hal_cm.o(i.rt_init_stack)
    rt_mbx_check                             0x08008b15   Thumb Code     8  rt_mailbox.o(i.rt_mbx_check)
    rt_mbx_init                              0x08008b1d   Thumb Code    26  rt_mailbox.o(i.rt_mbx_init)
    rt_mbx_psh                               0x08008b39   Thumb Code   236  rt_mailbox.o(i.rt_mbx_psh)
    rt_mbx_send                              0x08008c29   Thumb Code   148  rt_mailbox.o(i.rt_mbx_send)
    rt_mbx_wait                              0x08008cc1   Thumb Code   174  rt_mailbox.o(i.rt_mbx_wait)
    rt_pop_req                               0x08008db9   Thumb Code   112  rt_system.o(i.rt_pop_req)
    rt_psh_req                               0x08008e35   Thumb Code    22  rt_system.o(i.rt_psh_req)
    rt_psq_enq                               0x08008e55   Thumb Code    88  rt_list.o(i.rt_psq_enq)
    rt_put_dly                               0x08008eb1   Thumb Code    68  rt_list.o(i.rt_put_dly)
    rt_put_prio                              0x08008ef9   Thumb Code    54  rt_list.o(i.rt_put_prio)
    rt_put_rdy_first                         0x08008f31   Thumb Code    14  rt_list.o(i.rt_put_rdy_first)
    rt_resort_prio                           0x08008f45   Thumb Code    46  rt_list.o(i.rt_resort_prio)
    rt_ret_val                               0x08008f89   Thumb Code    12  hal_cm.o(i.rt_ret_val)
    rt_ret_val2                              0x08008f95   Thumb Code    16  hal_cm.o(i.rt_ret_val2)
    rt_rmv_dly                               0x08008fa5   Thumb Code    40  rt_list.o(i.rt_rmv_dly)
    rt_rmv_list                              0x08008fcd   Thumb Code    44  rt_list.o(i.rt_rmv_list)
    rt_sem_psh                               0x08008ffd   Thumb Code    48  rt_semaphore.o(i.rt_sem_psh)
    rt_stk_check                             0x08009031   Thumb Code    28  rt_system.o(i.rt_stk_check)
    rt_switch_req                            0x08009055   Thumb Code    30  rt_task.o(i.rt_switch_req)
    rt_sys_init                              0x0800907d   Thumb Code   138  rt_task.o(i.rt_sys_init)
    rt_sys_start                             0x08009149   Thumb Code   110  rt_task.o(i.rt_sys_start)
    rt_systick                               0x080091c1   Thumb Code    50  rt_system.o(i.rt_systick)
    rt_tsk_create                            0x08009249   Thumb Code   118  rt_task.o(i.rt_tsk_create)
    rt_tsk_delete                            0x080092d1   Thumb Code   352  rt_task.o(i.rt_tsk_delete)
    rt_tsk_prio                              0x0800944d   Thumb Code   108  rt_task.o(i.rt_tsk_prio)
    rt_tsk_self                              0x080094c9   Thumb Code    12  rt_task.o(i.rt_tsk_self)
    svcKernelInitialize                      0x080094d9   Thumb Code    80  rt_cmsis.o(i.svcKernelInitialize)
    svcKernelStart                           0x08009549   Thumb Code    62  rt_cmsis.o(i.svcKernelStart)
    svcMailCreate                            0x08009591   Thumb Code    66  rt_cmsis.o(i.svcMailCreate)
    svcMessageCreate                         0x080095d3   Thumb Code    36  rt_cmsis.o(i.svcMessageCreate)
    svcMessageGet                            0x080095f7   Thumb Code    58  rt_cmsis.o(i.svcMessageGet)
    svcMessagePut                            0x08009631   Thumb Code    54  rt_cmsis.o(i.svcMessagePut)
    svcSignalClear                           0x08009667   Thumb Code    36  rt_cmsis.o(i.svcSignalClear)
    svcSignalSet                             0x0800968b   Thumb Code    36  rt_cmsis.o(i.svcSignalSet)
    svcSignalWait                            0x080096b1   Thumb Code    80  rt_cmsis.o(i.svcSignalWait)
    svcThreadCreate                          0x08009705   Thumb Code   100  rt_cmsis.o(i.svcThreadCreate)
    svcThreadGetId                           0x08009775   Thumb Code    22  rt_cmsis.o(i.svcThreadGetId)
    svcThreadTerminate                       0x08009791   Thumb Code    50  rt_cmsis.o(i.svcThreadTerminate)
    svcTimerCall                             0x080097c9   Thumb Code    24  rt_cmsis.o(i.svcTimerCall)
    sysMailAlloc                             0x080097e1   Thumb Code    84  rt_cmsis.o(i.sysMailAlloc)
    sysMailFree                              0x08009839   Thumb Code    96  rt_cmsis.o(i.sysMailFree)
    sysTimerTick                             0x08009899   Thumb Code    84  rt_cmsis.o(i.sysTimerTick)
    os_thread_def_temperature_thread         0x080098f4   Data          16  main.o(.constdata)
    os_thread_def_Thread_LED                 0x08009904   Data          16  led_driver.o(.constdata)
    os_mailQ_def_input_mailbox               0x08009914   Data          12  mail_controller.o(.constdata)
    os_mailQ_def_led_mailbox                 0x08009920   Data          12  mail_controller.o(.constdata)
    os_thread_def_Thread_MAIL_CONTROLLER     0x0800992c   Data          16  mail_controller.o(.constdata)
    os_maxtaskrun                            0x0800993c   Data           2  rtx_conf_cm.o(.constdata)
    os_stackinfo                             0x08009940   Data           4  rtx_conf_cm.o(.constdata)
    os_rrobin                                0x08009944   Data           4  rtx_conf_cm.o(.constdata)
    os_trv                                   0x08009948   Data           4  rtx_conf_cm.o(.constdata)
    os_flags                                 0x0800994c   Data           1  rtx_conf_cm.o(.constdata)
    CMSIS_RTOS_API_Version                   0x08009950   Data           4  rtx_conf_cm.o(.constdata)
    CMSIS_RTOS_RTX_Version                   0x08009954   Data           4  rtx_conf_cm.o(.constdata)
    os_clockrate                             0x08009958   Data           4  rtx_conf_cm.o(.constdata)
    os_timernum                              0x0800995c   Data           4  rtx_conf_cm.o(.constdata)
    mp_tcb_size                              0x08009960   Data           2  rtx_conf_cm.o(.constdata)
    mp_stk_size                              0x08009964   Data           4  rtx_conf_cm.o(.constdata)
    os_stack_sz                              0x08009968   Data           4  rtx_conf_cm.o(.constdata)
    os_fifo_size                             0x0800996c   Data           1  rtx_conf_cm.o(.constdata)
    os_thread_def_osTimerThread              0x08009970   Data          16  rtx_conf_cm.o(.constdata)
    os_messageQ_def_osTimerMessageQ          0x08009980   Data           8  rtx_conf_cm.o(.constdata)
    mp_tmr_size                              0x08009988   Data           2  rtx_conf_cm.o(.constdata)
    APBAHBPrescTable                         0x08009992   Data          16  stm32f4xx_hal_rcc.o(.constdata)
    AHBPrescTable                            0x080099a2   Data          16  system_stm32f4xx.o(.constdata)
    Region$$Table$$Base                      0x08009a50   Number         0  anon$$obj.o(Region$$Table)
    Region$$Table$$Limit                     0x08009a70   Number         0  anon$$obj.o(Region$$Table)
    accelerometer_thread_id                  0x20000000   Data           4  main.o(.data)
    temperature_thread_id                    0x20000004   Data           4  main.o(.data)
    data_ready                               0x20000008   Data           4  accelerometer.o(.data)
    display_mode                             0x2000000c   Data           1  led_driver.o(.data)
    current_value                            0x20000010   Data           4  led_driver.o(.data)
    target_value                             0x20000014   Data           4  led_driver.o(.data)
    digit_mode                               0x20000018   Data           4  led_driver.o(.data)
    moving_decimal_mode                      0x2000001c   Data           4  led_driver.o(.data)
    decimal_digit                            0x20000020   Data           4  led_driver.o(.data)
    degree_mode                              0x20000024   Data           4  led_driver.o(.data)
    blinking                                 0x20000028   Data           4  led_driver.o(.data)
    target_was_set                           0x2000002c   Data           4  led_driver.o(.data)
    blinking_count                           0x20000030   Data           4  led_driver.o(.data)
    current_digit                            0x20000034   Data           4  led_driver.o(.data)
    tid_Thread_LED                           0x20000038   Data           4  led_driver.o(.data)
    digits                                   0x2000003c   Data          20  led_driver.o(.data)
    curent_display_type                      0x20000050   Data           1  mail_controller.o(.data)
    temperature                              0x20000054   Data           4  mail_controller.o(.data)
    angle                                    0x20000058   Data           4  mail_controller.o(.data)
    key_event                                0x2000005c   Data           4  mail_controller.o(.data)
    target_set                               0x20000060   Data           4  mail_controller.o(.data)
    input_mailbox                            0x20000064   Data           4  mail_controller.o(.data)
    led_mailbox                              0x20000068   Data           4  mail_controller.o(.data)
    tid_Thread_MAIL_CONTROLLER               0x2000006c   Data           4  mail_controller.o(.data)
    os_mailQ_p_input_mailbox                 0x20000070   Data           8  mail_controller.o(.data)
    os_mailQ_p_led_mailbox                   0x20000078   Data           8  mail_controller.o(.data)
    LIS3DSHTimeout                           0x20000080   Data           4  lis3dsh.o(.data)
    m_tmr                                    0x20000084   Data           4  rtx_conf_cm.o(.data)
    os_thread_def_main                       0x20000088   Data          16  rtx_conf_cm.o(.data)
    osThreadId_osTimerThread                 0x20000098   Data           4  rtx_conf_cm.o(.data)
    osMessageQId_osTimerMessageQ             0x2000009c   Data           4  rtx_conf_cm.o(.data)
    SystemCoreClock                          0x200000a4   Data           4  system_stm32f4xx.o(.data)
    os_initialized                           0x200000a8   Data           1  rt_cmsis.o(.data)
    os_running                               0x200000a9   Data           1  rt_cmsis.o(.data)
    os_timer_head                            0x200000ac   Data           4  rt_cmsis.o(.data)
    os_time                                  0x200000b0   Data           4  rt_time.o(.data)
    os_tsk                                   0x200000b4   Data           8  rt_task.o(.data)
    os_tick_irqn                             0x200000c0   Data           4  rt_system.o(.data)
    dbg_msg                                  0x200000c4   Data           1  hal_cm.o(.data)
    os_robin                                 0x200000c8   Data           8  rt_robin.o(.data)
    __stdout                                 0x200000d0   Data           4  stdout.o(.data)
    TIM_Handle                               0x200000d8   Data          60  main.o(.bss)
    TIM_Handle2                              0x20000114   Data          60  main.o(.bss)
    digit_segments                           0x20000150   Data         112  led_driver.o(.bss)
    os_mailQ_q_input_mailbox                 0x200001c0   Data          36  mail_controller.o(.bss)
    os_mailQ_q_led_mailbox                   0x200001e4   Data          36  mail_controller.o(.bss)
    os_mailQ_m_input_mailbox                 0x20000208   Data          52  mail_controller.o(.bss)
    os_mailQ_m_led_mailbox                   0x2000023c   Data          52  mail_controller.o(.bss)
    g_AdcHandle                              0x20000270   Data          68  temperature.o(.bss)
    SpiHandle                                0x200002b4   Data          88  lis3dsh.o(.bss)
    os_messageQ_q_osTimerMessageQ            0x2000030c   Data          32  rtx_conf_cm.o(.bss)
    mp_tcb                                   0x2000032c   Data         376  rtx_conf_cm.o(.bss)
    mp_stk                                   0x200004a8   Data        4816  rtx_conf_cm.o(.bss)
    os_stack_mem                             0x20001778   Data        1256  rtx_conf_cm.o(.bss)
    os_fifo                                  0x20001c60   Data         132  rtx_conf_cm.o(.bss)
    os_active_TCB                            0x20001ce4   Data          28  rtx_conf_cm.o(.bss)
    os_idle_TCB                              0x20001d00   Data          52  rt_task.o(.bss)
    os_rdy                                   0x20001d34   Data          24  rt_list.o(.bss)
    os_dly                                   0x20001d4c   Data          24  rt_list.o(.bss)
    __initial_sp                             0x20002168   Data           0  startup_stm32f407xx.o(STACK)



==============================================================================

Memory Map of the image

  Image Entry point : 0x08000189

  Load Region LR_IROM1 (Base: 0x08000000, Size: 0x00009b48, Max: 0x00100000, ABSOLUTE)

    Execution Region ER_IROM1 (Base: 0x08000000, Size: 0x00009a70, Max: 0x00100000, ABSOLUTE)

    Base Addr    Size         Type   Attr      Idx    E Section Name        Object

    0x08000000   0x00000188   Data   RO          796    RESET               startup_stm32f407xx.o
    0x08000188   0x00000000   Code   RO         2077  * .ARM.Collect$$$$00000000  mc_w.l(entry.o)
    0x08000188   0x00000004   Code   RO         2379    .ARM.Collect$$$$00000001  mc_w.l(entry2.o)
    0x0800018c   0x00000004   Code   RO         2382    .ARM.Collect$$$$00000004  mc_w.l(entry5.o)
    0x08000190   0x00000000   Code   RO         2384    .ARM.Collect$$$$00000008  mc_w.l(entry7b.o)
    0x08000190   0x00000000   Code   RO         2386    .ARM.Collect$$$$0000000A  mc_w.l(entry8b.o)
    0x08000190   0x00000000   Code   RO         2387    .ARM.Collect$$$$0000000D  mc_w.l(entry10a.o)
    0x08000190   0x00000000   Code   RO         2389    .ARM.Collect$$$$0000000F  mc_w.l(entry11a.o)
    0x08000190   0x00000018   Code   RO          345    .ARM.Collect$$$$000000FF  rtx_conf_cm.o
    0x080001a8   0x00000004   Code   RO         2380    .ARM.Collect$$$$00002712  mc_w.l(entry2.o)
    0x080001ac   0x00000198   Code   RO         2038    .emb_text           RTX_CM4.lib(hal_cm4.o)
    0x08000344   0x00000260   Code   RO            4    .text               main.o
    0x080005a4   0x00000140   Code   RO          158    .text               accelerometer.o
    0x080006e4   0x00000028   Code   RO          196    .text               fput_debug.o
    0x0800070c   0x000004d8   Code   RO          224    .text               led_driver.o
    0x08000be4   0x00000148   Code   RO          258    .text               mail_controller.o
    0x08000d2c   0x000000b8   Code   RO          292    .text               temperature.o
    0x08000de4   0x00000478   Code   RO          319    .text               lis3dsh.o
    0x0800125c   0x00000004   Code   RO          346    .text               rtx_conf_cm.o
    0x08001260   0x0000017c   Code   RO          401    .text               stm32f4xx_hal.o
    0x080013dc   0x000007c0   Code   RO          427    .text               stm32f4xx_hal_adc.o
    0x08001b9c   0x00000594   Code   RO          451    .text               stm32f4xx_hal_adc_ex.o
    0x08002130   0x00000230   Code   RO          475    .text               stm32f4xx_hal_cortex.o
    0x08002360   0x000004ec   Code   RO          503    .text               stm32f4xx_hal_dma.o
    0x0800284c   0x00000348   Code   RO          552    .text               stm32f4xx_hal_gpio.o
    0x08002b94   0x00000804   Code   RO          624    .text               stm32f4xx_hal_rcc.o
    0x08003398   0x0000112e   Code   RO          676    .text               stm32f4xx_hal_spi.o
    0x080044c6   0x00000002   PAD
    0x080044c8   0x00001e62   Code   RO          700    .text               stm32f4xx_hal_tim.o
    0x0800632a   0x00000002   PAD
    0x0800632c   0x00000a78   Code   RO          725    .text               stm32f4xx_hal_tim_ex.o
    0x08006da4   0x00000024   Code   RO          797    .text               startup_stm32f407xx.o
    0x08006dc8   0x000000c8   Code   RO          804    .text               system_stm32f4xx.o
    0x08006e90   0x00000062   Code   RO         2080    .text               mc_w.l(uldiv.o)
    0x08006ef2   0x0000014e   Code   RO         2343    .text               mf_w.l(dadd.o)
    0x08007040   0x000000e4   Code   RO         2345    .text               mf_w.l(dmul.o)
    0x08007124   0x000000de   Code   RO         2347    .text               mf_w.l(ddiv.o)
    0x08007202   0x00000022   Code   RO         2349    .text               mf_w.l(dflti.o)
    0x08007224   0x00000026   Code   RO         2351    .text               mf_w.l(f2d.o)
    0x0800724a   0x00000038   Code   RO         2353    .text               mf_w.l(d2f.o)
    0x08007282   0x0000002c   Code   RO         2392    .text               mc_w.l(uidiv.o)
    0x080072ae   0x0000001e   Code   RO         2394    .text               mc_w.l(llshl.o)
    0x080072cc   0x00000020   Code   RO         2396    .text               mc_w.l(llushr.o)
    0x080072ec   0x00000024   Code   RO         2398    .text               mc_w.l(llsshr.o)
    0x08007310   0x00000000   Code   RO         2407    .text               mc_w.l(iusefp.o)
    0x08007310   0x0000006e   Code   RO         2408    .text               mf_w.l(fepilogue.o)
    0x0800737e   0x000000ba   Code   RO         2410    .text               mf_w.l(depilogue.o)
    0x08007438   0x000000a2   Code   RO         2414    .text               mf_w.l(dsqrt.o)
    0x080074da   0x00000030   Code   RO         2416    .text               mf_w.l(dfixul.o)
    0x0800750a   0x00000002   PAD
    0x0800750c   0x00000030   Code   RO         2420    .text               mf_w.l(cdrcmple.o)
    0x0800753c   0x00000024   Code   RO         2422    .text               mc_w.l(init.o)
    0x08007560   0x00000004   Code   RO         2048    SVC_TABLE           RTX_CM4.lib(svc_table.o)
    0x08007564   0x00000020   Code   RO         2315    i.__0printf         mc_w.l(printfa.o)
    0x08007584   0x00000030   Code   RO         2375    i.__ARM_fpclassify  m_wm.l(fpclassify.o)
    0x080075b4   0x00000004   PAD
    0x080075b8   0x000002d8   Code   RO         2051    i.__hardfp_atan     m_wm.l(atan.o)
    0x08007890   0x0000007a   Code   RO         2065    i.__hardfp_sqrt     m_wm.l(sqrt.o)
    0x0800790a   0x000000f8   Code   RO         2377    i.__kernel_poly     m_wm.l(poly.o)
    0x08007a02   0x00000014   Code   RO         2356    i.__mathlib_dbl_infnan  m_wm.l(dunder.o)
    0x08007a16   0x00000002   PAD
    0x08007a18   0x00000020   Code   RO         2361    i.__mathlib_dbl_underflow  m_wm.l(dunder.o)
    0x08007a38   0x0000000e   Code   RO         2426    i.__scatterload_copy  mc_w.l(handlers.o)
    0x08007a46   0x00000002   Code   RO         2427    i.__scatterload_null  mc_w.l(handlers.o)
    0x08007a48   0x0000000e   Code   RO         2428    i.__scatterload_zeroinit  mc_w.l(handlers.o)
    0x08007a56   0x00000002   PAD
    0x08007a58   0x0000000c   Code   RO         2402    i.__set_errno       mc_w.l(errno.o)
    0x08007a64   0x00000164   Code   RO         2322    i._fp_digits        mc_w.l(printfa.o)
    0x08007bc8   0x00000046   Code   RO         1911    i._init_box         RTX_CM4.lib(rt_membox.o)
    0x08007c0e   0x00000002   PAD
    0x08007c10   0x000006dc   Code   RO         2323    i._printf_core      mc_w.l(printfa.o)
    0x080082ec   0x00000024   Code   RO         2324    i._printf_post_padding  mc_w.l(printfa.o)
    0x08008310   0x0000002e   Code   RO         2325    i._printf_pre_padding  mc_w.l(printfa.o)
    0x0800833e   0x00000002   PAD
    0x08008340   0x00000030   Code   RO         1964    i.dbg_init          RTX_CM4.lib(hal_cm.o)
    0x08008370   0x00000020   Code   RO         1965    i.dbg_task_notify   RTX_CM4.lib(hal_cm.o)
    0x08008390   0x00000010   Code   RO         1966    i.dbg_task_switch   RTX_CM4.lib(hal_cm.o)
    0x080083a0   0x00000018   Code   RO         2371    i.fabs              m_wm.l(fabs.o)
    0x080083b8   0x0000002a   Code   RO          835    i.isrMessageGet     RTX_CM4.lib(rt_cmsis.o)
    0x080083e2   0x0000002c   Code   RO          836    i.isrMessagePut     RTX_CM4.lib(rt_cmsis.o)
    0x0800840e   0x00000024   Code   RO          838    i.isrSignalSet      RTX_CM4.lib(rt_cmsis.o)
    0x08008432   0x00000002   PAD
    0x08008434   0x00000028   Code   RO         1668    i.isr_evt_set       RTX_CM4.lib(rt_event.o)
    0x0800845c   0x00000052   Code   RO         1790    i.isr_mbx_receive   RTX_CM4.lib(rt_mailbox.o)
    0x080084ae   0x0000000e   Code   RO         1791    i.isr_mbx_send      RTX_CM4.lib(rt_mailbox.o)
    0x080084bc   0x00000024   Code   RO          840    i.osKernelInitialize  RTX_CM4.lib(rt_cmsis.o)
    0x080084e0   0x0000006c   Code   RO          842    i.osKernelStart     RTX_CM4.lib(rt_cmsis.o)
    0x0800854c   0x0000001c   Code   RO          844    i.osMailAlloc       RTX_CM4.lib(rt_cmsis.o)
    0x08008568   0x00000030   Code   RO          846    i.osMailCreate      RTX_CM4.lib(rt_cmsis.o)
    0x08008598   0x0000001c   Code   RO          847    i.osMailFree        RTX_CM4.lib(rt_cmsis.o)
    0x080085b4   0x00000016   Code   RO          848    i.osMailGet         RTX_CM4.lib(rt_cmsis.o)
    0x080085ca   0x00000014   Code   RO          849    i.osMailPut         RTX_CM4.lib(rt_cmsis.o)
    0x080085de   0x00000002   PAD
    0x080085e0   0x00000018   Code   RO          851    i.osMessageGet      RTX_CM4.lib(rt_cmsis.o)
    0x080085f8   0x00000018   Code   RO          852    i.osMessagePut      RTX_CM4.lib(rt_cmsis.o)
    0x08008610   0x00000018   Code   RO          865    i.osSignalClear     RTX_CM4.lib(rt_cmsis.o)
    0x08008628   0x00000018   Code   RO          866    i.osSignalSet       RTX_CM4.lib(rt_cmsis.o)
    0x08008640   0x00000018   Code   RO          867    i.osSignalWait      RTX_CM4.lib(rt_cmsis.o)
    0x08008658   0x00000030   Code   RO          868    i.osThreadCreate    RTX_CM4.lib(rt_cmsis.o)
    0x08008688   0x00000018   Code   RO          869    i.osThreadExit      RTX_CM4.lib(rt_cmsis.o)
    0x080086a0   0x0000000c   Code   RO          875    i.osTimerCall       RTX_CM4.lib(rt_cmsis.o)
    0x080086ac   0x0000002c   Code   RO          880    i.osTimerThread     RTX_CM4.lib(rt_cmsis.o)
    0x080086d8   0x00000028   Code   RO         1578    i.os_tick_init      RTX_CM4.lib(rt_system.o)
    0x08008700   0x00000002   Code   RO         1579    i.os_tick_irqack    RTX_CM4.lib(rt_system.o)
    0x08008702   0x0000001a   Code   RO         1912    i.rt_alloc_box      RTX_CM4.lib(rt_membox.o)
    0x0800871c   0x0000003e   Code   RO         1940    i.rt_alloc_mem      RTX_CM4.lib(rt_memory.o)
    0x0800875a   0x00000002   PAD
    0x0800875c   0x00000038   Code   RO         1493    i.rt_block          RTX_CM4.lib(rt_task.o)
    0x08008794   0x00000048   Code   RO         2017    i.rt_chk_robin      RTX_CM4.lib(rt_robin.o)
    0x080087dc   0x00000070   Code   RO         1714    i.rt_dec_dly        RTX_CM4.lib(rt_list.o)
    0x0800884c   0x00000044   Code   RO         1494    i.rt_dispatch       RTX_CM4.lib(rt_task.o)
    0x08008890   0x0000001c   Code   RO         1669    i.rt_evt_clr        RTX_CM4.lib(rt_event.o)
    0x080088ac   0x00000050   Code   RO         1671    i.rt_evt_psh        RTX_CM4.lib(rt_event.o)
    0x080088fc   0x0000005c   Code   RO         1672    i.rt_evt_set        RTX_CM4.lib(rt_event.o)
    0x08008958   0x0000003c   Code   RO         1673    i.rt_evt_wait       RTX_CM4.lib(rt_event.o)
    0x08008994   0x0000002c   Code   RO         1913    i.rt_free_box       RTX_CM4.lib(rt_membox.o)
    0x080089c0   0x00000028   Code   RO         1941    i.rt_free_mem       RTX_CM4.lib(rt_memory.o)
    0x080089e8   0x00000028   Code   RO         1715    i.rt_get_first      RTX_CM4.lib(rt_list.o)
    0x08008a10   0x00000008   Code   RO          885    i.rt_id2obj         RTX_CM4.lib(rt_cmsis.o)
    0x08008a18   0x00000048   Code   RO         1495    i.rt_init_context   RTX_CM4.lib(rt_task.o)
    0x08008a60   0x0000001a   Code   RO         1942    i.rt_init_mem       RTX_CM4.lib(rt_memory.o)
    0x08008a7a   0x00000002   PAD
    0x08008a7c   0x00000018   Code   RO         2018    i.rt_init_robin     RTX_CM4.lib(rt_robin.o)
    0x08008a94   0x00000080   Code   RO         1967    i.rt_init_stack     RTX_CM4.lib(hal_cm.o)
    0x08008b14   0x00000008   Code   RO         1792    i.rt_mbx_check      RTX_CM4.lib(rt_mailbox.o)
    0x08008b1c   0x0000001a   Code   RO         1793    i.rt_mbx_init       RTX_CM4.lib(rt_mailbox.o)
    0x08008b36   0x00000002   PAD
    0x08008b38   0x000000f0   Code   RO         1794    i.rt_mbx_psh        RTX_CM4.lib(rt_mailbox.o)
    0x08008c28   0x00000098   Code   RO         1795    i.rt_mbx_send       RTX_CM4.lib(rt_mailbox.o)
    0x08008cc0   0x000000b4   Code   RO         1796    i.rt_mbx_wait       RTX_CM4.lib(rt_mailbox.o)
    0x08008d74   0x00000044   Code   RO          886    i.rt_ms2tick        RTX_CM4.lib(rt_cmsis.o)
    0x08008db8   0x0000007c   Code   RO         1582    i.rt_pop_req        RTX_CM4.lib(rt_system.o)
    0x08008e34   0x00000020   Code   RO         1583    i.rt_psh_req        RTX_CM4.lib(rt_system.o)
    0x08008e54   0x0000005c   Code   RO         1717    i.rt_psq_enq        RTX_CM4.lib(rt_list.o)
    0x08008eb0   0x00000048   Code   RO         1718    i.rt_put_dly        RTX_CM4.lib(rt_list.o)
    0x08008ef8   0x00000036   Code   RO         1719    i.rt_put_prio       RTX_CM4.lib(rt_list.o)
    0x08008f2e   0x00000002   PAD
    0x08008f30   0x00000014   Code   RO         1720    i.rt_put_rdy_first  RTX_CM4.lib(rt_list.o)
    0x08008f44   0x00000034   Code   RO         1721    i.rt_resort_prio    RTX_CM4.lib(rt_list.o)
    0x08008f78   0x00000010   Code   RO         1968    i.rt_ret_regs       RTX_CM4.lib(hal_cm.o)
    0x08008f88   0x0000000c   Code   RO         1969    i.rt_ret_val        RTX_CM4.lib(hal_cm.o)
    0x08008f94   0x00000010   Code   RO         1970    i.rt_ret_val2       RTX_CM4.lib(hal_cm.o)
    0x08008fa4   0x00000028   Code   RO         1722    i.rt_rmv_dly        RTX_CM4.lib(rt_list.o)
    0x08008fcc   0x00000030   Code   RO         1723    i.rt_rmv_list       RTX_CM4.lib(rt_list.o)
    0x08008ffc   0x00000034   Code   RO         1841    i.rt_sem_psh        RTX_CM4.lib(rt_semaphore.o)
    0x08009030   0x00000024   Code   RO         1585    i.rt_stk_check      RTX_CM4.lib(rt_system.o)
    0x08009054   0x00000028   Code   RO         1496    i.rt_switch_req     RTX_CM4.lib(rt_task.o)
    0x0800907c   0x000000cc   Code   RO         1497    i.rt_sys_init       RTX_CM4.lib(rt_task.o)
    0x08009148   0x00000078   Code   RO         1498    i.rt_sys_start      RTX_CM4.lib(rt_task.o)
    0x080091c0   0x00000040   Code   RO         1587    i.rt_systick        RTX_CM4.lib(rt_system.o)
    0x08009200   0x00000012   Code   RO          887    i.rt_tid2ptcb       RTX_CM4.lib(rt_cmsis.o)
    0x08009212   0x00000002   PAD
    0x08009214   0x00000034   Code   RO          888    i.rt_timer_insert   RTX_CM4.lib(rt_cmsis.o)
    0x08009248   0x00000088   Code   RO         1499    i.rt_tsk_create     RTX_CM4.lib(rt_task.o)
    0x080092d0   0x0000017c   Code   RO         1500    i.rt_tsk_delete     RTX_CM4.lib(rt_task.o)
    0x0800944c   0x0000007c   Code   RO         1502    i.rt_tsk_prio       RTX_CM4.lib(rt_task.o)
    0x080094c8   0x00000010   Code   RO         1503    i.rt_tsk_self       RTX_CM4.lib(rt_task.o)
    0x080094d8   0x00000070   Code   RO          891    i.svcKernelInitialize  RTX_CM4.lib(rt_cmsis.o)
    0x08009548   0x00000048   Code   RO          893    i.svcKernelStart    RTX_CM4.lib(rt_cmsis.o)
    0x08009590   0x00000042   Code   RO          895    i.svcMailCreate     RTX_CM4.lib(rt_cmsis.o)
    0x080095d2   0x00000024   Code   RO          896    i.svcMessageCreate  RTX_CM4.lib(rt_cmsis.o)
    0x080095f6   0x0000003a   Code   RO          897    i.svcMessageGet     RTX_CM4.lib(rt_cmsis.o)
    0x08009630   0x00000036   Code   RO          898    i.svcMessagePut     RTX_CM4.lib(rt_cmsis.o)
    0x08009666   0x00000024   Code   RO          908    i.svcSignalClear    RTX_CM4.lib(rt_cmsis.o)
    0x0800968a   0x00000024   Code   RO          909    i.svcSignalSet      RTX_CM4.lib(rt_cmsis.o)
    0x080096ae   0x00000002   PAD
    0x080096b0   0x00000054   Code   RO          910    i.svcSignalWait     RTX_CM4.lib(rt_cmsis.o)
    0x08009704   0x00000070   Code   RO          911    i.svcThreadCreate   RTX_CM4.lib(rt_cmsis.o)
    0x08009774   0x0000001c   Code   RO          912    i.svcThreadGetId    RTX_CM4.lib(rt_cmsis.o)
    0x08009790   0x00000038   Code   RO          915    i.svcThreadTerminate  RTX_CM4.lib(rt_cmsis.o)
    0x080097c8   0x00000018   Code   RO          917    i.svcTimerCall      RTX_CM4.lib(rt_cmsis.o)
    0x080097e0   0x00000058   Code   RO          922    i.sysMailAlloc      RTX_CM4.lib(rt_cmsis.o)
    0x08009838   0x00000060   Code   RO          923    i.sysMailFree       RTX_CM4.lib(rt_cmsis.o)
    0x08009898   0x0000005c   Code   RO          926    i.sysTimerTick      RTX_CM4.lib(rt_cmsis.o)
    0x080098f4   0x00000010   Data   RO            9    .constdata          main.o
    0x08009904   0x00000010   Data   RO          229    .constdata          led_driver.o
    0x08009914   0x00000028   Data   RO          263    .constdata          mail_controller.o
    0x0800993c   0x00000002   Data   RO          353    .constdata          rtx_conf_cm.o
    0x0800993e   0x00000002   PAD
    0x08009940   0x00000004   Data   RO          354    .constdata          rtx_conf_cm.o
    0x08009944   0x00000004   Data   RO          355    .constdata          rtx_conf_cm.o
    0x08009948   0x00000004   Data   RO          359    .constdata          rtx_conf_cm.o
    0x0800994c   0x00000001   Data   RO          360    .constdata          rtx_conf_cm.o
    0x0800994d   0x00000003   PAD
    0x08009950   0x00000010   Data   RO          361    .constdata          rtx_conf_cm.o
    0x08009960   0x00000002   Data   RO          362    .constdata          rtx_conf_cm.o
    0x08009962   0x00000002   PAD
    0x08009964   0x00000004   Data   RO          363    .constdata          rtx_conf_cm.o
    0x08009968   0x00000004   Data   RO          364    .constdata          rtx_conf_cm.o
    0x0800996c   0x00000001   Data   RO          365    .constdata          rtx_conf_cm.o
    0x0800996d   0x00000003   PAD
    0x08009970   0x00000010   Data   RO          366    .constdata          rtx_conf_cm.o
    0x08009980   0x00000008   Data   RO          367    .constdata          rtx_conf_cm.o
    0x08009988   0x00000002   Data   RO          368    .constdata          rtx_conf_cm.o
    0x0800998a   0x00000008   Data   RO          504    .constdata          stm32f4xx_hal_dma.o
    0x08009992   0x00000010   Data   RO          625    .constdata          stm32f4xx_hal_rcc.o
    0x080099a2   0x00000010   Data   RO          805    .constdata          system_stm32f4xx.o
    0x080099b2   0x00000006   PAD
    0x080099b8   0x00000098   Data   RO         2054    .constdata          m_wm.l(atan.o)
    0x08009a50   0x00000020   Data   RO         2424    Region$$Table       anon$$obj.o


    Execution Region RW_IRAM1 (Base: 0x20000000, Size: 0x00002168, Max: 0x00020000, ABSOLUTE)

    Base Addr    Size         Type   Attr      Idx    E Section Name        Object

    0x20000000   0x00000008   Data   RW           10    .data               main.o
    0x20000008   0x00000004   Data   RW          159    .data               accelerometer.o
    0x2000000c   0x00000044   Data   RW          230    .data               led_driver.o
    0x20000050   0x00000020   Data   RW          264    .data               mail_controller.o
    0x20000070   0x00000008   Data   RW          265    .data               mail_controller.o
    0x20000078   0x00000008   Data   RW          266    .data               mail_controller.o
    0x20000080   0x00000004   Data   RW          321    .data               lis3dsh.o
    0x20000084   0x00000004   Data   RW          370    .data               rtx_conf_cm.o
    0x20000088   0x00000010   Data   RW          371    .data               rtx_conf_cm.o
    0x20000098   0x00000004   Data   RW          372    .data               rtx_conf_cm.o
    0x2000009c   0x00000004   Data   RW          373    .data               rtx_conf_cm.o
    0x200000a0   0x00000004   Data   RW          402    .data               stm32f4xx_hal.o
    0x200000a4   0x00000004   Data   RW          806    .data               system_stm32f4xx.o
    0x200000a8   0x00000008   Data   RW          929    .data               RTX_CM4.lib(rt_cmsis.o)
    0x200000b0   0x00000004   Data   RW         1464    .data               RTX_CM4.lib(rt_time.o)
    0x200000b4   0x00000008   Data   RW         1505    .data               RTX_CM4.lib(rt_task.o)
    0x200000bc   0x00000008   Data   RW         1590    .data               RTX_CM4.lib(rt_system.o)
    0x200000c4   0x00000001   Data   RW         1971    .data               RTX_CM4.lib(hal_cm.o)
    0x200000c5   0x00000003   PAD
    0x200000c8   0x00000008   Data   RW         2019    .data               RTX_CM4.lib(rt_robin.o)
    0x200000d0   0x00000004   Data   RW         2391    .data               mc_w.l(stdout.o)
    0x200000d4   0x00000004   Data   RW         2403    .data               mc_w.l(errno.o)
    0x200000d8   0x00000078   Zero   RW            5    .bss                main.o
    0x20000150   0x00000070   Zero   RW          225    .bss                led_driver.o
    0x200001c0   0x00000024   Zero   RW          259    .bss                mail_controller.o
    0x200001e4   0x00000024   Zero   RW          260    .bss                mail_controller.o
    0x20000208   0x00000034   Zero   RW          261    .bss                mail_controller.o
    0x2000023c   0x00000034   Zero   RW          262    .bss                mail_controller.o
    0x20000270   0x00000044   Zero   RW          293    .bss                temperature.o
    0x200002b4   0x00000058   Zero   RW          320    .bss                lis3dsh.o
    0x2000030c   0x00000020   Zero   RW          347    .bss                rtx_conf_cm.o
    0x2000032c   0x00000178   Zero   RW          348    .bss                rtx_conf_cm.o
    0x200004a4   0x00000004   PAD
    0x200004a8   0x000012d0   Zero   RW          349    .bss                rtx_conf_cm.o
    0x20001778   0x000004e8   Zero   RW          350    .bss                rtx_conf_cm.o
    0x20001c60   0x00000084   Zero   RW          351    .bss                rtx_conf_cm.o
    0x20001ce4   0x0000001c   Zero   RW          352    .bss                rtx_conf_cm.o
    0x20001d00   0x00000034   Zero   RW         1504    .bss                RTX_CM4.lib(rt_task.o)
    0x20001d34   0x00000030   Zero   RW         1724    .bss                RTX_CM4.lib(rt_list.o)
    0x20001d64   0x00000004   PAD
    0x20001d68   0x00000400   Zero   RW          794    STACK               startup_stm32f407xx.o


==============================================================================

Image component sizes


      Code (inc. data)   RO Data    RW Data    ZI Data      Debug   Object Name

       320         30          0          4          0      10466   accelerometer.o
        40          4          0          0          0      27279   fput_debug.o
      1240         50         16         68        112       5588   led_driver.o
      1144        110          0          4         88       4787   lis3dsh.o
       328         10         40         48        176       3272   mail_controller.o
       608         40         16          8        120     398102   main.o
        28          6         68         28       6640       7258   rtx_conf_cm.o
        36          8        392          0       1024        832   startup_stm32f407xx.o
       380         26          0          4          0       4978   stm32f4xx_hal.o
      1984         46          0          0          0       7571   stm32f4xx_hal_adc.o
      1428         42          0          0          0       5706   stm32f4xx_hal_adc_ex.o
       560          8          0          0          0      32051   stm32f4xx_hal_cortex.o
      1260         12          8          0          0       5296   stm32f4xx_hal_dma.o
       840         48          0          0          0       4135   stm32f4xx_hal_gpio.o
      2052         58         16          0          0       5948   stm32f4xx_hal_rcc.o
      4398         40          0          0          0      14024   stm32f4xx_hal_spi.o
      7778        124          0          0          0      31024   stm32f4xx_hal_tim.o
      2680         22          0          0          0      11474   stm32f4xx_hal_tim_ex.o
       200         28         16          4          0       1535   system_stm32f4xx.o
       184         32          0          0         68       1569   temperature.o

    ----------------------------------------------------------------------
     27492        744        620        168       8232     582895   Object Totals
         0          0         32          0          0          0   (incl. Generated)
         4          0         16          0          4          0   (incl. Padding)

    ----------------------------------------------------------------------

      Code (inc. data)   RO Data    RW Data    ZI Data      Debug   Library Member Name

       268         24          0          1          0       4452   hal_cm.o
       408         34          0          0          0        816   hal_cm4.o
      1856        192          0          8          0      46113   rt_cmsis.o
       300         24          0          0          0       3383   rt_event.o
       530         34          0          0         48       8597   rt_list.o
       702         14          0          0          0       5063   rt_mailbox.o
       140          0          0          0          0       2045   rt_membox.o
       128          0          0          0          0       2419   rt_memory.o
        96         22          0          8          0       1230   rt_robin.o
        52          4          0          0          0        613   rt_semaphore.o
       298         52          0          8          0       6439   rt_system.o
      1216        174          0          8         52      10025   rt_task.o
         0          0          0          4          0        206   rt_time.o
         4          4          0          0          0        200   svc_table.o
       728        106        152          0          0        228   atan.o
        52          8          0          0          0        248   dunder.o
        24          0          0          0          0        124   fabs.o
        48          0          0          0          0        124   fpclassify.o
       248          0          0          0          0        152   poly.o
       122          0          0          0          0        148   sqrt.o
         0          0          0          0          0          0   entry.o
         0          0          0          0          0          0   entry10a.o
         0          0          0          0          0          0   entry11a.o
         8          4          0          0          0          0   entry2.o
         4          0          0          0          0          0   entry5.o
         0          0          0          0          0          0   entry7b.o
         0          0          0          0          0          0   entry8b.o
        12          6          0          4          0         68   errno.o
        30          0          0          0          0          0   handlers.o
        36          8          0          0          0         68   init.o
         0          0          0          0          0          0   iusefp.o
        30          0          0          0          0         68   llshl.o
        36          0          0          0          0         68   llsshr.o
        32          0          0          0          0         68   llushr.o
      2226         90          0          0          0        444   printfa.o
         0          0          0          4          0          0   stdout.o
        44          0          0          0          0         80   uidiv.o
        98          0          0          0          0         92   uldiv.o
        48          0          0          0          0         68   cdrcmple.o
        56          0          0          0          0         88   d2f.o
       334          0          0          0          0        148   dadd.o
       222          0          0          0          0        100   ddiv.o
       186          0          0          0          0        176   depilogue.o
        48          0          0          0          0         68   dfixul.o
        34          0          0          0          0         76   dflti.o
       228          0          0          0          0         96   dmul.o
       162          0          0          0          0        100   dsqrt.o
        38          0          0          0          0         68   f2d.o
       110          0          0          0          0        168   fepilogue.o

    ----------------------------------------------------------------------
     11272        800        152         48        104      94737   Library Totals
        30          0          0          3          4          0   (incl. Padding)

    ----------------------------------------------------------------------

      Code (inc. data)   RO Data    RW Data    ZI Data      Debug   Library Name

      5998        578          0         37        100      91601   RTX_CM4.lib
      1222        114        152          0          0       1024   m_wm.l
      2556        108          0          8          0        956   mc_w.l
      1466          0          0          0          0       1156   mf_w.l

    ----------------------------------------------------------------------
     11272        800        152         48        104      94737   Library Totals

    ----------------------------------------------------------------------

==============================================================================


      Code (inc. data)   RO Data    RW Data    ZI Data      Debug   

     38764       1544        772        216       8336     661596   Grand Totals
     38764       1544        772        216       8336     661596   ELF Image Totals
     38764       1544        772        216          0          0   ROM Totals

==============================================================================

    Total RO  Size (Code + RO Data)                39536 (  38.61kB)
    Total RW  Size (RW Data + ZI Data)              8552 (   8.35kB)
    Total ROM Size (Code + RO Data + RW Data)      39752 (  38.82kB)

==============================================================================

